Archive member included because of file (symbol)

/usr/local/CrossPack-AVR-20100115/lib/gcc/avr/4.3.3/avr5/libgcc.a(_udivmodqi4.o)
                              lcd.o (__udivmodqi4)
/usr/local/CrossPack-AVR-20100115/lib/gcc/avr/4.3.3/avr5/libgcc.a(_divmodhi4.o)
                              menu.o (__divmodhi4)
/usr/local/CrossPack-AVR-20100115/lib/gcc/avr/4.3.3/avr5/libgcc.a(_exit.o)
                              /usr/local/CrossPack-AVR-20100115/lib/gcc/avr/4.3.3/../../../../avr/lib/avr5/crtm3290.o (exit)
/usr/local/CrossPack-AVR-20100115/lib/gcc/avr/4.3.3/avr5/libgcc.a(_copy_data.o)
                              lcd.o (__do_copy_data)
/usr/local/CrossPack-AVR-20100115/lib/gcc/avr/4.3.3/avr5/libgcc.a(_clear_bss.o)
                              adc.o (__do_clear_bss)
/usr/local/CrossPack-AVR-20100115/lib/gcc/avr/4.3.3/avr5/libgcc.a(_udivmodhi4.o)
                              /usr/local/CrossPack-AVR-20100115/lib/gcc/avr/4.3.3/avr5/libgcc.a(_divmodhi4.o) (__udivmodhi4)
/usr/local/CrossPack-AVR-20100115/lib/gcc/avr/4.3.3/../../../../avr/lib/avr5/libc.a(strcpy_P.o)
                              lcd.o (strcpy_P)
/usr/local/CrossPack-AVR-20100115/lib/gcc/avr/4.3.3/../../../../avr/lib/avr5/libc.a(strlen_P.o)
                              lcd.o (strlen_P)
/usr/local/CrossPack-AVR-20100115/lib/gcc/avr/4.3.3/../../../../avr/lib/avr5/libc.a(memcpy.o)
                              lcd.o (memcpy)
/usr/local/CrossPack-AVR-20100115/lib/gcc/avr/4.3.3/../../../../avr/lib/avr5/libc.a(strcpy.o)
                              lcd.o (strcpy)
/usr/local/CrossPack-AVR-20100115/lib/gcc/avr/4.3.3/../../../../avr/lib/avr5/libc.a(eerd_byte_atmega3290.o)
                              menu.o (__eerd_byte_m3290)
/usr/local/CrossPack-AVR-20100115/lib/gcc/avr/4.3.3/../../../../avr/lib/avr5/libc.a(eewr_byte_atmega3290.o)
                              menu.o (__eewr_byte_m3290)

Allocating common symbols
Common symbol       size              file

rxbuf               0x52              uart.o
ping_mode           0x1               menu.o
menu                0xa               raven3290.o
temp_flag           0x1               menu.o
auto_temp           0x1               menu.o
ping_count          0x1               menu.o
timeout_flag        0x1               menu.o
temp_mode           0x1               menu.o
count               0x1               raven3290.o
timer_flag          0x1               timer.o
timeout_count       0x1               raven3290.o
ping_response       0x1               menu.o

Memory Configuration

Name             Origin             Length             Attributes
text             0x00000000         0x00020000         xr
data             0x00800060         0x0000ffa0         rw !x
eeprom           0x00810000         0x00010000         rw !x
fuse             0x00820000         0x00000400         rw !x
lock             0x00830000         0x00000400         rw !x
signature        0x00840000         0x00000400         rw !x
*default*        0x00000000         0xffffffff

Linker script and memory map

Address of section .data set to 0x800100
LOAD /usr/local/CrossPack-AVR-20100115/lib/gcc/avr/4.3.3/../../../../avr/lib/avr5/crtm3290.o
LOAD adc.o
LOAD key.o
LOAD lcd.o
LOAD raven3290.o
LOAD uart.o
LOAD menu.o
LOAD sleep.o
LOAD beep.o
LOAD temp.o
LOAD timer.o
LOAD relay.o
LOAD /usr/local/CrossPack-AVR-20100115/lib/gcc/avr/4.3.3/avr5/libgcc.a
LOAD /usr/local/CrossPack-AVR-20100115/lib/gcc/avr/4.3.3/../../../../avr/lib/avr5/libc.a
LOAD /usr/local/CrossPack-AVR-20100115/lib/gcc/avr/4.3.3/avr5/libgcc.a

.hash
 *(.hash)

.dynsym
 *(.dynsym)

.dynstr
 *(.dynstr)

.gnu.version
 *(.gnu.version)

.gnu.version_d
 *(.gnu.version_d)

.gnu.version_r
 *(.gnu.version_r)

.rel.init
 *(.rel.init)

.rela.init
 *(.rela.init)

.rel.text
 *(.rel.text)
 *(.rel.text.*)
 *(.rel.gnu.linkonce.t*)

.rela.text
 *(.rela.text)
 *(.rela.text.*)
 *(.rela.gnu.linkonce.t*)

.rel.fini
 *(.rel.fini)

.rela.fini
 *(.rela.fini)

.rel.rodata
 *(.rel.rodata)
 *(.rel.rodata.*)
 *(.rel.gnu.linkonce.r*)

.rela.rodata
 *(.rela.rodata)
 *(.rela.rodata.*)
 *(.rela.gnu.linkonce.r*)

.rel.data
 *(.rel.data)
 *(.rel.data.*)
 *(.rel.gnu.linkonce.d*)

.rela.data
 *(.rela.data)
 *(.rela.data.*)
 *(.rela.gnu.linkonce.d*)

.rel.ctors
 *(.rel.ctors)

.rela.ctors
 *(.rela.ctors)

.rel.dtors
 *(.rel.dtors)

.rela.dtors
 *(.rela.dtors)

.rel.got
 *(.rel.got)

.rela.got
 *(.rela.got)

.rel.bss
 *(.rel.bss)

.rela.bss
 *(.rela.bss)

.rel.plt
 *(.rel.plt)

.rela.plt
 *(.rela.plt)

.text           0x00000000     0x182e
 *(.vectors)
 .vectors       0x00000000       0x64 /usr/local/CrossPack-AVR-20100115/lib/gcc/avr/4.3.3/../../../../avr/lib/avr5/crtm3290.o
                0x00000000                __vectors
                0x00000000                __vector_default
 *(.vectors)
 *(.progmem.gcc*)
 *(.progmem*)
 .progmem.data  0x00000064       0xc9 lcd.o
 .progmem.data  0x0000012d      0x112 raven3290.o
                0x0000014a                menu_text4
                0x0000015b                menu_text7
                0x00000192                menu_items
                0x00000185                menu_text14
                0x0000017d                menu_text13
                0x00000155                menu_text6
                0x0000013d                menu_text2
                0x00000176                menu_text12
                0x0000012d                menu_text0
                0x0000018a                menu_text15
                0x00000170                menu_text11
                0x0000014f                menu_text5
                0x00000161                menu_text8
                0x00000142                menu_text3
                0x00000135                menu_text1
                0x0000016b                menu_text10
                0x00000166                menu_text9
 .progmem.data  0x0000023f        0x8 menu.o
 .progmem.data  0x00000247      0x1b2 temp.o
                0x000003fa                . = ALIGN (0x2)
 *fill*         0x000003f9        0x1 00
                0x000003fa                __trampolines_start = .
 *(.trampolines)
 .trampolines   0x000003fa        0x0 linker stubs
 *(.trampolines*)
                0x000003fa                __trampolines_end = .
 *(.jumptables)
 *(.jumptables*)
 *(.lowtext)
 *(.lowtext*)
                0x000003fa                __ctors_start = .
 *(.ctors)
                0x000003fa                __ctors_end = .
                0x000003fa                __dtors_start = .
 *(.dtors)
                0x000003fa                __dtors_end = .
 SORT(*)(.ctors)
 SORT(*)(.dtors)
 *(.init0)
 .init0         0x000003fa        0x0 /usr/local/CrossPack-AVR-20100115/lib/gcc/avr/4.3.3/../../../../avr/lib/avr5/crtm3290.o
                0x000003fa                __init
 *(.init0)
 *(.init1)
 *(.init1)
 *(.init2)
 .init2         0x000003fa        0xc /usr/local/CrossPack-AVR-20100115/lib/gcc/avr/4.3.3/../../../../avr/lib/avr5/crtm3290.o
 *(.init2)
 *(.init3)
 *(.init3)
 *(.init4)
 .init4         0x00000406       0x16 /usr/local/CrossPack-AVR-20100115/lib/gcc/avr/4.3.3/avr5/libgcc.a(_copy_data.o)
                0x00000406                __do_copy_data
 .init4         0x0000041c       0x10 /usr/local/CrossPack-AVR-20100115/lib/gcc/avr/4.3.3/avr5/libgcc.a(_clear_bss.o)
                0x0000041c                __do_clear_bss
 *(.init4)
 *(.init5)
 *(.init5)
 *(.init6)
 *(.init6)
 *(.init7)
 *(.init7)
 *(.init8)
 *(.init8)
 *(.init9)
 .init9         0x0000042c        0x8 /usr/local/CrossPack-AVR-20100115/lib/gcc/avr/4.3.3/../../../../avr/lib/avr5/crtm3290.o
 *(.init9)
 *(.text)
 .text          0x00000434        0x4 /usr/local/CrossPack-AVR-20100115/lib/gcc/avr/4.3.3/../../../../avr/lib/avr5/crtm3290.o
                0x00000434                __vector_1
                0x00000434                __vector_24
                0x00000434                __vector_12
                0x00000434                __bad_interrupt
                0x00000434                __vector_6
                0x00000434                __vector_3
                0x00000434                __vector_23
                0x00000434                __vector_11
                0x00000434                __vector_17
                0x00000434                __vector_19
                0x00000434                __vector_5
                0x00000434                __vector_4
                0x00000434                __vector_9
                0x00000434                __vector_21
                0x00000434                __vector_15
                0x00000434                __vector_8
                0x00000434                __vector_14
                0x00000434                __vector_10
                0x00000434                __vector_16
                0x00000434                __vector_18
                0x00000434                __vector_20
 .text          0x00000438       0xa6 adc.o
                0x00000480                adc_conversion_start
                0x000004a6                adc_result_get
                0x00000462                adc_deinit
                0x00000438                adc_init
 .text          0x000004de       0xb2 key.o
                0x00000570                key_init
                0x00000528                key_task
                0x00000556                get_button
                0x0000056a                key_deinit
                0x000004de                key_state_get
                0x0000054c                is_button
 .text          0x00000590      0x774 lcd.o
                0x00000b02                __vector_22
                0x00000c42                lcd_puta
                0x000006da                lcd_symbol_clr_group
                0x0000090a                lcd_num_putdec
                0x00000be0                lcd_single_print_dig
                0x0000062e                lcd_symbol_set
                0x00000bf4                lcd_puts_P
                0x0000065a                lcd_symbol_clr
                0x00000bd4                led_on
                0x00000590                lcd_deinit
                0x00000966                lcd_num_puthex
                0x00000ca4                lcd_puts
                0x0000072a                lcd_init
                0x000005b6                itobcd
                0x00000688                lcd_symbol_set_group
                0x00000bda                led_off
                0x00000aac                lcd_putchar
                0x000005d8                lcd_num_clr
 .text          0x00000d04      0x1ec raven3290.o
                0x00000d62                check_menu
                0x00000d9e                main
                0x00000d04                read_menu
                0x00000d24                check_main_menu
 .text          0x00000ef0      0x39e uart.o
                0x00000f1e                uart_get_from_circ_buf
                0x00000f7e                uart_get_char_rx
                0x00001118                uart_serial_rcv_frame
                0x00000f5c                ntohex
                0x00001018                __vector_13
                0x00000f4c                uart_circ_buf_has_char
                0x00000f3e                uart_clear_rx_buf
                0x00000efa                uart_add_to_circ_buf
                0x00000fc8                uart_init
                0x00000f68                itohex
                0x000010bc                uart_timeout_msg
                0x00001008                uart_send_byte
                0x00000ff8                uart_deinit
                0x00001068                uart_serial_send_frame
                0x00000ef0                uart_init_circ_buf
 .text          0x0000128e      0x2d0 menu.o
                0x00001348                menu_send_temp
                0x00001426                menu_read_temp
                0x00001320                menu_stop_temp
                0x00001446                menu_debug_mode
                0x000012a8                signed_dectoascii
                0x00001326                menu_send_ping
                0x000014c4                menu_run_sleep
                0x000013d8                menu_display_temp
                0x0000152c                eeprom_init
                0x000013bc                menu_clear_temp
                0x00001488                menu_ping_request
                0x000013a2                menu_prepare_temp
                0x0000128e                dectoascii
                0x0000131a                menu_stop_ping
 .text          0x0000155e       0x76 sleep.o
                0x000015a8                sleep_wakeup
                0x0000155e                sleep_now
                0x00001594                __vector_2
 .text          0x000015d4       0x50 beep.o
                0x000015d4                beep
 .text          0x00001624       0xc2 temp.o
                0x00001642                temp_deinit
                0x00001648                temp_get
                0x00001624                temp_init
 .text          0x000016e6       0x4e timer.o
                0x000016e6                timer_init
                0x00001716                __vector_7
                0x000016fa                timer_start
                0x0000170a                timer_stop
 .text          0x00001734       0x26 relay.o
                0x00001752                relay_on
                0x00001738                relay_toggle
                0x00001756                relay_off
                0x00001734                relay_init
 .text          0x0000175a        0x0 /usr/local/CrossPack-AVR-20100115/lib/gcc/avr/4.3.3/avr5/libgcc.a(_udivmodqi4.o)
 .text          0x0000175a        0x0 /usr/local/CrossPack-AVR-20100115/lib/gcc/avr/4.3.3/avr5/libgcc.a(_divmodhi4.o)
 .text          0x0000175a        0x0 /usr/local/CrossPack-AVR-20100115/lib/gcc/avr/4.3.3/avr5/libgcc.a(_exit.o)
 .text          0x0000175a        0x0 /usr/local/CrossPack-AVR-20100115/lib/gcc/avr/4.3.3/avr5/libgcc.a(_copy_data.o)
 .text          0x0000175a        0x0 /usr/local/CrossPack-AVR-20100115/lib/gcc/avr/4.3.3/avr5/libgcc.a(_clear_bss.o)
 .text          0x0000175a        0x0 /usr/local/CrossPack-AVR-20100115/lib/gcc/avr/4.3.3/avr5/libgcc.a(_udivmodhi4.o)
 .text          0x0000175a        0x0 /usr/local/CrossPack-AVR-20100115/lib/gcc/avr/4.3.3/../../../../avr/lib/avr5/libc.a(strcpy_P.o)
 .text          0x0000175a        0x0 /usr/local/CrossPack-AVR-20100115/lib/gcc/avr/4.3.3/../../../../avr/lib/avr5/libc.a(strlen_P.o)
 .text          0x0000175a        0x0 /usr/local/CrossPack-AVR-20100115/lib/gcc/avr/4.3.3/../../../../avr/lib/avr5/libc.a(memcpy.o)
 .text          0x0000175a        0x0 /usr/local/CrossPack-AVR-20100115/lib/gcc/avr/4.3.3/../../../../avr/lib/avr5/libc.a(strcpy.o)
 .text          0x0000175a        0x0 /usr/local/CrossPack-AVR-20100115/lib/gcc/avr/4.3.3/../../../../avr/lib/avr5/libc.a(eerd_byte_atmega3290.o)
 .text          0x0000175a        0x0 /usr/local/CrossPack-AVR-20100115/lib/gcc/avr/4.3.3/../../../../avr/lib/avr5/libc.a(eewr_byte_atmega3290.o)
                0x0000175a                . = ALIGN (0x2)
 *(.text.*)
 .text.libgcc   0x0000175a       0x18 /usr/local/CrossPack-AVR-20100115/lib/gcc/avr/4.3.3/avr5/libgcc.a(_udivmodqi4.o)
                0x0000175a                __udivmodqi4
 .text.libgcc   0x00001772       0x26 /usr/local/CrossPack-AVR-20100115/lib/gcc/avr/4.3.3/avr5/libgcc.a(_divmodhi4.o)
                0x00001772                __divmodhi4
                0x00001772                _div
 .text.libgcc   0x00001798        0x0 /usr/local/CrossPack-AVR-20100115/lib/gcc/avr/4.3.3/avr5/libgcc.a(_exit.o)
 .text.libgcc   0x00001798        0x0 /usr/local/CrossPack-AVR-20100115/lib/gcc/avr/4.3.3/avr5/libgcc.a(_copy_data.o)
 .text.libgcc   0x00001798        0x0 /usr/local/CrossPack-AVR-20100115/lib/gcc/avr/4.3.3/avr5/libgcc.a(_clear_bss.o)
 .text.libgcc   0x00001798       0x28 /usr/local/CrossPack-AVR-20100115/lib/gcc/avr/4.3.3/avr5/libgcc.a(_udivmodhi4.o)
                0x00001798                __udivmodhi4
 .text.avr-libc
                0x000017c0        0xe /usr/local/CrossPack-AVR-20100115/lib/gcc/avr/4.3.3/../../../../avr/lib/avr5/libc.a(strcpy_P.o)
                0x000017c0                strcpy_P
 .text.avr-libc
                0x000017ce       0x12 /usr/local/CrossPack-AVR-20100115/lib/gcc/avr/4.3.3/../../../../avr/lib/avr5/libc.a(strlen_P.o)
                0x000017ce                strlen_P
 .text.avr-libc
                0x000017e0       0x12 /usr/local/CrossPack-AVR-20100115/lib/gcc/avr/4.3.3/../../../../avr/lib/avr5/libc.a(memcpy.o)
                0x000017e0                memcpy
 .text.avr-libc
                0x000017f2        0xe /usr/local/CrossPack-AVR-20100115/lib/gcc/avr/4.3.3/../../../../avr/lib/avr5/libc.a(strcpy.o)
                0x000017f2                strcpy
 .text.avr-libc
                0x00001800       0x10 /usr/local/CrossPack-AVR-20100115/lib/gcc/avr/4.3.3/../../../../avr/lib/avr5/libc.a(eerd_byte_atmega3290.o)
                0x00001800                __eerd_byte_m3290
 .text.avr-libc
                0x00001810       0x1a /usr/local/CrossPack-AVR-20100115/lib/gcc/avr/4.3.3/../../../../avr/lib/avr5/libc.a(eewr_byte_atmega3290.o)
                0x00001812                __eewr_r18_m3290
                0x00001810                __eewr_byte_m3290
                0x0000182a                . = ALIGN (0x2)
 *(.fini9)
 .fini9         0x0000182a        0x0 /usr/local/CrossPack-AVR-20100115/lib/gcc/avr/4.3.3/avr5/libgcc.a(_exit.o)
                0x0000182a                exit
                0x0000182a                _exit
 *(.fini9)
 *(.fini8)
 *(.fini8)
 *(.fini7)
 *(.fini7)
 *(.fini6)
 *(.fini6)
 *(.fini5)
 *(.fini5)
 *(.fini4)
 *(.fini4)
 *(.fini3)
 *(.fini3)
 *(.fini2)
 *(.fini2)
 *(.fini1)
 *(.fini1)
 *(.fini0)
 .fini0         0x0000182a        0x4 /usr/local/CrossPack-AVR-20100115/lib/gcc/avr/4.3.3/avr5/libgcc.a(_exit.o)
 *(.fini0)
                0x0000182e                _etext = .

.data           0x00800100       0x16 load address 0x0000182e
                0x00800100                PROVIDE (__data_start, .)
 *(.data)
 .data          0x00800100        0x0 /usr/local/CrossPack-AVR-20100115/lib/gcc/avr/4.3.3/../../../../avr/lib/avr5/crtm3290.o
 .data          0x00800100        0x0 adc.o
 .data          0x00800100        0x0 key.o
 .data          0x00800100        0x2 lcd.o
 .data          0x00800102        0x0 raven3290.o
 .data          0x00800102       0x14 uart.o
 .data          0x00800116        0x0 menu.o
 .data          0x00800116        0x0 sleep.o
 .data          0x00800116        0x0 beep.o
 .data          0x00800116        0x0 temp.o
 .data          0x00800116        0x0 timer.o
 .data          0x00800116        0x0 relay.o
 .data          0x00800116        0x0 /usr/local/CrossPack-AVR-20100115/lib/gcc/avr/4.3.3/avr5/libgcc.a(_udivmodqi4.o)
 .data          0x00800116        0x0 /usr/local/CrossPack-AVR-20100115/lib/gcc/avr/4.3.3/avr5/libgcc.a(_divmodhi4.o)
 .data          0x00800116        0x0 /usr/local/CrossPack-AVR-20100115/lib/gcc/avr/4.3.3/avr5/libgcc.a(_exit.o)
 .data          0x00800116        0x0 /usr/local/CrossPack-AVR-20100115/lib/gcc/avr/4.3.3/avr5/libgcc.a(_copy_data.o)
 .data          0x00800116        0x0 /usr/local/CrossPack-AVR-20100115/lib/gcc/avr/4.3.3/avr5/libgcc.a(_clear_bss.o)
 .data          0x00800116        0x0 /usr/local/CrossPack-AVR-20100115/lib/gcc/avr/4.3.3/avr5/libgcc.a(_udivmodhi4.o)
 .data          0x00800116        0x0 /usr/local/CrossPack-AVR-20100115/lib/gcc/avr/4.3.3/../../../../avr/lib/avr5/libc.a(strcpy_P.o)
 .data          0x00800116        0x0 /usr/local/CrossPack-AVR-20100115/lib/gcc/avr/4.3.3/../../../../avr/lib/avr5/libc.a(strlen_P.o)
 .data          0x00800116        0x0 /usr/local/CrossPack-AVR-20100115/lib/gcc/avr/4.3.3/../../../../avr/lib/avr5/libc.a(memcpy.o)
 .data          0x00800116        0x0 /usr/local/CrossPack-AVR-20100115/lib/gcc/avr/4.3.3/../../../../avr/lib/avr5/libc.a(strcpy.o)
 .data          0x00800116        0x0 /usr/local/CrossPack-AVR-20100115/lib/gcc/avr/4.3.3/../../../../avr/lib/avr5/libc.a(eerd_byte_atmega3290.o)
 .data          0x00800116        0x0 /usr/local/CrossPack-AVR-20100115/lib/gcc/avr/4.3.3/../../../../avr/lib/avr5/libc.a(eewr_byte_atmega3290.o)
 *(.data*)
 *(.rodata)
 *(.rodata*)
 *(.gnu.linkonce.d*)
                0x00800116                . = ALIGN (0x2)
                0x00800116                _edata = .
                0x00800116                PROVIDE (__data_end, .)

.bss            0x00800116       0x88
                0x00800116                PROVIDE (__bss_start, .)
 *(.bss)
 .bss           0x00800116        0x0 /usr/local/CrossPack-AVR-20100115/lib/gcc/avr/4.3.3/../../../../avr/lib/avr5/crtm3290.o
 .bss           0x00800116        0x2 adc.o
 .bss           0x00800118        0x0 key.o
 .bss           0x00800118       0x1d lcd.o
 .bss           0x00800135        0x1 raven3290.o
                0x00800135                button
 .bss           0x00800136        0x0 uart.o
 .bss           0x00800136        0x0 menu.o
 .bss           0x00800136        0x0 sleep.o
 .bss           0x00800136        0x0 beep.o
 .bss           0x00800136        0x1 temp.o
                0x00800136                temp_initialized
 .bss           0x00800137        0x0 timer.o
 .bss           0x00800137        0x1 relay.o
 .bss           0x00800138        0x0 /usr/local/CrossPack-AVR-20100115/lib/gcc/avr/4.3.3/avr5/libgcc.a(_udivmodqi4.o)
 .bss           0x00800138        0x0 /usr/local/CrossPack-AVR-20100115/lib/gcc/avr/4.3.3/avr5/libgcc.a(_divmodhi4.o)
 .bss           0x00800138        0x0 /usr/local/CrossPack-AVR-20100115/lib/gcc/avr/4.3.3/avr5/libgcc.a(_exit.o)
 .bss           0x00800138        0x0 /usr/local/CrossPack-AVR-20100115/lib/gcc/avr/4.3.3/avr5/libgcc.a(_copy_data.o)
 .bss           0x00800138        0x0 /usr/local/CrossPack-AVR-20100115/lib/gcc/avr/4.3.3/avr5/libgcc.a(_clear_bss.o)
 .bss           0x00800138        0x0 /usr/local/CrossPack-AVR-20100115/lib/gcc/avr/4.3.3/avr5/libgcc.a(_udivmodhi4.o)
 .bss           0x00800138        0x0 /usr/local/CrossPack-AVR-20100115/lib/gcc/avr/4.3.3/../../../../avr/lib/avr5/libc.a(strcpy_P.o)
 .bss           0x00800138        0x0 /usr/local/CrossPack-AVR-20100115/lib/gcc/avr/4.3.3/../../../../avr/lib/avr5/libc.a(strlen_P.o)
 .bss           0x00800138        0x0 /usr/local/CrossPack-AVR-20100115/lib/gcc/avr/4.3.3/../../../../avr/lib/avr5/libc.a(memcpy.o)
 .bss           0x00800138        0x0 /usr/local/CrossPack-AVR-20100115/lib/gcc/avr/4.3.3/../../../../avr/lib/avr5/libc.a(strcpy.o)
 .bss           0x00800138        0x0 /usr/local/CrossPack-AVR-20100115/lib/gcc/avr/4.3.3/../../../../avr/lib/avr5/libc.a(eerd_byte_atmega3290.o)
 .bss           0x00800138        0x0 /usr/local/CrossPack-AVR-20100115/lib/gcc/avr/4.3.3/../../../../avr/lib/avr5/libc.a(eewr_byte_atmega3290.o)
 *(.bss*)
 *(COMMON)
 COMMON         0x00800138        0xc raven3290.o
                0x00800138                menu
                0x00800142                count
                0x00800143                timeout_count
 COMMON         0x00800144       0x52 uart.o
                0x00800144                rxbuf
 COMMON         0x00800196        0x7 menu.o
                0x00800196                ping_mode
                0x00800197                temp_flag
                0x00800198                auto_temp
                0x00800199                ping_count
                0x0080019a                timeout_flag
                0x0080019b                temp_mode
                0x0080019c                ping_response
 COMMON         0x0080019d        0x1 timer.o
                0x0080019d                timer_flag
                0x0080019e                PROVIDE (__bss_end, .)
                0x0000182e                __data_load_start = LOADADDR (.data)
                0x00001844                __data_load_end = (__data_load_start + SIZEOF (.data))

.noinit         0x0080019e        0x0
                0x0080019e                PROVIDE (__noinit_start, .)
 *(.noinit*)
                0x0080019e                PROVIDE (__noinit_end, .)
                0x0080019e                _end = .
                0x0080019e                PROVIDE (__heap_start, .)

.eeprom         0x00810000        0x0
 *(.eeprom*)
                0x00810000                __eeprom_end = .

.fuse           0x00820000        0x3
 *(.fuse)
 .fuse          0x00820000        0x3 raven3290.o
                0x00820000                __fuse
 *(.lfuse)
 *(.hfuse)
 *(.efuse)

.lock
 *(.lock*)

.signature
 *(.signature*)

.stab           0x00000000      0x9fc
 *(.stab)
 .stab          0x00000000      0x6b4 /usr/local/CrossPack-AVR-20100115/lib/gcc/avr/4.3.3/../../../../avr/lib/avr5/crtm3290.o
 .stab          0x000006b4       0x6c /usr/local/CrossPack-AVR-20100115/lib/gcc/avr/4.3.3/../../../../avr/lib/avr5/libc.a(strcpy_P.o)
                                 0x78 (size before relaxing)
 .stab          0x00000720       0x84 /usr/local/CrossPack-AVR-20100115/lib/gcc/avr/4.3.3/../../../../avr/lib/avr5/libc.a(strlen_P.o)
                                 0x90 (size before relaxing)
 .stab          0x000007a4       0x84 /usr/local/CrossPack-AVR-20100115/lib/gcc/avr/4.3.3/../../../../avr/lib/avr5/libc.a(memcpy.o)
                                 0x90 (size before relaxing)
 .stab          0x00000828       0x6c /usr/local/CrossPack-AVR-20100115/lib/gcc/avr/4.3.3/../../../../avr/lib/avr5/libc.a(strcpy.o)
                                 0x78 (size before relaxing)
 .stab          0x00000894       0x90 /usr/local/CrossPack-AVR-20100115/lib/gcc/avr/4.3.3/../../../../avr/lib/avr5/libc.a(eerd_byte_atmega3290.o)
                                 0x9c (size before relaxing)
 .stab          0x00000924       0xd8 /usr/local/CrossPack-AVR-20100115/lib/gcc/avr/4.3.3/../../../../avr/lib/avr5/libc.a(eewr_byte_atmega3290.o)
                                 0xe4 (size before relaxing)

.stabstr        0x00000000      0x2b4
 *(.stabstr)
 .stabstr       0x00000000      0x2b4 /usr/local/CrossPack-AVR-20100115/lib/gcc/avr/4.3.3/../../../../avr/lib/avr5/crtm3290.o

.stab.excl
 *(.stab.excl)

.stab.exclstr
 *(.stab.exclstr)

.stab.index
 *(.stab.index)

.stab.indexstr
 *(.stab.indexstr)

.comment
 *(.comment)

.debug
 *(.debug)

.line
 *(.line)

.debug_srcinfo
 *(.debug_srcinfo)

.debug_sfnames
 *(.debug_sfnames)

.debug_aranges  0x00000000      0x160
 *(.debug_aranges)
 .debug_aranges
                0x00000000       0x20 adc.o
 .debug_aranges
                0x00000020       0x20 key.o
 .debug_aranges
                0x00000040       0x20 lcd.o
 .debug_aranges
                0x00000060       0x20 raven3290.o
 .debug_aranges
                0x00000080       0x20 uart.o
 .debug_aranges
                0x000000a0       0x20 menu.o
 .debug_aranges
                0x000000c0       0x20 sleep.o
 .debug_aranges
                0x000000e0       0x20 beep.o
 .debug_aranges
                0x00000100       0x20 temp.o
 .debug_aranges
                0x00000120       0x20 timer.o
 .debug_aranges
                0x00000140       0x20 relay.o

.debug_pubnames
                0x00000000      0x7c3
 *(.debug_pubnames)
 .debug_pubnames
                0x00000000       0x5a adc.o
 .debug_pubnames
                0x0000005a       0x6a key.o
 .debug_pubnames
                0x000000c4      0x140 lcd.o
 .debug_pubnames
                0x00000204      0x18c raven3290.o
 .debug_pubnames
                0x00000390      0x14e uart.o
 .debug_pubnames
                0x000004de      0x18d menu.o
 .debug_pubnames
                0x0000066b       0x40 sleep.o
 .debug_pubnames
                0x000006ab       0x1b beep.o
 .debug_pubnames
                0x000006c6       0x52 temp.o
 .debug_pubnames
                0x00000718       0x5e timer.o
 .debug_pubnames
                0x00000776       0x4d relay.o

.debug_info     0x00000000     0x2b26
 *(.debug_info)
 .debug_info    0x00000000      0x252 adc.o
 .debug_info    0x00000252      0x264 key.o
 .debug_info    0x000004b6      0xde0 lcd.o
 .debug_info    0x00001296      0x5ed raven3290.o
 .debug_info    0x00001883      0x6be uart.o
 .debug_info    0x00001f41      0x4f7 menu.o
 .debug_info    0x00002438      0x108 sleep.o
 .debug_info    0x00002540       0xa4 beep.o
 .debug_info    0x000025e4      0x379 temp.o
 .debug_info    0x0000295d       0xd4 timer.o
 .debug_info    0x00002a31       0xf5 relay.o
 *(.gnu.linkonce.wi.*)

.debug_abbrev   0x00000000      0xd98
 *(.debug_abbrev)
 .debug_abbrev  0x00000000       0xce adc.o
 .debug_abbrev  0x000000ce       0xbb key.o
 .debug_abbrev  0x00000189      0x2a8 lcd.o
 .debug_abbrev  0x00000431      0x179 raven3290.o
 .debug_abbrev  0x000005aa      0x2db uart.o
 .debug_abbrev  0x00000885      0x17f menu.o
 .debug_abbrev  0x00000a04       0xaa sleep.o
 .debug_abbrev  0x00000aae       0x6d beep.o
 .debug_abbrev  0x00000b1b      0x192 temp.o
 .debug_abbrev  0x00000cad       0x59 timer.o
 .debug_abbrev  0x00000d06       0x92 relay.o

.debug_line     0x00000000     0x1bd0
 *(.debug_line)
 .debug_line    0x00000000      0x178 adc.o
 .debug_line    0x00000178      0x1da key.o
 .debug_line    0x00000352      0x662 lcd.o
 .debug_line    0x000009b4      0x345 raven3290.o
 .debug_line    0x00000cf9      0x51e uart.o
 .debug_line    0x00001217      0x461 menu.o
 .debug_line    0x00001678      0x135 sleep.o
 .debug_line    0x000017ad      0x108 beep.o
 .debug_line    0x000018b5      0x19f temp.o
 .debug_line    0x00001a54       0xb9 timer.o
 .debug_line    0x00001b0d       0xc3 relay.o

.debug_frame    0x00000000      0x5b0
 *(.debug_frame)
 .debug_frame   0x00000000       0x50 adc.o
 .debug_frame   0x00000050       0x70 key.o
 .debug_frame   0x000000c0      0x170 lcd.o
 .debug_frame   0x00000230       0x50 raven3290.o
 .debug_frame   0x00000280      0x100 uart.o
 .debug_frame   0x00000380       0xf0 menu.o
 .debug_frame   0x00000470       0x40 sleep.o
 .debug_frame   0x000004b0       0x20 beep.o
 .debug_frame   0x000004d0       0x40 temp.o
 .debug_frame   0x00000510       0x50 timer.o
 .debug_frame   0x00000560       0x50 relay.o

.debug_str      0x00000000     0x1226
 *(.debug_str)
 .debug_str     0x00000000      0x2b7 adc.o
                                0x301 (size before relaxing)
 .debug_str     0x000002b7       0xab key.o
                                0x2fb (size before relaxing)
 .debug_str     0x00000362      0x968 lcd.o
                                0xa49 (size before relaxing)
 .debug_str     0x00000cca      0x18e raven3290.o
                                0x50d (size before relaxing)
 .debug_str     0x00000e58      0x15a uart.o
                                0x4a0 (size before relaxing)
 .debug_str     0x00000fb2      0x116 menu.o
                                0x4cf (size before relaxing)
 .debug_str     0x000010c8       0x2a sleep.o
                                0x100 (size before relaxing)
 .debug_str     0x000010f2        0xc beep.o
                                 0xc8 (size before relaxing)
 .debug_str     0x000010fe       0xc0 temp.o
                                0x362 (size before relaxing)
 .debug_str     0x000011be       0x35 timer.o
                                 0xff (size before relaxing)
 .debug_str     0x000011f3       0x33 relay.o
                                 0xf2 (size before relaxing)

.debug_loc      0x00000000      0xe07
 *(.debug_loc)
 .debug_loc     0x00000000       0x31 adc.o
 .debug_loc     0x00000031       0x8e key.o
 .debug_loc     0x000000bf      0x769 lcd.o
 .debug_loc     0x00000828       0x26 raven3290.o
 .debug_loc     0x0000084e      0x288 uart.o
 .debug_loc     0x00000ad6      0x253 menu.o
 .debug_loc     0x00000d29       0xde temp.o

.debug_macinfo
 *(.debug_macinfo)
OUTPUT(ravenlcd_3290.elf elf32-avr)
LOAD linker stubs

Cross Reference Table

Symbol                                            File
__bad_interrupt                                   /usr/local/CrossPack-AVR-20100115/lib/gcc/avr/4.3.3/../../../../avr/lib/avr5/crtm3290.o
__bss_end                                         /usr/local/CrossPack-AVR-20100115/lib/gcc/avr/4.3.3/avr5/libgcc.a(_clear_bss.o)
__bss_start                                       /usr/local/CrossPack-AVR-20100115/lib/gcc/avr/4.3.3/avr5/libgcc.a(_clear_bss.o)
__data_end                                        /usr/local/CrossPack-AVR-20100115/lib/gcc/avr/4.3.3/avr5/libgcc.a(_copy_data.o)
__data_load_start                                 /usr/local/CrossPack-AVR-20100115/lib/gcc/avr/4.3.3/avr5/libgcc.a(_copy_data.o)
__data_start                                      /usr/local/CrossPack-AVR-20100115/lib/gcc/avr/4.3.3/avr5/libgcc.a(_copy_data.o)
__divmodhi4                                       /usr/local/CrossPack-AVR-20100115/lib/gcc/avr/4.3.3/avr5/libgcc.a(_divmodhi4.o)
                                                  menu.o
__do_clear_bss                                    /usr/local/CrossPack-AVR-20100115/lib/gcc/avr/4.3.3/avr5/libgcc.a(_clear_bss.o)
                                                  relay.o
                                                  timer.o
                                                  temp.o
                                                  menu.o
                                                  uart.o
                                                  raven3290.o
                                                  lcd.o
                                                  adc.o
__do_copy_data                                    /usr/local/CrossPack-AVR-20100115/lib/gcc/avr/4.3.3/avr5/libgcc.a(_copy_data.o)
                                                  uart.o
                                                  lcd.o
__eerd_byte_m3290                                 /usr/local/CrossPack-AVR-20100115/lib/gcc/avr/4.3.3/../../../../avr/lib/avr5/libc.a(eerd_byte_atmega3290.o)
                                                  menu.o
__eewr_byte_m3290                                 /usr/local/CrossPack-AVR-20100115/lib/gcc/avr/4.3.3/../../../../avr/lib/avr5/libc.a(eewr_byte_atmega3290.o)
                                                  menu.o
__eewr_r18_m3290                                  /usr/local/CrossPack-AVR-20100115/lib/gcc/avr/4.3.3/../../../../avr/lib/avr5/libc.a(eewr_byte_atmega3290.o)
__fuse                                            raven3290.o
__heap_end                                        /usr/local/CrossPack-AVR-20100115/lib/gcc/avr/4.3.3/../../../../avr/lib/avr5/crtm3290.o
__init                                            /usr/local/CrossPack-AVR-20100115/lib/gcc/avr/4.3.3/../../../../avr/lib/avr5/crtm3290.o
__stack                                           /usr/local/CrossPack-AVR-20100115/lib/gcc/avr/4.3.3/../../../../avr/lib/avr5/crtm3290.o
__udivmodhi4                                      /usr/local/CrossPack-AVR-20100115/lib/gcc/avr/4.3.3/avr5/libgcc.a(_udivmodhi4.o)
                                                  /usr/local/CrossPack-AVR-20100115/lib/gcc/avr/4.3.3/avr5/libgcc.a(_divmodhi4.o)
__udivmodqi4                                      /usr/local/CrossPack-AVR-20100115/lib/gcc/avr/4.3.3/avr5/libgcc.a(_udivmodqi4.o)
                                                  menu.o
                                                  lcd.o
__vector_1                                        /usr/local/CrossPack-AVR-20100115/lib/gcc/avr/4.3.3/../../../../avr/lib/avr5/crtm3290.o
__vector_10                                       /usr/local/CrossPack-AVR-20100115/lib/gcc/avr/4.3.3/../../../../avr/lib/avr5/crtm3290.o
__vector_11                                       /usr/local/CrossPack-AVR-20100115/lib/gcc/avr/4.3.3/../../../../avr/lib/avr5/crtm3290.o
__vector_12                                       /usr/local/CrossPack-AVR-20100115/lib/gcc/avr/4.3.3/../../../../avr/lib/avr5/crtm3290.o
__vector_13                                       uart.o
                                                  /usr/local/CrossPack-AVR-20100115/lib/gcc/avr/4.3.3/../../../../avr/lib/avr5/crtm3290.o
__vector_14                                       /usr/local/CrossPack-AVR-20100115/lib/gcc/avr/4.3.3/../../../../avr/lib/avr5/crtm3290.o
__vector_15                                       /usr/local/CrossPack-AVR-20100115/lib/gcc/avr/4.3.3/../../../../avr/lib/avr5/crtm3290.o
__vector_16                                       /usr/local/CrossPack-AVR-20100115/lib/gcc/avr/4.3.3/../../../../avr/lib/avr5/crtm3290.o
__vector_17                                       /usr/local/CrossPack-AVR-20100115/lib/gcc/avr/4.3.3/../../../../avr/lib/avr5/crtm3290.o
__vector_18                                       /usr/local/CrossPack-AVR-20100115/lib/gcc/avr/4.3.3/../../../../avr/lib/avr5/crtm3290.o
__vector_19                                       /usr/local/CrossPack-AVR-20100115/lib/gcc/avr/4.3.3/../../../../avr/lib/avr5/crtm3290.o
__vector_2                                        sleep.o
                                                  /usr/local/CrossPack-AVR-20100115/lib/gcc/avr/4.3.3/../../../../avr/lib/avr5/crtm3290.o
__vector_20                                       /usr/local/CrossPack-AVR-20100115/lib/gcc/avr/4.3.3/../../../../avr/lib/avr5/crtm3290.o
__vector_21                                       /usr/local/CrossPack-AVR-20100115/lib/gcc/avr/4.3.3/../../../../avr/lib/avr5/crtm3290.o
__vector_22                                       lcd.o
                                                  /usr/local/CrossPack-AVR-20100115/lib/gcc/avr/4.3.3/../../../../avr/lib/avr5/crtm3290.o
__vector_23                                       /usr/local/CrossPack-AVR-20100115/lib/gcc/avr/4.3.3/../../../../avr/lib/avr5/crtm3290.o
__vector_24                                       /usr/local/CrossPack-AVR-20100115/lib/gcc/avr/4.3.3/../../../../avr/lib/avr5/crtm3290.o
__vector_3                                        /usr/local/CrossPack-AVR-20100115/lib/gcc/avr/4.3.3/../../../../avr/lib/avr5/crtm3290.o
__vector_4                                        /usr/local/CrossPack-AVR-20100115/lib/gcc/avr/4.3.3/../../../../avr/lib/avr5/crtm3290.o
__vector_5                                        /usr/local/CrossPack-AVR-20100115/lib/gcc/avr/4.3.3/../../../../avr/lib/avr5/crtm3290.o
__vector_6                                        /usr/local/CrossPack-AVR-20100115/lib/gcc/avr/4.3.3/../../../../avr/lib/avr5/crtm3290.o
__vector_7                                        timer.o
                                                  /usr/local/CrossPack-AVR-20100115/lib/gcc/avr/4.3.3/../../../../avr/lib/avr5/crtm3290.o
__vector_8                                        /usr/local/CrossPack-AVR-20100115/lib/gcc/avr/4.3.3/../../../../avr/lib/avr5/crtm3290.o
__vector_9                                        /usr/local/CrossPack-AVR-20100115/lib/gcc/avr/4.3.3/../../../../avr/lib/avr5/crtm3290.o
__vector_default                                  /usr/local/CrossPack-AVR-20100115/lib/gcc/avr/4.3.3/../../../../avr/lib/avr5/crtm3290.o
__vectors                                         /usr/local/CrossPack-AVR-20100115/lib/gcc/avr/4.3.3/../../../../avr/lib/avr5/crtm3290.o
_div                                              /usr/local/CrossPack-AVR-20100115/lib/gcc/avr/4.3.3/avr5/libgcc.a(_divmodhi4.o)
_exit                                             /usr/local/CrossPack-AVR-20100115/lib/gcc/avr/4.3.3/avr5/libgcc.a(_exit.o)
adc_conversion_start                              adc.o
                                                  temp.o
                                                  key.o
adc_deinit                                        adc.o
                                                  temp.o
                                                  key.o
adc_init                                          adc.o
                                                  temp.o
                                                  key.o
adc_result_get                                    adc.o
                                                  temp.o
                                                  key.o
auto_temp                                         menu.o
                                                  raven3290.o
beep                                              beep.o
                                                  uart.o
button                                            raven3290.o
                                                  key.o
check_main_menu                                   raven3290.o
check_menu                                        raven3290.o
count                                             raven3290.o
dectoascii                                        menu.o
                                                  uart.o
eeprom_init                                       menu.o
                                                  raven3290.o
exit                                              /usr/local/CrossPack-AVR-20100115/lib/gcc/avr/4.3.3/avr5/libgcc.a(_exit.o)
                                                  /usr/local/CrossPack-AVR-20100115/lib/gcc/avr/4.3.3/../../../../avr/lib/avr5/crtm3290.o
get_button                                        key.o
                                                  menu.o
                                                  raven3290.o
is_button                                         key.o
                                                  menu.o
                                                  raven3290.o
itobcd                                            lcd.o
itohex                                            uart.o
key_deinit                                        key.o
                                                  menu.o
key_init                                          key.o
                                                  temp.o
                                                  menu.o
                                                  raven3290.o
key_state_get                                     key.o
                                                  menu.o
key_task                                          key.o
lcd_deinit                                        lcd.o
                                                  menu.o
lcd_init                                          lcd.o
                                                  menu.o
                                                  raven3290.o
lcd_num_clr                                       lcd.o
                                                  menu.o
                                                  raven3290.o
lcd_num_putdec                                    lcd.o
                                                  menu.o
lcd_num_puthex                                    lcd.o
lcd_puta                                          lcd.o
lcd_putchar                                       lcd.o
lcd_puts                                          lcd.o
                                                  uart.o
lcd_puts_P                                        lcd.o
                                                  menu.o
                                                  raven3290.o
lcd_single_print_dig                              lcd.o
                                                  menu.o
                                                  uart.o
lcd_symbol_clr                                    lcd.o
                                                  menu.o
                                                  uart.o
lcd_symbol_clr_group                              lcd.o
lcd_symbol_set                                    lcd.o
                                                  menu.o
                                                  uart.o
                                                  raven3290.o
lcd_symbol_set_group                              lcd.o
led_off                                           lcd.o
                                                  menu.o
                                                  uart.o
led_on                                            lcd.o
                                                  menu.o
                                                  uart.o
main                                              raven3290.o
                                                  /usr/local/CrossPack-AVR-20100115/lib/gcc/avr/4.3.3/../../../../avr/lib/avr5/crtm3290.o
memcpy                                            /usr/local/CrossPack-AVR-20100115/lib/gcc/avr/4.3.3/../../../../avr/lib/avr5/libc.a(memcpy.o)
                                                  lcd.o
menu                                              raven3290.o
menu_clear_temp                                   menu.o
                                                  raven3290.o
menu_debug_mode                                   menu.o
                                                  raven3290.o
menu_display_temp                                 menu.o
                                                  raven3290.o
menu_items                                        raven3290.o
menu_ping_request                                 menu.o
                                                  raven3290.o
menu_prepare_temp                                 menu.o
                                                  raven3290.o
menu_read_temp                                    menu.o
                                                  raven3290.o
menu_run_sleep                                    menu.o
menu_send_ping                                    menu.o
                                                  raven3290.o
menu_send_temp                                    menu.o
                                                  raven3290.o
menu_stop_ping                                    menu.o
                                                  raven3290.o
menu_stop_temp                                    menu.o
                                                  raven3290.o
menu_text0                                        raven3290.o
menu_text1                                        raven3290.o
menu_text10                                       raven3290.o
menu_text11                                       raven3290.o
menu_text12                                       raven3290.o
menu_text13                                       raven3290.o
menu_text14                                       raven3290.o
menu_text15                                       raven3290.o
menu_text2                                        raven3290.o
menu_text3                                        raven3290.o
menu_text4                                        raven3290.o
menu_text5                                        raven3290.o
menu_text6                                        raven3290.o
menu_text7                                        raven3290.o
menu_text8                                        raven3290.o
menu_text9                                        raven3290.o
ntohex                                            uart.o
ping_count                                        menu.o
ping_mode                                         menu.o
                                                  raven3290.o
ping_response                                     menu.o
                                                  uart.o
read_menu                                         raven3290.o
relay_init                                        relay.o
                                                  raven3290.o
relay_off                                         relay.o
                                                  uart.o
relay_on                                          relay.o
                                                  uart.o
relay_toggle                                      relay.o
                                                  uart.o
rxbuf                                             sleep.o
                                                  uart.o
signed_dectoascii                                 menu.o
sleep_now                                         sleep.o
                                                  menu.o
sleep_wakeup                                      sleep.o
                                                  menu.o
strcpy                                            /usr/local/CrossPack-AVR-20100115/lib/gcc/avr/4.3.3/../../../../avr/lib/avr5/libc.a(strcpy.o)
                                                  lcd.o
strcpy_P                                          /usr/local/CrossPack-AVR-20100115/lib/gcc/avr/4.3.3/../../../../avr/lib/avr5/libc.a(strcpy_P.o)
                                                  lcd.o
strlen_P                                          /usr/local/CrossPack-AVR-20100115/lib/gcc/avr/4.3.3/../../../../avr/lib/avr5/libc.a(strlen_P.o)
                                                  lcd.o
temp_deinit                                       temp.o
temp_flag                                         menu.o
                                                  raven3290.o
temp_get                                          temp.o
                                                  menu.o
temp_init                                         temp.o
                                                  menu.o
                                                  raven3290.o
temp_initialized                                  temp.o
temp_mode                                         menu.o
timeout_count                                     raven3290.o
timeout_flag                                      menu.o
                                                  uart.o
                                                  raven3290.o
timer_flag                                        timer.o
                                                  raven3290.o
timer_init                                        timer.o
                                                  raven3290.o
timer_start                                       timer.o
                                                  raven3290.o
timer_stop                                        timer.o
uart_add_to_circ_buf                              uart.o
uart_circ_buf_has_char                            uart.o
uart_clear_rx_buf                                 uart.o
uart_deinit                                       uart.o
uart_get_char_rx                                  uart.o
                                                  sleep.o
uart_get_from_circ_buf                            uart.o
uart_init                                         uart.o
                                                  raven3290.o
uart_init_circ_buf                                uart.o
uart_send_byte                                    uart.o
                                                  sleep.o
uart_serial_rcv_frame                             uart.o
                                                  sleep.o
                                                  raven3290.o
uart_serial_send_frame                            uart.o
                                                  menu.o
uart_timeout_msg                                  uart.o
