Archive member included because of file (symbol)

contiki-avr-raven.a(webserver-nogui)
                              webserver6.co (webserver_nogui_process)
contiki-avr-raven.a(httpd.o)  contiki-avr-raven.a(webserver-nogui) (httpd_init)
contiki-avr-raven.a(httpd-fs.o)
                              contiki-avr-raven.a(httpd.o) (httpd_fs_open)
contiki-avr-raven.a(httpd-cgi.o)
                              contiki-avr-raven.a(httpd.o) (httpd_cgi_init)
contiki-avr-raven.a(contiki-raven-m)
                              contiki-avr-raven.a(webserver-nogui) (log_message)
contiki-avr-raven.a(contiki-raven-d)
                              contiki-avr-raven.a(contiki-raven-m) (init_net)
contiki-avr-raven.a(clock.o)  contiki-avr-raven.a(contiki-raven-m) (clock_init)
contiki-avr-raven.a(rs232.o)  contiki-avr-raven.a(contiki-raven-m) (rs232_init)
contiki-avr-raven.a(sicslowmac.o)
                              contiki-avr-raven.a(contiki-raven-m) (mac_process)
contiki-avr-raven.a(process.o)
                              contiki-avr-raven.a(httpd-cgi.o) (process_list)
contiki-avr-raven.a(procinit.o)
                              contiki-avr-raven.a(contiki-raven-m) (procinit_init)
contiki-avr-raven.a(autostart.o)
                              contiki-avr-raven.a(contiki-raven-m) (autostart_start)
contiki-avr-raven.a(memb.o)   contiki-avr-raven.a(httpd.o) (memb_alloc)
contiki-avr-raven.a(etimer.o)
                              contiki-avr-raven.a(clock.o) (etimer_pending)
contiki-avr-raven.a(uip6.o)   contiki-avr-raven.a(httpd-cgi.o) (uip_conns)
contiki-avr-raven.a(tcpip.o)  contiki-avr-raven.a(httpd.o) (tcp_attach)
contiki-avr-raven.a(psock.o)  contiki-avr-raven.a(httpd.o) (psock_datalen)
contiki-avr-raven.a(uip-split.o)
                              contiki-avr-raven.a(tcpip.o) (uip_split_output)
contiki-avr-raven.a(uip-icmp6.o)
                              contiki-avr-raven.a(uip6.o) (uip_icmp6_error_output)
contiki-avr-raven.a(uip-nd6.o)
                              contiki-avr-raven.a(tcpip.o) (uip_nd6_choose_defrouter)
contiki-avr-raven.a(uip-nd6-io.o)
                              contiki-avr-raven.a(uip6.o) (uip_nd6_io_ra_input)
contiki-avr-raven.a(uip-netif.o)
                              contiki-avr-raven.a(uip6.o) (uip_netif_select_src)
contiki-avr-raven.a(sicslowpan.o)
                              contiki-avr-raven.a(sicslowmac.o) (sicslowpan_init)
contiki-avr-raven.a(raven-lcd.o)
                              contiki-avr-raven.a(contiki-raven-m) (send_relay_on)
contiki-avr-raven.a(relay-switch.o)
                              contiki-avr-raven.a(contiki-raven-m) (raven_relay_process)
contiki-avr-raven.a(watchdog.o)
                              contiki-avr-raven.a(sicslowpan.o) (watchdog_periodic)
contiki-avr-raven.a(radio.o)  contiki-avr-raven.a(sicslowmac.o) (radio_use_auto_tx_crc)
contiki-avr-raven.a(hal.o)    contiki-avr-raven.a(radio.o) (hal_init)
contiki-avr-raven.a(frame.o)  contiki-avr-raven.a(radio.o) (rx_frame_parse)
contiki-avr-raven.a(mac.o)    contiki-avr-raven.a(sicslowmac.o) (mac_init)
contiki-avr-raven.a(ieee-15-4-manag)
                              contiki-avr-raven.a(sicslowmac.o) (ieee_15_4_init)
contiki-avr-raven.a(packetbuf.o)
                              contiki-avr-raven.a(sicslowmac.o) (packetbuf_set_datalen)
contiki-avr-raven.a(queuebuf.o)
                              contiki-avr-raven.a(sicslowpan.o) (queuebuf_to_packetbuf)
contiki-avr-raven.a(rimeaddr.o)
                              contiki-avr-raven.a(sicslowpan.o) (rimeaddr_copy)
contiki-avr-raven.a(timer.o)  contiki-avr-raven.a(etimer.o) (timer_reset)
contiki-avr-raven.a(stimer.o)
                              contiki-avr-raven.a(uip-nd6-io.o) (stimer_remaining)
contiki-avr-raven.a(random.o)
                              contiki-avr-raven.a(uip-nd6.o) (random_rand)
contiki-avr-raven.a(uip-udp-packet.)
                              contiki-avr-raven.a(relay-switch.o) (uip_udp_packet_send)
/usr/local/CrossPack-AVR-20100115/lib/gcc/avr/4.3.3/avr51/libgcc.a(_mulsi3.o)
                              contiki-avr-raven.a(uip-netif.o) (__mulsi3)
/usr/local/CrossPack-AVR-20100115/lib/gcc/avr/4.3.3/avr51/libgcc.a(_udivmodhi4.o)
                              contiki-avr-raven.a(httpd-cgi.o) (__udivmodhi4)
/usr/local/CrossPack-AVR-20100115/lib/gcc/avr/4.3.3/avr51/libgcc.a(_divmodhi4.o)
                              contiki-avr-raven.a(sicslowmac.o) (__divmodhi4)
/usr/local/CrossPack-AVR-20100115/lib/gcc/avr/4.3.3/avr51/libgcc.a(_udivmodsi4.o)
                              contiki-avr-raven.a(httpd-cgi.o) (__udivmodsi4)
/usr/local/CrossPack-AVR-20100115/lib/gcc/avr/4.3.3/avr51/libgcc.a(_exit.o)
                              /usr/local/CrossPack-AVR-20100115/lib/gcc/avr/4.3.3/../../../../avr/lib/avr51/crtm1284p.o (exit)
/usr/local/CrossPack-AVR-20100115/lib/gcc/avr/4.3.3/avr51/libgcc.a(_clear_bss.o)
                              contiki-avr-raven.a(httpd.o) (__do_clear_bss)
[...]
Memory Configuration

Name             Origin             Length             Attributes
text             0x00000000         0x00020000         xr
data             0x00800060         0x0000ffa0         rw !x
eeprom           0x00810000         0x00010000         rw !x
fuse             0x00820000         0x00000400         rw !x
lock             0x00830000         0x00000400         rw !x
signature        0x00840000         0x00000400         rw !x
*default*        0x00000000         0xffffffff

Linker script and memory map

Address of section .data set to 0x800100
LOAD /usr/local/CrossPack-AVR-20100115/lib/gcc/avr/4.3.3/../../../../avr/lib/avr51/crtm1284p.o
Address of section .bootloader set to 0x1fc00
LOAD webserver6.co
LOAD symbols.o
LOAD contiki-avr-raven.a
LOAD /usr/local/CrossPack-AVR-20100115/lib/gcc/avr/4.3.3/avr51/libgcc.a
LOAD /usr/local/CrossPack-AVR-20100115/lib/gcc/avr/4.3.3/../../../../avr/lib/avr51/libc.a
LOAD /usr/local/CrossPack-AVR-20100115/lib/gcc/avr/4.3.3/avr51/libgcc.a

.hash
 *(.hash)

.dynsym
 *(.dynsym)

.dynstr
 *(.dynstr)

.gnu.version
 *(.gnu.version)

.gnu.version_d
 *(.gnu.version_d)

.gnu.version_r
 *(.gnu.version_r)

.rel.init
 *(.rel.init)

.rela.init
 *(.rela.init)

.rel.text
 *(.rel.text)
 *(.rel.text.*)
 *(.rel.gnu.linkonce.t*)

.rela.text
 *(.rela.text)
 *(.rela.text.*)
 *(.rela.gnu.linkonce.t*)

.rel.fini
 *(.rel.fini)

.rela.fini
 *(.rela.fini)

.rel.rodata
 *(.rel.rodata)
 *(.rel.rodata.*)
 *(.rel.gnu.linkonce.r*)

.rela.rodata
 *(.rela.rodata)
 *(.rela.rodata.*)
 *(.rela.gnu.linkonce.r*)

.rel.data
 *(.rel.data)
 *(.rel.data.*)
 *(.rel.gnu.linkonce.d*)

.rela.data
 *(.rela.data)
 *(.rela.data.*)
 *(.rela.gnu.linkonce.d*)

.rel.ctors
 *(.rel.ctors)

.rela.ctors
 *(.rela.ctors)

.rel.dtors
 *(.rel.dtors)

.rela.dtors
 *(.rela.dtors)

.rel.got
 *(.rel.got)

.rela.got
 *(.rela.got)

.rel.bss
 *(.rel.bss)

.rela.bss
 *(.rela.bss)

.rel.plt
 *(.rel.plt)

.rela.plt
 *(.rela.plt)

.text           0x00000000     0xdcee
 *(.vectors)
 .vectors       0x00000000       0x8c /usr/local/CrossPack-AVR-20100115/lib/gcc/avr/4.3.3/../../../../avr/lib/avr51/crtm1284p.o
                0x00000000                __vectors
                0x00000000                __vector_default
 *(.vectors)
 *(.progmem.gcc*)
 *(.progmem*)
 .progmem.data  0x0000008c      0x112 contiki-avr-raven.a(httpd.o)
                0x000000dd                httpd_content
                0x00000195                httpd_ref
                0x00000171                httpd_404fn
                0x0000008c                httpd_http
                0x0000015e                httpd_shtml
                0x0000012b                httpd_mime_jpg
                0x0000017b                httpd_404notf
                0x00000141                httpd_mime_bin
                0x00000189                httpd_200ok
                0x000000fb                http_css
                0x00000121                httpd_mime_gif
                0x00000104                httpd_mime_htm
                0x00000190                httpd_get
                0x00000117                httpd_mime_png
                0x00000096                httpd_server
                0x00000165                httpd_indexfn
                0x0000010e                httpd_mime_css
                0x00000136                httpd_mime_txt
                0x000000ec                httpd_crlf
                0x000000f1                http_htm
                0x0000015a                httpd_jpg
 .progmem.data  0x0000019e     0x11db contiki-avr-raven.a(httpd-fs.o)
                0x00001341                file_index_html
                0x00000399                data_files_shtml
                0x00001169                data_tcp_shtml
                0x000008f2                data_robots_txt
                0x0000124e                data_upload_html
                0x00000469                data_header_html
                0x00001321                file_favicon_png
                0x00001351                file_robots_txt
                0x00001331                file_footer_html
                0x00001319                file_404_html
                0x00001339                file_header_html
                0x0000022a                data_favicon_png
                0x00001329                file_files_shtml
                0x00001359                file_sensor_shtml
                0x00000831                data_processes_shtml
                0x0000019e                data_404_html
                0x00001371                file_upload_html
                0x0000096f                data_style_css
                0x00001369                file_tcp_shtml
                0x00000918                data_sensor_shtml
                0x0000077c                data_index_html
                0x00000447                data_footer_html
                0x00001361                file_style_css
                0x00001349                file_processes_shtml
 .progmem.data  0x00001379      0x23f contiki-avr-raven.a(httpd-cgi.o)
 .progmem.data  0x000015b8      0x10c contiki-avr-raven.a(contiki-raven-m)
 .progmem.data  0x000016c4       0x17 contiki-avr-raven.a(raven-lcd.o)
                0x000016dc                . = ALIGN (0x2)
 *fill*         0x000016db        0x1 00
                0x000016dc                __trampolines_start = .
 *(.trampolines)
 .trampolines   0x000016dc        0x0 linker stubs
 *(.trampolines*)
                0x000016dc                __trampolines_end = .
 *(.jumptables)
 *(.jumptables*)
 *(.lowtext)
 *(.lowtext*)
                0x000016dc                __ctors_start = .
 *(.ctors)
                0x000016dc                __ctors_end = .
                0x000016dc                __dtors_start = .
 *(.dtors)
                0x000016dc                __dtors_end = .
 SORT(*)(.ctors)
 SORT(*)(.dtors)
 *(.init0)
 .init0         0x000016dc        0x0 /usr/local/CrossPack-AVR-20100115/lib/gcc/avr/4.3.3/../../../../avr/lib/avr51/crtm1284p.o
                0x000016dc                __init
 *(.init0)
 *(.init1)
 *(.init1)
 *(.init2)
 .init2         0x000016dc        0xc /usr/local/CrossPack-AVR-20100115/lib/gcc/avr/4.3.3/../../../../avr/lib/avr51/crtm1284p.o
 *(.init2)
 *(.init3)
 *(.init3)
 *(.init4)
 .init4         0x000016e8       0x1a /usr/local/CrossPack-AVR-20100115/lib/gcc/avr/4.3.3/../../../../avr/lib/avr51/crtm1284p.o
                0x000016e8                __do_copy_data
 .init4         0x00001702       0x10 /usr/local/CrossPack-AVR-20100115/lib/gcc/avr/4.3.3/avr51/libgcc.a(_clear_bss.o)
                0x00001702                __do_clear_bss
 *(.init4)
 *(.init5)
 *(.init5)
 *(.init6)
 *(.init6)
 *(.init7)
 *(.init7)
 *(.init8)
 *(.init8)
 *(.init9)
 .init9         0x00001712        0x8 /usr/local/CrossPack-AVR-20100115/lib/gcc/avr/4.3.3/../../../../avr/lib/avr51/crtm1284p.o
 *(.init9)
 *(.text)
 .text          0x0000171a        0x4 /usr/local/CrossPack-AVR-20100115/lib/gcc/avr/4.3.3/../../../../avr/lib/avr51/crtm1284p.o
                0x0000171a                __vector_1
                0x0000171a                __vector_32
                0x0000171a                __vector_34
                0x0000171a                __vector_24
                0x0000171a                __bad_interrupt
                0x0000171a                __vector_6
                0x0000171a                __vector_31
                0x0000171a                __vector_3
                0x0000171a                __vector_23
                0x0000171a                __vector_25
                0x0000171a                __vector_11
                0x0000171a                __vector_13
                0x0000171a                __vector_17
                0x0000171a                __vector_19
                0x0000171a                __vector_7
                0x0000171a                __vector_27
                0x0000171a                __vector_5
                0x0000171a                __vector_33
                0x0000171a                __vector_4
                0x0000171a                __vector_9
                0x0000171a                __vector_2
                0x0000171a                __vector_21
                0x0000171a                __vector_29
                0x0000171a                __vector_8
                0x0000171a                __vector_26
                0x0000171a                __vector_14
                0x0000171a                __vector_10
                0x0000171a                __vector_18
 .text          0x0000171e        0x0 webserver6.co
 .text          0x0000171e        0x0 symbols.o
 .text          0x0000171e      0x108 contiki-avr-raven.a(webserver-nogui)
                0x00001764                webserver_log
                0x0000176e                webserver_log_file
 .text          0x00001826      0xa4a contiki-avr-raven.a(httpd.o)
                0x00001896                httpd_init
                0x000021ae                httpd_appcall
                0x00001826                get_scriptname
 .text          0x00002270       0xd8 contiki-avr-raven.a(httpd-fs.o)
                0x00002276                httpd_fs_get_size
                0x00002270                httpd_fs_get_root
                0x0000227c                httpd_fs_init
                0x0000227e                httpd_fs_open
 .text          0x00002348      0xb9c contiki-avr-raven.a(httpd-cgi.o)
                0x00002eb8                web_set_temp
                0x00002e8c                web_set_voltage
                0x000023a6                httpd_cgi_sprint_ip6
                0x00002352                httpd_cgi_add
                0x00002e38                httpd_cgi
                0x00002384                httpd_cgi_init
 .text          0x00002ee4      0x5ba contiki-avr-raven.a(contiki-raven-m)
                0x0000341c                main
                0x00002f1e                initialize
                0x00002ee4                log_message
 .text          0x0000349e        0x2 contiki-avr-raven.a(contiki-raven-d)
                0x0000349e                init_net
 .text          0x000034a0      0x18c contiki-avr-raven.a(clock.o)
                0x000034a0                clock_init
                0x00003508                clock_wait
                0x00003544                clock_seconds
                0x000034f2                clock_delay
                0x00003542                clock_set_seconds
                0x000034d8                clock_time
                0x00003574                __vector_16
 .text          0x0000362c      0x2da contiki-avr-raven.a(rs232.o)
                0x0000362c                __vector_22
                0x000036c0                __vector_28
                0x00003854                rs232_stdout_putchar
                0x0000389a                rs232_printf
                0x000037f0                rs232_send
                0x00003888                rs232_redirect_stdout
                0x000036a8                __vector_30
                0x00003724                rs232_init
                0x0000375e                rs232_print_p
                0x0000383a                slip_arch_writeb
                0x000037a6                rs232_print
                0x0000381c                rs232_set_input
                0x00003644                __vector_20
 .text          0x00003906      0x574 contiki-avr-raven.a(sicslowmac.o)
                0x000039b6                mac_wake
                0x000039fe                sicslowmac_resetRequest
                0x000039d8                byte_reverse
                0x00003d9e                mac_pollhandler
                0x000039d2                sicslowmac_get_driver
                0x000039bc                mac_sleep
                0x00003cae                sicslowmac_dataIndication
                0x000039c8                sicslowmac_get_frame
                0x00003d4a                mac_task
                0x00003a78                sicslowmac_dataRequest
                0x0000396e                mac_get_event
                0x00003c04                sicslowmac_unknownIndication
                0x00003906                mac_event_pending
                0x00003918                mac_put_event
                0x000039c2                sicslowmac_init
 .text          0x00003e7a      0x366 contiki-avr-raven.a(process.o)
                0x000040f4                process_post
                0x000040e2                process_nevents
                0x0000415a                process_start
                0x0000413c                process_post_synch
                0x000041b4                process_poll
                0x00003e7a                process_alloc_event
                0x00003fa4                process_exit
                0x000041cc                process_is_running
                0x00003fb2                process_init
                0x00004010                process_run
 .text          0x000041e0       0x20 contiki-avr-raven.a(procinit.o)
                0x000041e0                procinit_init
 .text          0x00004200       0x38 contiki-avr-raven.a(autostart.o)
                0x00004200                autostart_exit
                0x0000421a                autostart_start
 .text          0x00004238      0x144 contiki-avr-raven.a(memb.o)
                0x00004238                memb_alloc
                0x00004294                memb_free
                0x00004336                memb_init
                0x000042f0                memb_inmemb
 .text          0x0000437c      0x2e4 contiki-avr-raven.a(etimer.o)
                0x000043ac                etimer_pending
                0x00004634                etimer_reset
                0x0000464a                etimer_set
                0x00004496                etimer_adjust
                0x0000461e                etimer_restart
                0x000043a4                etimer_start_time
                0x000043c2                etimer_next_expiration_time
                0x000044aa                etimer_request_poll
                0x00004392                etimer_expiration_time
                0x00004446                etimer_stop
                0x0000437c                etimer_expired
 .text          0x00004660     0x1726 contiki-avr-raven.a(uip6.o)
                0x000048cc                uip_unlisten
                0x00004660                uip_add32
                0x00004aa8                uip_process
                0x00004732                uip_ipchksum
                0x00005c1e                uip_udp_new
                0x00004906                uip_listen
                0x000047a8                uip_icmp6chksum
                0x000047b0                uip_tcpchksum
                0x000047c0                uip_connect
                0x00004978                htonl
                0x0000471c                uip_chksum
                0x00004970                htons
                0x00005d04                uip_init
                0x000047b8                uip_udpchksum
                0x000049b2                uip_send
 .text          0x00005d86      0x7a0 contiki-avr-raven.a(tcpip.o)
                0x00005da4                tcp_attach
                0x00006436                udp_broadcast_new
                0x00005db8                udp_attach
                0x00005e58                tcpip_uipcall
                0x00005d86                tcpip_output
                0x000064a6                tcp_listen
                0x00005f28                tcpip_poll_tcp
                0x00005efa                tcpip_icmp6_call
                0x000064ea                tcp_connect
                0x00005f44                tcpip_ipv6_output
                0x00005dfa                tcp_unlisten
                0x00005dcc                icmp6_new
                0x00005ede                tcpip_input
                0x00005d9a                tcpip_set_outputfunc
                0x00005f36                tcpip_poll_udp
                0x0000640e                udp_new
 .text          0x00006526      0x3f8 contiki-avr-raven.a(psock.o)
                0x000067d0                psock_generator_send
                0x00006538                psock_newdata
                0x00006526                psock_datalen
                0x00006854                psock_send
                0x00006692                psock_readbuf
                0x00006670                psock_init
                0x00006562                psock_readto
 .text          0x0000691e       0xda contiki-avr-raven.a(uip-split.o)
                0x0000691e                uip_split_output
 .text          0x000069f8      0x27e contiki-avr-raven.a(uip-icmp6.o)
                0x000069f8                uip_icmp6_error_output
                0x00006b9c                uip_icmp6_echo_request_input
 .text          0x00006c76      0x8cc contiki-avr-raven.a(uip-nd6.o)
                0x00006c76                uip_nd6_defrouter_lookup
                0x00006d90                uip_nd6_periodic
                0x00007346                uip_nd6_nbrcache_add
                0x0000746a                uip_nd6_init
                0x00007014                uip_nd6_prefix_add
                0x00006ce0                uip_nd6_choose_defrouter
                0x00006d74                uip_nd6_defrouter_rm
                0x0000725a                uip_nd6_is_addr_onlink
                0x00007116                uip_nd6_defrouter_add
                0x00006d8a                uip_nd6_prefix_rm
                0x000071d6                uip_nd6_prefix_lookup
                0x000072c4                uip_nd6_nbrcache_lookup
 .text          0x00007542     0x1074 contiki-avr-raven.a(uip-nd6-io.o)
                0x000081a6                uip_nd6_io_ns_input
                0x00007542                uip_nd6_io_ra_input
                0x00007bd6                uip_nd6_io_rs_output
                0x00007d42                uip_nd6_io_ns_output
                0x00007ee4                uip_nd6_io_na_input
 .text          0x000085b6      0x752 contiki-avr-raven.a(uip-netif.o)
                0x000087d8                uip_netif_addr_lookup
                0x000086e6                uip_netif_sched_send_rs
                0x000085b6                get_match_length
                0x00008706                uip_netif_sched_dad
                0x00008882                uip_netif_is_addr_my_solicited
                0x00008b26                uip_netif_addr_add
                0x0000897c                uip_netif_addr_autoconf_set
                0x000086ac                uip_netif_send_rs
                0x0000873c                uip_netif_compute_reachable_time
                0x000089a6                uip_netif_init
                0x0000889a                uip_netif_dad
                0x0000879c                uip_netif_dad_failed
                0x00008c7c                uip_netif_periodic
                0x000085f4                uip_netif_select_src
 .text          0x00008d08     0x12ea contiki-avr-raven.a(sicslowpan.o)
                0x00008d08                sicslowpan_init
 .text          0x00009ff2      0x33c contiki-avr-raven.a(raven-lcd.o)
                0x0000a2bc                raven_lcd_serial_input
                0x0000a05c                send_relay_off
                0x0000a06a                send_relay_on
                0x0000a04e                send_relay_toggle
 .text          0x0000a32e      0x850 contiki-avr-raven.a(relay-switch.o)
 .text          0x0000ab7e        0xa contiki-avr-raven.a(watchdog.o)
                0x0000ab82                watchdog_periodic
                0x0000ab80                watchdog_start
                0x0000ab84                watchdog_stop
                0x0000ab86                watchdog_reboot
                0x0000ab7e                watchdog_init
 .text          0x0000ab88      0xa74 contiki-avr-raven.a(radio.o)
                0x0000b2fc                radio_set_operating_channel
                0x0000ab9a                radio_is_sleeping
                0x0000b28a                radio_batmon_get_voltage_threshold
                0x0000aba2                radio_reset_trx
                0x0000abb2                calibrate_rc_osc_32k
                0x0000aede                radio_set_pan_id
                0x0000b46c                radio_init
                0x0000afd8                radio_leave_sleep_mode
                0x0000b14e                radio_set_clock_speed
                0x0000ad90                radio_set_tx_power_level
                0x0000aef6                radio_get_extended_address
                0x0000b142                radio_get_clock_speed
                0x0000adb8                radio_configure_csma
                0x0000b402                radio_calibrate_pll
                0x0000b2d8                radio_get_cca_mode
                0x0000b2cc                radio_get_ed_threshold
                0x0000acce                radio_use_auto_tx_crc
                0x0000acea                radio_reset_state_machine
                0x0000b2e4                radio_get_tx_power_level
                0x0000b2f0                radio_get_operating_channel
                0x0000b3a6                radio_send_data
                0x0000af9e                radio_get_pan_id
                0x0000b262                radio_batmon_get_status
                0x0000b1a0                calibrate_rc_osc_clkm
                0x0000af7c                radio_get_short_address
                0x0000ab94                radio_get_saved_rssi_value
                0x0000ae28                radio_set_extended_address
                0x0000b028                radio_set_trx_state
                0x0000ab88                radio_frame_data
                0x0000ad0a                radio_batmon_configure
                0x0000acc0                radio_set_device_role
                0x0000ad52                radio_set_cca_mode
                0x0000ab8e                radio_frame_length
                0x0000b296                radio_get_rssi_value
                0x0000b27e                radio_batmon_get_voltage_range
                0x0000aec6                radio_set_short_address
                0x0000afc0                radio_get_device_role
                0x0000afcc                radio_get_trx_state
                0x0000b0fc                radio_calibrate_filter
                0x0000b002                radio_enter_sleep_mode
 .text          0x0000b5fc      0x5aa contiki-avr-raven.a(hal.o)
                0x0000b6c2                hal_clear_trx_end_event_handler
                0x0000b7ca                hal_subregister_read
                0x0000b674                hal_clear_bat_low_flag
                0x0000b9c6                hal_sram_read
                0x0000ba5c                __vector_12
                0x0000b6f0                hal_set_rx_start_event_handler
                0x0000b5fc                hal_reset_flags
                0x0000b69e                hal_set_trx_end_event_handler
                0x0000b738                hal_get_pll_lock_flag
                0x0000b97a                hal_frame_write
                0x0000b714                hal_clear_rx_start_event_handler
                0x0000b694                hal_get_trx_end_event_handler
                0x0000b794                hal_register_write
                0x0000ba12                hal_sram_write
                0x0000b66e                hal_get_bat_low_flag
                0x0000b7f0                hal_subregister_write
                0x0000b6e6                hal_get_rx_start_event_handler
                0x0000bb78                __vector_15
                0x0000b82e                hal_frame_read
                0x0000b73e                hal_clear_pll_lock_flag
                0x0000b75e                hal_register_read
                0x0000b630                hal_init
 .text          0x0000bba6      0x428 contiki-avr-raven.a(frame.o)
                0x0000bba6                rx_frame_parse
                0x0000bd3c                frame_tx_create
 .text          0x0000bfce      0x162 contiki-avr-raven.a(mac.o)
                0x0000bfce                mac_init
 .text          0x0000c130      0x236 contiki-avr-raven.a(ieee-15-4-manag)
                0x0000c1ec                ieee_15_4_init
 .text          0x0000c366      0x382 contiki-avr-raven.a(packetbuf.o)
                0x0000c58e                packetbuf_copyto
                0x0000c408                packetbuf_is_reference
                0x0000c56c                packetbuf_attr_copyto
                0x0000c69c                packetbuf_copyfrom
                0x0000c472                packetbuf_attr
                0x0000c3d2                packetbuf_set_datalen
                0x0000c434                packetbuf_datalen
                0x0000c54a                packetbuf_attr_copyfrom
                0x0000c42a                packetbuf_reference_ptr
                0x0000c366                packetbuf_clear_hdr
                0x0000c5fc                packetbuf_copyto_hdr
                0x0000c45c                packetbuf_set_attr
                0x0000c446                packetbuf_totlen
                0x0000c520                packetbuf_reference
                0x0000c36c                packetbuf_hdralloc
                0x0000c49a                packetbuf_set_addr
                0x0000c43e                packetbuf_hdrlen
                0x0000c484                packetbuf_addr
                0x0000c3f4                packetbuf_hdrptr
                0x0000c394                packetbuf_hdrreduce
                0x0000c3dc                packetbuf_dataptr
                0x0000c62e                packetbuf_compact
                0x0000c4f6                packetbuf_clear
                0x0000c4b4                packetbuf_attr_clear
 .text          0x0000c6e8      0x172 contiki-avr-raven.a(queuebuf.o)
                0x0000c6f0                queuebuf_dataptr
                0x0000c6e8                queuebuf_datalen
                0x0000c79e                queuebuf_free
                0x0000c848                queuebuf_init
                0x0000c7d6                queuebuf_new_from_packetbuf
                0x0000c72c                queuebuf_to_packetbuf
 .text          0x0000c85a       0x76 contiki-avr-raven.a(rimeaddr.o)
                0x0000c8ae                rimeaddr_set_node_addr
                0x0000c85a                rimeaddr_copy
                0x0000c87c                rimeaddr_cmp
 .text          0x0000c8d0       0x9e contiki-avr-raven.a(timer.o)
                0x0000c90e                timer_expired
                0x0000c8e4                timer_remaining
                0x0000c952                timer_set
                0x0000c93c                timer_restart
                0x0000c8d0                timer_reset
 .text          0x0000c96e      0x100 contiki-avr-raven.a(stimer.o)
                0x0000c992                stimer_remaining
                0x0000ca30                stimer_restart
                0x0000c96e                stimer_reset
                0x0000c9de                stimer_expired
                0x0000ca4a                stimer_set
 .text          0x0000ca6e        0xc contiki-avr-raven.a(random.o)
                0x0000ca6e                random_rand
                0x0000ca74                random_init
 .text          0x0000ca7a       0xc4 contiki-avr-raven.a(uip-udp-packet.)
                0x0000ca7a                uip_udp_packet_send
                0x0000cab8                uip_udp_packet_sendto
 .text          0x0000cb3e        0x0 /usr/local/CrossPack-AVR-20100115/lib/gcc/avr/4.3.3/avr51/libgcc.a(_mulsi3.o)
 .text          0x0000cb3e        0x0 /usr/local/CrossPack-AVR-20100115/lib/gcc/avr/4.3.3/avr51/libgcc.a(_udivmodhi4.o)
 .text          0x0000cb3e        0x0 /usr/local/CrossPack-AVR-20100115/lib/gcc/avr/4.3.3/avr51/libgcc.a(_divmodhi4.o)
 .text          0x0000cb3e        0x0 /usr/local/CrossPack-AVR-20100115/lib/gcc/avr/4.3.3/avr51/libgcc.a(_udivmodsi4.o)
 .text          0x0000cb3e        0x0 /usr/local/CrossPack-AVR-20100115/lib/gcc/avr/4.3.3/avr51/libgcc.a(_exit.o)
 .text          0x0000cb3e        0x0 /usr/local/CrossPack-AVR-20100115/lib/gcc/avr/4.3.3/avr51/libgcc.a(_clear_bss.o)
 .text          0x0000cb3e       0xfe /usr/local/CrossPack-AVR-20100115/lib/gcc/avr/4.3.3/avr51/libgcc.a(_lshrdi3.o)
                0x0000cb3e                __lshrdi3
 .text          0x0000cc3c       0x60 /usr/local/CrossPack-AVR-20100115/lib/gcc/avr/4.3.3/avr51/libgcc.a(_gt_sf.o)
                0x0000cc3c                __gtsf2
 .text          0x0000cc9c       0x60 /usr/local/CrossPack-AVR-20100115/lib/gcc/avr/4.3.3/avr51/libgcc.a(_lt_sf.o)
                0x0000cc9c                __ltsf2
 .text          0x0000ccfc       0xf2 /usr/local/CrossPack-AVR-20100115/lib/gcc/avr/4.3.3/avr51/libgcc.a(_usi_to_sf.o)
                0x0000ccfc                __floatunsisf
 .text          0x0000cdee        0x0 /usr/local/CrossPack-AVR-20100115/lib/gcc/avr/4.3.3/avr51/libgcc.a(_prologue.o)
 .text          0x0000cdee        0x0 /usr/local/CrossPack-AVR-20100115/lib/gcc/avr/4.3.3/avr51/libgcc.a(_epilogue.o)
 .text          0x0000cdee       0x9e /usr/local/CrossPack-AVR-20100115/lib/gcc/avr/4.3.3/avr51/libgcc.a(_clzsi2.o)
                0x0000cdee                __clzsi2
 .text          0x0000ce8c      0x1aa /usr/local/CrossPack-AVR-20100115/lib/gcc/avr/4.3.3/avr51/libgcc.a(_pack_sf.o)
                0x0000ce8c                __pack_f
 .text          0x0000d036       0xf0 /usr/local/CrossPack-AVR-20100115/lib/gcc/avr/4.3.3/avr51/libgcc.a(_unpack_sf.o)
                0x0000d036                __unpack_f
 .text          0x0000d126       0xb2 /usr/local/CrossPack-AVR-20100115/lib/gcc/avr/4.3.3/avr51/libgcc.a(_fpcmp_parts_sf.o)
                0x0000d126                __fpcmp_parts_f
 .text          0x0000d1d8        0x0 /usr/local/CrossPack-AVR-20100115/lib/gcc/avr/4.3.3/avr51/libgcc.a(_clz.o)
 .text          0x0000d1d8        0x0 /usr/local/CrossPack-AVR-20100115/lib/gcc/avr/4.3.3/../../../../avr/lib/avr51/libc.a(rand.o)
 .text          0x0000d1d8        0x0 /usr/local/CrossPack-AVR-20100115/lib/gcc/avr/4.3.3/../../../../avr/lib/avr51/libc.a(memcpy_P.o)
 .text          0x0000d1d8        0x0 /usr/local/CrossPack-AVR-20100115/lib/gcc/avr/4.3.3/../../../../avr/lib/avr51/libc.a(strchr_P.o)
 .text          0x0000d1d8        0x0 /usr/local/CrossPack-AVR-20100115/lib/gcc/avr/4.3.3/../../../../avr/lib/avr51/libc.a(strcmp_P.o)
 .text          0x0000d1d8        0x0 /usr/local/CrossPack-AVR-20100115/lib/gcc/avr/4.3.3/../../../../avr/lib/avr51/libc.a(strcpy_P.o)
 .text          0x0000d1d8        0x0 /usr/local/CrossPack-AVR-20100115/lib/gcc/avr/4.3.3/../../../../avr/lib/avr51/libc.a(strlen_P.o)
 .text          0x0000d1d8        0x0 /usr/local/CrossPack-AVR-20100115/lib/gcc/avr/4.3.3/../../../../avr/lib/avr51/libc.a(strncmp_P.o)
 .text          0x0000d1d8        0x0 /usr/local/CrossPack-AVR-20100115/lib/gcc/avr/4.3.3/../../../../avr/lib/avr51/libc.a(memcmp.o)
 .text          0x0000d1d8        0x0 /usr/local/CrossPack-AVR-20100115/lib/gcc/avr/4.3.3/../../../../avr/lib/avr51/libc.a(memcpy.o)
 .text          0x0000d1d8        0x0 /usr/local/CrossPack-AVR-20100115/lib/gcc/avr/4.3.3/../../../../avr/lib/avr51/libc.a(memmove.o)
 .text          0x0000d1d8        0x0 /usr/local/CrossPack-AVR-20100115/lib/gcc/avr/4.3.3/../../../../avr/lib/avr51/libc.a(memset.o)
 .text          0x0000d1d8        0x0 /usr/local/CrossPack-AVR-20100115/lib/gcc/avr/4.3.3/../../../../avr/lib/avr51/libc.a(strchr.o)
 .text          0x0000d1d8        0x0 /usr/local/CrossPack-AVR-20100115/lib/gcc/avr/4.3.3/../../../../avr/lib/avr51/libc.a(strcpy.o)
 .text          0x0000d1d8        0x0 /usr/local/CrossPack-AVR-20100115/lib/gcc/avr/4.3.3/../../../../avr/lib/avr51/libc.a(strncpy.o)
 .text          0x0000d1d8        0x0 /usr/local/CrossPack-AVR-20100115/lib/gcc/avr/4.3.3/../../../../avr/lib/avr51/libc.a(strrchr.o)
 .text          0x0000d1d8        0x0 /usr/local/CrossPack-AVR-20100115/lib/gcc/avr/4.3.3/../../../../avr/lib/avr51/libc.a(iob.o)
 .text          0x0000d1d8        0x0 /usr/local/CrossPack-AVR-20100115/lib/gcc/avr/4.3.3/../../../../avr/lib/avr51/libc.a(printf.o)
 .text          0x0000d1d8        0x0 /usr/local/CrossPack-AVR-20100115/lib/gcc/avr/4.3.3/../../../../avr/lib/avr51/libc.a(printf_p.o)
 .text          0x0000d1d8        0x0 /usr/local/CrossPack-AVR-20100115/lib/gcc/avr/4.3.3/../../../../avr/lib/avr51/libc.a(puts.o)
 .text          0x0000d1d8        0x0 /usr/local/CrossPack-AVR-20100115/lib/gcc/avr/4.3.3/../../../../avr/lib/avr51/libc.a(snprintf_p.o)
 .text          0x0000d1d8        0x0 /usr/local/CrossPack-AVR-20100115/lib/gcc/avr/4.3.3/../../../../avr/lib/avr51/libc.a(sprintf.o)
 .text          0x0000d1d8        0x0 /usr/local/CrossPack-AVR-20100115/lib/gcc/avr/4.3.3/../../../../avr/lib/avr51/libc.a(vsnprintf.o)
 .text          0x0000d1d8        0x0 /usr/local/CrossPack-AVR-20100115/lib/gcc/avr/4.3.3/../../../../avr/lib/avr51/libc.a(vfprintf_std.o)
 .text          0x0000d1d8        0x0 /usr/local/CrossPack-AVR-20100115/lib/gcc/avr/4.3.3/../../../../avr/lib/avr51/libc.a(eerd_block_atmega1284p.o)
 .text          0x0000d1d8        0x0 /usr/local/CrossPack-AVR-20100115/lib/gcc/avr/4.3.3/../../../../avr/lib/avr51/libc.a(eerd_byte_atmega1284p.o)
 .text          0x0000d1d8        0x0 /usr/local/CrossPack-AVR-20100115/lib/gcc/avr/4.3.3/../../../../avr/lib/avr51/libc.a(strnlen_P.o)
 .text          0x0000d1d8        0x0 /usr/local/CrossPack-AVR-20100115/lib/gcc/avr/4.3.3/../../../../avr/lib/avr51/libc.a(strnlen.o)
 .text          0x0000d1d8        0x0 /usr/local/CrossPack-AVR-20100115/lib/gcc/avr/4.3.3/../../../../avr/lib/avr51/libc.a(fputc.o)
 .text          0x0000d1d8        0x0 /usr/local/CrossPack-AVR-20100115/lib/gcc/avr/4.3.3/../../../../avr/lib/avr51/libc.a(ultoa_invert.o)
 .text          0x0000d1d8        0x0 /usr/local/CrossPack-AVR-20100115/lib/gcc/avr/4.3.3/avr51/libgcc.a(_divmodsi4.o)
                0x0000d1d8                . = ALIGN (0x2)
 *(.text.*)
 .text.libgcc   0x0000d1d8       0x3e /usr/local/CrossPack-AVR-20100115/lib/gcc/avr/4.3.3/avr51/libgcc.a(_mulsi3.o)
                0x0000d1d8                __mulsi3
 .text.libgcc   0x0000d216       0x28 /usr/local/CrossPack-AVR-20100115/lib/gcc/avr/4.3.3/avr51/libgcc.a(_udivmodhi4.o)
                0x0000d216                __udivmodhi4
 .text.libgcc   0x0000d23e       0x26 /usr/local/CrossPack-AVR-20100115/lib/gcc/avr/4.3.3/avr51/libgcc.a(_divmodhi4.o)
                0x0000d23e                __divmodhi4
                0x0000d23e                _div
 .text.libgcc   0x0000d264       0x44 /usr/local/CrossPack-AVR-20100115/lib/gcc/avr/4.3.3/avr51/libgcc.a(_udivmodsi4.o)
                0x0000d264                __udivmodsi4
 .text.libgcc   0x0000d2a8        0x0 /usr/local/CrossPack-AVR-20100115/lib/gcc/avr/4.3.3/avr51/libgcc.a(_exit.o)
 .text.libgcc   0x0000d2a8        0x0 /usr/local/CrossPack-AVR-20100115/lib/gcc/avr/4.3.3/avr51/libgcc.a(_clear_bss.o)
 .text.libgcc   0x0000d2a8       0x38 /usr/local/CrossPack-AVR-20100115/lib/gcc/avr/4.3.3/avr51/libgcc.a(_prologue.o)
                0x0000d2a8                __prologue_saves__
 .text.libgcc   0x0000d2e0       0x36 /usr/local/CrossPack-AVR-20100115/lib/gcc/avr/4.3.3/avr51/libgcc.a(_epilogue.o)
                0x0000d2e0                __epilogue_restores__
 .text.avr-libc
                0x0000d316       0xd6 /usr/local/CrossPack-AVR-20100115/lib/gcc/avr/4.3.3/../../../../avr/lib/avr51/libc.a(rand.o)
                0x0000d3c6                rand_r
                0x0000d3cc                rand
                0x0000d3d6                srand
 .text.avr-libc
                0x0000d3ec       0x12 /usr/local/CrossPack-AVR-20100115/lib/gcc/avr/4.3.3/../../../../avr/lib/avr51/libc.a(memcpy_P.o)
                0x0000d3ec                memcpy_P
 .text.avr-libc
                0x0000d3fe       0x16 /usr/local/CrossPack-AVR-20100115/lib/gcc/avr/4.3.3/../../../../avr/lib/avr51/libc.a(strchr_P.o)
                0x0000d3fe                strchr_P
 .text.avr-libc
                0x0000d414       0x12 /usr/local/CrossPack-AVR-20100115/lib/gcc/avr/4.3.3/../../../../avr/lib/avr51/libc.a(strcmp_P.o)
                0x0000d414                strcmp_P
 .text.avr-libc
                0x0000d426        0xe /usr/local/CrossPack-AVR-20100115/lib/gcc/avr/4.3.3/../../../../avr/lib/avr51/libc.a(strcpy_P.o)
                0x0000d426                strcpy_P
 .text.avr-libc
                0x0000d434       0x12 /usr/local/CrossPack-AVR-20100115/lib/gcc/avr/4.3.3/../../../../avr/lib/avr51/libc.a(strlen_P.o)
                0x0000d434                strlen_P
 .text.avr-libc
                0x0000d446       0x1c /usr/local/CrossPack-AVR-20100115/lib/gcc/avr/4.3.3/../../../../avr/lib/avr51/libc.a(strncmp_P.o)
                0x0000d446                strncmp_P
 .text.avr-libc
                0x0000d462       0x1a /usr/local/CrossPack-AVR-20100115/lib/gcc/avr/4.3.3/../../../../avr/lib/avr51/libc.a(memcmp.o)
                0x0000d462                memcmp
 .text.avr-libc
                0x0000d47c       0x12 /usr/local/CrossPack-AVR-20100115/lib/gcc/avr/4.3.3/../../../../avr/lib/avr51/libc.a(memcpy.o)
                0x0000d47c                memcpy
 .text.avr-libc
                0x0000d48e       0x24 /usr/local/CrossPack-AVR-20100115/lib/gcc/avr/4.3.3/../../../../avr/lib/avr51/libc.a(memmove.o)
                0x0000d48e                memmove
 .text.avr-libc
                0x0000d4b2        0xe /usr/local/CrossPack-AVR-20100115/lib/gcc/avr/4.3.3/../../../../avr/lib/avr51/libc.a(memset.o)
                0x0000d4b2                memset
 .text.avr-libc
                0x0000d4c0       0x16 /usr/local/CrossPack-AVR-20100115/lib/gcc/avr/4.3.3/../../../../avr/lib/avr51/libc.a(strchr.o)
                0x0000d4c0                strchr
 .text.avr-libc
                0x0000d4d6        0xe /usr/local/CrossPack-AVR-20100115/lib/gcc/avr/4.3.3/../../../../avr/lib/avr51/libc.a(strcpy.o)
                0x0000d4d6                strcpy
 .text.avr-libc
                0x0000d4e4       0x1e /usr/local/CrossPack-AVR-20100115/lib/gcc/avr/4.3.3/../../../../avr/lib/avr51/libc.a(strncpy.o)
                0x0000d4e4                strncpy
 .text.avr-libc
                0x0000d502       0x16 /usr/local/CrossPack-AVR-20100115/lib/gcc/avr/4.3.3/../../../../avr/lib/avr51/libc.a(strrchr.o)
                0x0000d502                strrchr
 .text.avr-libc
                0x0000d518       0x24 /usr/local/CrossPack-AVR-20100115/lib/gcc/avr/4.3.3/../../../../avr/lib/avr51/libc.a(printf.o)
                0x0000d518                printf
 .text.avr-libc
                0x0000d53c       0x46 /usr/local/CrossPack-AVR-20100115/lib/gcc/avr/4.3.3/../../../../avr/lib/avr51/libc.a(printf_p.o)
                0x0000d53c                printf_P
 .text.avr-libc
                0x0000d582       0x6a /usr/local/CrossPack-AVR-20100115/lib/gcc/avr/4.3.3/../../../../avr/lib/avr51/libc.a(puts.o)
                0x0000d582                puts
 .text.avr-libc
                0x0000d5ec       0x7c /usr/local/CrossPack-AVR-20100115/lib/gcc/avr/4.3.3/../../../../avr/lib/avr51/libc.a(snprintf_p.o)
                0x0000d5ec                snprintf_P
 .text.avr-libc
                0x0000d668       0x62 /usr/local/CrossPack-AVR-20100115/lib/gcc/avr/4.3.3/../../../../avr/lib/avr51/libc.a(sprintf.o)
                0x0000d668                sprintf
 .text.avr-libc
                0x0000d6ca       0x6e /usr/local/CrossPack-AVR-20100115/lib/gcc/avr/4.3.3/../../../../avr/lib/avr51/libc.a(vsnprintf.o)
                0x0000d6ca                vsnprintf
 .text.avr-libc
                0x0000d738      0x40c /usr/local/CrossPack-AVR-20100115/lib/gcc/avr/4.3.3/../../../../avr/lib/avr51/libc.a(vfprintf_std.o)
                0x0000d738                vfprintf
 .text.avr-libc
                0x0000db44       0x20 /usr/local/CrossPack-AVR-20100115/lib/gcc/avr/4.3.3/../../../../avr/lib/avr51/libc.a(eerd_block_atmega1284p.o)
                0x0000db48                __eerd_blraw_m1284p
                0x0000db44                __eerd_block_m1284p
 .text.avr-libc
                0x0000db64       0x10 /usr/local/CrossPack-AVR-20100115/lib/gcc/avr/4.3.3/../../../../avr/lib/avr51/libc.a(eerd_byte_atmega1284p.o)
                0x0000db64                __eerd_byte_m1284p
 .text.avr-libc
                0x0000db74       0x16 /usr/local/CrossPack-AVR-20100115/lib/gcc/avr/4.3.3/../../../../avr/lib/avr51/libc.a(strnlen_P.o)
                0x0000db74                strnlen_P
 .text.avr-libc
                0x0000db8a       0x16 /usr/local/CrossPack-AVR-20100115/lib/gcc/avr/4.3.3/../../../../avr/lib/avr51/libc.a(strnlen.o)
                0x0000db8a                strnlen
 .text.avr-libc
                0x0000dba0       0x58 /usr/local/CrossPack-AVR-20100115/lib/gcc/avr/4.3.3/../../../../avr/lib/avr51/libc.a(fputc.o)
                0x0000dba0                fputc
 .text.avr-libc
                0x0000dbf8       0xbc /usr/local/CrossPack-AVR-20100115/lib/gcc/avr/4.3.3/../../../../avr/lib/avr51/libc.a(ultoa_invert.o)
                0x0000dbf8                __ultoa_invert
 .text.libgcc   0x0000dcb4       0x36 /usr/local/CrossPack-AVR-20100115/lib/gcc/avr/4.3.3/avr51/libgcc.a(_divmodsi4.o)
                0x0000dcb4                __divmodsi4
                0x0000dcea                . = ALIGN (0x2)
 *(.fini9)
 .fini9         0x0000dcea        0x0 /usr/local/CrossPack-AVR-20100115/lib/gcc/avr/4.3.3/avr51/libgcc.a(_exit.o)
                0x0000dcea                exit
                0x0000dcea                _exit
 *(.fini9)
 *(.fini8)
 *(.fini8)
 *(.fini7)
 *(.fini7)
 *(.fini6)
 *(.fini6)
 *(.fini5)
 *(.fini5)
 *(.fini4)
 *(.fini4)
 *(.fini3)
 *(.fini3)
 *(.fini2)
 *(.fini2)
 *(.fini1)
 *(.fini1)
 *(.fini0)
 .fini0         0x0000dcea        0x4 /usr/local/CrossPack-AVR-20100115/lib/gcc/avr/4.3.3/avr51/libgcc.a(_exit.o)
 *(.fini0)
                0x0000dcee                _etext = .

.data           0x00800100      0x4f4 load address 0x0000dcee
                0x00800100                PROVIDE (__data_start, .)
 *(.data)
 .data          0x00800100        0x0 /usr/local/CrossPack-AVR-20100115/lib/gcc/avr/4.3.3/../../../../avr/lib/avr51/crtm1284p.o
 .data          0x00800100        0x4 webserver6.co
                0x00800100                autostart_processes
 .data          0x00800104        0x6 symbols.o
                0x00800106                symbols
                0x00800104                symbols_nelts
 .data          0x0080010a       0x16 contiki-avr-raven.a(webserver-nogui)
                0x00800116                webserver_nogui_process
 .data          0x00800120        0xa contiki-avr-raven.a(httpd.o)
 .data          0x0080012a        0x0 contiki-avr-raven.a(httpd-fs.o)
 .data          0x0080012a       0x4b contiki-avr-raven.a(httpd-cgi.o)
 .data          0x00800175       0x18 contiki-avr-raven.a(contiki-raven-m)
                0x00800181                procinit
 .data          0x0080018d        0x0 contiki-avr-raven.a(contiki-raven-d)
 .data          0x0080018d        0x0 contiki-avr-raven.a(clock.o)
 .data          0x0080018d       0x28 contiki-avr-raven.a(rs232.o)
 .data          0x008001b5       0x2f contiki-avr-raven.a(sicslowmac.o)
                0x008001b5                sicslowmac_driver
                0x008001da                mac_process
 .data          0x008001e4        0x0 contiki-avr-raven.a(process.o)
 .data          0x008001e4        0x0 contiki-avr-raven.a(procinit.o)
 .data          0x008001e4        0x0 contiki-avr-raven.a(autostart.o)
 .data          0x008001e4        0x0 contiki-avr-raven.a(memb.o)
 .data          0x008001e4       0x16 contiki-avr-raven.a(etimer.o)
                0x008001f0                etimer_process
 .data          0x008001fa        0x0 contiki-avr-raven.a(uip6.o)
 .data          0x008001fa       0x17 contiki-avr-raven.a(tcpip.o)
                0x00800207                tcpip_process
 .data          0x00800211        0x0 contiki-avr-raven.a(psock.o)
 .data          0x00800211        0x0 contiki-avr-raven.a(uip-split.o)
 .data          0x00800211        0x0 contiki-avr-raven.a(uip-icmp6.o)
 .data          0x00800211        0x0 contiki-avr-raven.a(uip-nd6.o)
 .data          0x00800211        0x0 contiki-avr-raven.a(uip-nd6-io.o)
 .data          0x00800211        0x0 contiki-avr-raven.a(uip-netif.o)
 .data          0x00800211        0x0 contiki-avr-raven.a(sicslowpan.o)
 .data          0x00800211       0x26 contiki-avr-raven.a(raven-lcd.o)
                0x0080022d                raven_lcd_process
 .data          0x00800237      0x29e contiki-avr-raven.a(relay-switch.o)
                0x008004cb                raven_relay_process
 .data          0x008004d5        0x0 contiki-avr-raven.a(watchdog.o)
 .data          0x008004d5        0x1 contiki-avr-raven.a(radio.o)
                0x008004d5                rxMode
 .data          0x008004d6        0x0 contiki-avr-raven.a(hal.o)
 .data          0x008004d6        0x0 contiki-avr-raven.a(frame.o)
 .data          0x008004d6        0x0 contiki-avr-raven.a(mac.o)
 .data          0x008004d6        0x0 contiki-avr-raven.a(ieee-15-4-manag)
 .data          0x008004d6        0x2 contiki-avr-raven.a(packetbuf.o)
 .data          0x008004d8       0x10 contiki-avr-raven.a(queuebuf.o)
 .data          0x008004e8        0x8 contiki-avr-raven.a(rimeaddr.o)
                0x008004e8                rimeaddr_null
 .data          0x008004f0        0x0 contiki-avr-raven.a(timer.o)
 .data          0x008004f0        0x0 contiki-avr-raven.a(stimer.o)
 .data          0x008004f0        0x0 contiki-avr-raven.a(random.o)
 .data          0x008004f0        0x0 contiki-avr-raven.a(uip-udp-packet.)
 .data          0x008004f0        0x0 /usr/local/CrossPack-AVR-20100115/lib/gcc/avr/4.3.3/avr51/libgcc.a(_mulsi3.o)
 .data          0x008004f0        0x0 /usr/local/CrossPack-AVR-20100115/lib/gcc/avr/4.3.3/avr51/libgcc.a(_udivmodhi4.o)
 .data          0x008004f0        0x0 /usr/local/CrossPack-AVR-20100115/lib/gcc/avr/4.3.3/avr51/libgcc.a(_divmodhi4.o)
 .data          0x008004f0        0x0 /usr/local/CrossPack-AVR-20100115/lib/gcc/avr/4.3.3/avr51/libgcc.a(_udivmodsi4.o)
 .data          0x008004f0        0x0 /usr/local/CrossPack-AVR-20100115/lib/gcc/avr/4.3.3/avr51/libgcc.a(_exit.o)
 .data          0x008004f0        0x0 /usr/local/CrossPack-AVR-20100115/lib/gcc/avr/4.3.3/avr51/libgcc.a(_clear_bss.o)
 .data          0x008004f0        0x0 /usr/local/CrossPack-AVR-20100115/lib/gcc/avr/4.3.3/avr51/libgcc.a(_lshrdi3.o)
 .data          0x008004f0        0x0 /usr/local/CrossPack-AVR-20100115/lib/gcc/avr/4.3.3/avr51/libgcc.a(_gt_sf.o)
 .data          0x008004f0        0x0 /usr/local/CrossPack-AVR-20100115/lib/gcc/avr/4.3.3/avr51/libgcc.a(_lt_sf.o)
 .data          0x008004f0        0x0 /usr/local/CrossPack-AVR-20100115/lib/gcc/avr/4.3.3/avr51/libgcc.a(_usi_to_sf.o)
 .data          0x008004f0        0x0 /usr/local/CrossPack-AVR-20100115/lib/gcc/avr/4.3.3/avr51/libgcc.a(_prologue.o)
 .data          0x008004f0        0x0 /usr/local/CrossPack-AVR-20100115/lib/gcc/avr/4.3.3/avr51/libgcc.a(_epilogue.o)
 .data          0x008004f0        0x0 /usr/local/CrossPack-AVR-20100115/lib/gcc/avr/4.3.3/avr51/libgcc.a(_clzsi2.o)
 .data          0x008004f0        0x0 /usr/local/CrossPack-AVR-20100115/lib/gcc/avr/4.3.3/avr51/libgcc.a(_pack_sf.o)
 .data          0x008004f0        0x0 /usr/local/CrossPack-AVR-20100115/lib/gcc/avr/4.3.3/avr51/libgcc.a(_unpack_sf.o)
 .data          0x008004f0        0x0 /usr/local/CrossPack-AVR-20100115/lib/gcc/avr/4.3.3/avr51/libgcc.a(_fpcmp_parts_sf.o)
 .data          0x008004f0      0x100 /usr/local/CrossPack-AVR-20100115/lib/gcc/avr/4.3.3/avr51/libgcc.a(_clz.o)
                0x008004f0                __clz_tab
 .data          0x008005f0        0x4 /usr/local/CrossPack-AVR-20100115/lib/gcc/avr/4.3.3/../../../../avr/lib/avr51/libc.a(rand.o)
 .data          0x008005f4        0x0 /usr/local/CrossPack-AVR-20100115/lib/gcc/avr/4.3.3/../../../../avr/lib/avr51/libc.a(memcpy_P.o)
 .data          0x008005f4        0x0 /usr/local/CrossPack-AVR-20100115/lib/gcc/avr/4.3.3/../../../../avr/lib/avr51/libc.a(strchr_P.o)
 .data          0x008005f4        0x0 /usr/local/CrossPack-AVR-20100115/lib/gcc/avr/4.3.3/../../../../avr/lib/avr51/libc.a(strcmp_P.o)
 .data          0x008005f4        0x0 /usr/local/CrossPack-AVR-20100115/lib/gcc/avr/4.3.3/../../../../avr/lib/avr51/libc.a(strcpy_P.o)
 .data          0x008005f4        0x0 /usr/local/CrossPack-AVR-20100115/lib/gcc/avr/4.3.3/../../../../avr/lib/avr51/libc.a(strlen_P.o)
 .data          0x008005f4        0x0 /usr/local/CrossPack-AVR-20100115/lib/gcc/avr/4.3.3/../../../../avr/lib/avr51/libc.a(strncmp_P.o)
 .data          0x008005f4        0x0 /usr/local/CrossPack-AVR-20100115/lib/gcc/avr/4.3.3/../../../../avr/lib/avr51/libc.a(memcmp.o)
 .data          0x008005f4        0x0 /usr/local/CrossPack-AVR-20100115/lib/gcc/avr/4.3.3/../../../../avr/lib/avr51/libc.a(memcpy.o)
 .data          0x008005f4        0x0 /usr/local/CrossPack-AVR-20100115/lib/gcc/avr/4.3.3/../../../../avr/lib/avr51/libc.a(memmove.o)
 .data          0x008005f4        0x0 /usr/local/CrossPack-AVR-20100115/lib/gcc/avr/4.3.3/../../../../avr/lib/avr51/libc.a(memset.o)
 .data          0x008005f4        0x0 /usr/local/CrossPack-AVR-20100115/lib/gcc/avr/4.3.3/../../../../avr/lib/avr51/libc.a(strchr.o)
 .data          0x008005f4        0x0 /usr/local/CrossPack-AVR-20100115/lib/gcc/avr/4.3.3/../../../../avr/lib/avr51/libc.a(strcpy.o)
 .data          0x008005f4        0x0 /usr/local/CrossPack-AVR-20100115/lib/gcc/avr/4.3.3/../../../../avr/lib/avr51/libc.a(strncpy.o)
 .data          0x008005f4        0x0 /usr/local/CrossPack-AVR-20100115/lib/gcc/avr/4.3.3/../../../../avr/lib/avr51/libc.a(strrchr.o)
 .data          0x008005f4        0x0 /usr/local/CrossPack-AVR-20100115/lib/gcc/avr/4.3.3/../../../../avr/lib/avr51/libc.a(iob.o)
 .data          0x008005f4        0x0 /usr/local/CrossPack-AVR-20100115/lib/gcc/avr/4.3.3/../../../../avr/lib/avr51/libc.a(printf.o)
 .data          0x008005f4        0x0 /usr/local/CrossPack-AVR-20100115/lib/gcc/avr/4.3.3/../../../../avr/lib/avr51/libc.a(printf_p.o)
 .data          0x008005f4        0x0 /usr/local/CrossPack-AVR-20100115/lib/gcc/avr/4.3.3/../../../../avr/lib/avr51/libc.a(puts.o)
 .data          0x008005f4        0x0 /usr/local/CrossPack-AVR-20100115/lib/gcc/avr/4.3.3/../../../../avr/lib/avr51/libc.a(snprintf_p.o)
 .data          0x008005f4        0x0 /usr/local/CrossPack-AVR-20100115/lib/gcc/avr/4.3.3/../../../../avr/lib/avr51/libc.a(sprintf.o)
 .data          0x008005f4        0x0 /usr/local/CrossPack-AVR-20100115/lib/gcc/avr/4.3.3/../../../../avr/lib/avr51/libc.a(vsnprintf.o)
 .data          0x008005f4        0x0 /usr/local/CrossPack-AVR-20100115/lib/gcc/avr/4.3.3/../../../../avr/lib/avr51/libc.a(vfprintf_std.o)
 .data          0x008005f4        0x0 /usr/local/CrossPack-AVR-20100115/lib/gcc/avr/4.3.3/../../../../avr/lib/avr51/libc.a(eerd_block_atmega1284p.o)
 .data          0x008005f4        0x0 /usr/local/CrossPack-AVR-20100115/lib/gcc/avr/4.3.3/../../../../avr/lib/avr51/libc.a(eerd_byte_atmega1284p.o)
 .data          0x008005f4        0x0 /usr/local/CrossPack-AVR-20100115/lib/gcc/avr/4.3.3/../../../../avr/lib/avr51/libc.a(strnlen_P.o)
 .data          0x008005f4        0x0 /usr/local/CrossPack-AVR-20100115/lib/gcc/avr/4.3.3/../../../../avr/lib/avr51/libc.a(strnlen.o)
 .data          0x008005f4        0x0 /usr/local/CrossPack-AVR-20100115/lib/gcc/avr/4.3.3/../../../../avr/lib/avr51/libc.a(fputc.o)
 .data          0x008005f4        0x0 /usr/local/CrossPack-AVR-20100115/lib/gcc/avr/4.3.3/../../../../avr/lib/avr51/libc.a(ultoa_invert.o)
 .data          0x008005f4        0x0 /usr/local/CrossPack-AVR-20100115/lib/gcc/avr/4.3.3/avr51/libgcc.a(_divmodsi4.o)
 *(.data*)
 *(.rodata)
 *(.rodata*)
 *(.gnu.linkonce.d*)
                0x008005f4                . = ALIGN (0x2)
                0x008005f4                _edata = .
                0x008005f4                PROVIDE (__data_end, .)

.bss            0x008005f4     0x27fa
                0x008005f4                PROVIDE (__bss_start, .)
 *(.bss)
 .bss           0x008005f4        0x0 /usr/local/CrossPack-AVR-20100115/lib/gcc/avr/4.3.3/../../../../avr/lib/avr51/crtm1284p.o
 .bss           0x008005f4        0x0 webserver6.co
 .bss           0x008005f4        0x0 symbols.o
 .bss           0x008005f4        0x0 contiki-avr-raven.a(webserver-nogui)
 .bss           0x008005f4      0x22b contiki-avr-raven.a(httpd.o)
 .bss           0x0080081f        0x0 contiki-avr-raven.a(httpd-fs.o)
 .bss           0x0080081f        0xc contiki-avr-raven.a(httpd-cgi.o)
 .bss           0x0080082b        0x4 contiki-avr-raven.a(contiki-raven-m)
                0x0080082d                pingtimer2
                0x0080082b                pingtimer1
 .bss           0x0080082f        0x0 contiki-avr-raven.a(contiki-raven-d)
 .bss           0x0080082f        0x4 contiki-avr-raven.a(clock.o)
 .bss           0x00800833       0x41 contiki-avr-raven.a(rs232.o)
 .bss           0x00800874       0x4e contiki-avr-raven.a(sicslowmac.o)
                0x00800874                sicslowmac_snifferhook
 .bss           0x008008c2       0xb0 contiki-avr-raven.a(process.o)
                0x008008c2                process_list
                0x008008c4                process_current
 .bss           0x00800972        0x0 contiki-avr-raven.a(procinit.o)
 .bss           0x00800972        0x0 contiki-avr-raven.a(autostart.o)
 .bss           0x00800972        0x0 contiki-avr-raven.a(memb.o)
 .bss           0x00800972        0x4 contiki-avr-raven.a(etimer.o)
 .bss           0x00800976        0xd contiki-avr-raven.a(uip6.o)
                0x00800976                uip_ext_bitmap
                0x00800977                uip_ext_len
                0x00800978                uip_ext_opt_offset
 .bss           0x00800983       0x19 contiki-avr-raven.a(tcpip.o)
 .bss           0x0080099c        0x0 contiki-avr-raven.a(psock.o)
 .bss           0x0080099c        0x0 contiki-avr-raven.a(uip-split.o)
 .bss           0x0080099c       0x10 contiki-avr-raven.a(uip-icmp6.o)
 .bss           0x008009ac     0x1526 contiki-avr-raven.a(uip-nd6.o)
 .bss           0x00801ed2       0x14 contiki-avr-raven.a(uip-nd6-io.o)
 .bss           0x00801ee6        0x5 contiki-avr-raven.a(uip-netif.o)
 .bss           0x00801eeb      0x52a contiki-avr-raven.a(sicslowpan.o)
 .bss           0x00802415       0x1d contiki-avr-raven.a(raven-lcd.o)
 .bss           0x00802432        0xc contiki-avr-raven.a(relay-switch.o)
 .bss           0x0080243e        0x0 contiki-avr-raven.a(watchdog.o)
 .bss           0x0080243e       0xa2 contiki-avr-raven.a(radio.o)
 .bss           0x008024e0        0x8 contiki-avr-raven.a(hal.o)
 .bss           0x008024e8       0x83 contiki-avr-raven.a(frame.o)
 .bss           0x0080256b        0x0 contiki-avr-raven.a(mac.o)
 .bss           0x0080256b        0x0 contiki-avr-raven.a(ieee-15-4-manag)
 .bss           0x0080256b       0x89 contiki-avr-raven.a(packetbuf.o)
 .bss           0x008025f4       0xd1 contiki-avr-raven.a(queuebuf.o)
 .bss           0x008026c5        0x0 contiki-avr-raven.a(rimeaddr.o)
 .bss           0x008026c5        0x0 contiki-avr-raven.a(timer.o)
 .bss           0x008026c5        0x0 contiki-avr-raven.a(stimer.o)
 .bss           0x008026c5        0x0 contiki-avr-raven.a(random.o)
 .bss           0x008026c5        0x0 contiki-avr-raven.a(uip-udp-packet.)
 .bss           0x008026c5        0x0 /usr/local/CrossPack-AVR-20100115/lib/gcc/avr/4.3.3/avr51/libgcc.a(_mulsi3.o)
 .bss           0x008026c5        0x0 /usr/local/CrossPack-AVR-20100115/lib/gcc/avr/4.3.3/avr51/libgcc.a(_udivmodhi4.o)
 .bss           0x008026c5        0x0 /usr/local/CrossPack-AVR-20100115/lib/gcc/avr/4.3.3/avr51/libgcc.a(_divmodhi4.o)
 .bss           0x008026c5        0x0 /usr/local/CrossPack-AVR-20100115/lib/gcc/avr/4.3.3/avr51/libgcc.a(_udivmodsi4.o)
 .bss           0x008026c5        0x0 /usr/local/CrossPack-AVR-20100115/lib/gcc/avr/4.3.3/avr51/libgcc.a(_exit.o)
 .bss           0x008026c5        0x0 /usr/local/CrossPack-AVR-20100115/lib/gcc/avr/4.3.3/avr51/libgcc.a(_clear_bss.o)
 .bss           0x008026c5        0x0 /usr/local/CrossPack-AVR-20100115/lib/gcc/avr/4.3.3/avr51/libgcc.a(_lshrdi3.o)
 .bss           0x008026c5        0x0 /usr/local/CrossPack-AVR-20100115/lib/gcc/avr/4.3.3/avr51/libgcc.a(_gt_sf.o)
 .bss           0x008026c5        0x0 /usr/local/CrossPack-AVR-20100115/lib/gcc/avr/4.3.3/avr51/libgcc.a(_lt_sf.o)
 .bss           0x008026c5        0x0 /usr/local/CrossPack-AVR-20100115/lib/gcc/avr/4.3.3/avr51/libgcc.a(_usi_to_sf.o)
 .bss           0x008026c5        0x0 /usr/local/CrossPack-AVR-20100115/lib/gcc/avr/4.3.3/avr51/libgcc.a(_prologue.o)
 .bss           0x008026c5        0x0 /usr/local/CrossPack-AVR-20100115/lib/gcc/avr/4.3.3/avr51/libgcc.a(_epilogue.o)
 .bss           0x008026c5        0x0 /usr/local/CrossPack-AVR-20100115/lib/gcc/avr/4.3.3/avr51/libgcc.a(_clzsi2.o)
 .bss           0x008026c5        0x0 /usr/local/CrossPack-AVR-20100115/lib/gcc/avr/4.3.3/avr51/libgcc.a(_pack_sf.o)
 .bss           0x008026c5        0x0 /usr/local/CrossPack-AVR-20100115/lib/gcc/avr/4.3.3/avr51/libgcc.a(_unpack_sf.o)
 .bss           0x008026c5        0x0 /usr/local/CrossPack-AVR-20100115/lib/gcc/avr/4.3.3/avr51/libgcc.a(_fpcmp_parts_sf.o)
 .bss           0x008026c5        0x0 /usr/local/CrossPack-AVR-20100115/lib/gcc/avr/4.3.3/avr51/libgcc.a(_clz.o)
 .bss           0x008026c5        0x0 /usr/local/CrossPack-AVR-20100115/lib/gcc/avr/4.3.3/../../../../avr/lib/avr51/libc.a(rand.o)
 .bss           0x008026c5        0x0 /usr/local/CrossPack-AVR-20100115/lib/gcc/avr/4.3.3/../../../../avr/lib/avr51/libc.a(memcpy_P.o)
 .bss           0x008026c5        0x0 /usr/local/CrossPack-AVR-20100115/lib/gcc/avr/4.3.3/../../../../avr/lib/avr51/libc.a(strchr_P.o)
 .bss           0x008026c5        0x0 /usr/local/CrossPack-AVR-20100115/lib/gcc/avr/4.3.3/../../../../avr/lib/avr51/libc.a(strcmp_P.o)
 .bss           0x008026c5        0x0 /usr/local/CrossPack-AVR-20100115/lib/gcc/avr/4.3.3/../../../../avr/lib/avr51/libc.a(strcpy_P.o)
 .bss           0x008026c5        0x0 /usr/local/CrossPack-AVR-20100115/lib/gcc/avr/4.3.3/../../../../avr/lib/avr51/libc.a(strlen_P.o)
 .bss           0x008026c5        0x0 /usr/local/CrossPack-AVR-20100115/lib/gcc/avr/4.3.3/../../../../avr/lib/avr51/libc.a(strncmp_P.o)
 .bss           0x008026c5        0x0 /usr/local/CrossPack-AVR-20100115/lib/gcc/avr/4.3.3/../../../../avr/lib/avr51/libc.a(memcmp.o)
 .bss           0x008026c5        0x0 /usr/local/CrossPack-AVR-20100115/lib/gcc/avr/4.3.3/../../../../avr/lib/avr51/libc.a(memcpy.o)
 .bss           0x008026c5        0x0 /usr/local/CrossPack-AVR-20100115/lib/gcc/avr/4.3.3/../../../../avr/lib/avr51/libc.a(memmove.o)
 .bss           0x008026c5        0x0 /usr/local/CrossPack-AVR-20100115/lib/gcc/avr/4.3.3/../../../../avr/lib/avr51/libc.a(memset.o)
 .bss           0x008026c5        0x0 /usr/local/CrossPack-AVR-20100115/lib/gcc/avr/4.3.3/../../../../avr/lib/avr51/libc.a(strchr.o)
 .bss           0x008026c5        0x0 /usr/local/CrossPack-AVR-20100115/lib/gcc/avr/4.3.3/../../../../avr/lib/avr51/libc.a(strcpy.o)
 .bss           0x008026c5        0x0 /usr/local/CrossPack-AVR-20100115/lib/gcc/avr/4.3.3/../../../../avr/lib/avr51/libc.a(strncpy.o)
 .bss           0x008026c5        0x0 /usr/local/CrossPack-AVR-20100115/lib/gcc/avr/4.3.3/../../../../avr/lib/avr51/libc.a(strrchr.o)
 .bss           0x008026c5        0x0 /usr/local/CrossPack-AVR-20100115/lib/gcc/avr/4.3.3/../../../../avr/lib/avr51/libc.a(iob.o)
 .bss           0x008026c5        0x0 /usr/local/CrossPack-AVR-20100115/lib/gcc/avr/4.3.3/../../../../avr/lib/avr51/libc.a(printf.o)
 .bss           0x008026c5        0x0 /usr/local/CrossPack-AVR-20100115/lib/gcc/avr/4.3.3/../../../../avr/lib/avr51/libc.a(printf_p.o)
 .bss           0x008026c5        0x0 /usr/local/CrossPack-AVR-20100115/lib/gcc/avr/4.3.3/../../../../avr/lib/avr51/libc.a(puts.o)
 .bss           0x008026c5        0x0 /usr/local/CrossPack-AVR-20100115/lib/gcc/avr/4.3.3/../../../../avr/lib/avr51/libc.a(snprintf_p.o)
 .bss           0x008026c5        0x0 /usr/local/CrossPack-AVR-20100115/lib/gcc/avr/4.3.3/../../../../avr/lib/avr51/libc.a(sprintf.o)
 .bss           0x008026c5        0x0 /usr/local/CrossPack-AVR-20100115/lib/gcc/avr/4.3.3/../../../../avr/lib/avr51/libc.a(vsnprintf.o)
 .bss           0x008026c5        0x0 /usr/local/CrossPack-AVR-20100115/lib/gcc/avr/4.3.3/../../../../avr/lib/avr51/libc.a(vfprintf_std.o)
 .bss           0x008026c5        0x0 /usr/local/CrossPack-AVR-20100115/lib/gcc/avr/4.3.3/../../../../avr/lib/avr51/libc.a(eerd_block_atmega1284p.o)
 .bss           0x008026c5        0x0 /usr/local/CrossPack-AVR-20100115/lib/gcc/avr/4.3.3/../../../../avr/lib/avr51/libc.a(eerd_byte_atmega1284p.o)
 .bss           0x008026c5        0x0 /usr/local/CrossPack-AVR-20100115/lib/gcc/avr/4.3.3/../../../../avr/lib/avr51/libc.a(strnlen_P.o)
 .bss           0x008026c5        0x0 /usr/local/CrossPack-AVR-20100115/lib/gcc/avr/4.3.3/../../../../avr/lib/avr51/libc.a(strnlen.o)
 .bss           0x008026c5        0x0 /usr/local/CrossPack-AVR-20100115/lib/gcc/avr/4.3.3/../../../../avr/lib/avr51/libc.a(fputc.o)
 .bss           0x008026c5        0x0 /usr/local/CrossPack-AVR-20100115/lib/gcc/avr/4.3.3/../../../../avr/lib/avr51/libc.a(ultoa_invert.o)
 .bss           0x008026c5        0x0 /usr/local/CrossPack-AVR-20100115/lib/gcc/avr/4.3.3/avr51/libgcc.a(_divmodsi4.o)
 *(.bss*)
 *(COMMON)
 COMMON         0x008026c5       0x18 contiki-avr-raven.a(httpd-fs.o)
                0x008026c5                httpd_filecount
 COMMON         0x008026dd        0x4 contiki-avr-raven.a(clock.o)
                0x008026dd                seconds
 COMMON         0x008026e1        0x2 contiki-avr-raven.a(sicslowmac.o)
                0x008026e1                pinput
 COMMON         0x008026e3      0x5af contiki-avr-raven.a(uip6.o)
                0x008026e3                uip_len
                0x008026e5                uip_sappdata
                0x008026e7                uip_acc32
                0x008026eb                uip_lladdr
                0x008026f3                uip_flags
                0x008026f4                uip_next_hdr
                0x008026f6                uip_udp_conn
                0x008026f8                uip_appdata
                0x008026fa                uip_conn
                0x008026fc                uip_conns
                0x00802754                uip_icmp6_conns
                0x00802758                uip_listenports
                0x0080275c                uip_buf
                0x00802c5e                uip_slen
                0x00802c60                uip_udp_conns
 COMMON         0x00802c92        0x2 contiki-avr-raven.a(tcpip.o)
                0x00802c92                tcpip_event
                0x00802c93                tcpip_icmp6_event
 COMMON         0x00802c94        0x8 contiki-avr-raven.a(uip-nd6.o)
                0x00802c94                uip_nd6_timer_periodic
 COMMON         0x00802c9c       0x91 contiki-avr-raven.a(uip-netif.o)
                0x00802c9c                uip_netif_physical_if
                0x00802d15                uip_netif_timer_dad
                0x00802d1d                uip_netif_timer_rs
                0x00802d25                uip_netif_timer_periodic
 COMMON         0x00802d2d        0xa contiki-avr-raven.a(sicslowpan.o)
                0x00802d2d                sicslowpan_mac
                0x00802d2f                frag_sender
 COMMON         0x00802d37       0x10 contiki-avr-raven.a(raven-lcd.o)
                0x00802d37                dest_addr
 COMMON         0x00802d47       0x51 contiki-avr-raven.a(mac.o)
                0x00802d47                msduHandle
                0x00802d48                macDstPANId
                0x00802d4a                macLongAddr
                0x00802d52                macShortAddress
                0x00802d54                macCoordShortAddress
                0x00802d56                ieee15_4ManagerAddress
                0x00802d82                macSrcPANId
                0x00802d84                macDestAddress
                0x00802d8c                macCoordExtendedAddress
                0x00802d94                iAmCoord
                0x00802d95                autoModes
                0x00802d96                phyCurrentChannel
                0x00802d97                macDSN
 COMMON         0x00802d98       0x48 contiki-avr-raven.a(packetbuf.o)
                0x00802d98                packetbuf_addrs
                0x00802db8                packetbuf_attrs
 COMMON         0x00802de0        0x8 contiki-avr-raven.a(rimeaddr.o)
                0x00802de0                rimeaddr_node_addr
 COMMON         0x00802de8        0x6 /usr/local/CrossPack-AVR-20100115/lib/gcc/avr/4.3.3/../../../../avr/lib/avr51/libc.a(iob.o)
                0x00802de8                __iob
                0x00802dee                PROVIDE (__bss_end, .)
                0x0000dcee                __data_load_start = LOADADDR (.data)
                0x0000e1e2                __data_load_end = (__data_load_start + SIZEOF (.data))

.noinit         0x00802dee        0x0
                0x00802dee                PROVIDE (__noinit_start, .)
 *(.noinit*)
                0x00802dee                PROVIDE (__noinit_end, .)
                0x00802dee                _end = .
                0x00802dee                PROVIDE (__heap_start, .)

.eeprom         0x00810000       0x36
 *(.eeprom*)
 .eeprom        0x00810000       0x36 contiki-avr-raven.a(httpd-fs.o)
                0x00810008                server_name
                0x00810000                mac_address
                0x00810018                domain_name
                0x00810036                __eeprom_end = .

.fuse           0x00820000        0x3
 *(.fuse)
 .fuse          0x00820000        0x3 contiki-avr-raven.a(contiki-raven-m)
                0x00820000                __fuse
 *(.lfuse)
 *(.hfuse)
 *(.efuse)

.lock
 *(.lock*)

.signature      0x00840000        0x3
 *(.signature*)
 .signature     0x00840000        0x3 contiki-avr-raven.a(contiki-raven-m)
                0x00840000                __signature

.stab           0x00000000     0x16ec
 *(.stab)
 .stab          0x00000000      0x750 /usr/local/CrossPack-AVR-20100115/lib/gcc/avr/4.3.3/../../../../avr/lib/avr51/crtm1284p.o
 .stab          0x00000750       0x84 /usr/local/CrossPack-AVR-20100115/lib/gcc/avr/4.3.3/../../../../avr/lib/avr51/libc.a(memcpy_P.o)
                                 0x90 (size before relaxing)
 .stab          0x000007d4       0x9c /usr/local/CrossPack-AVR-20100115/lib/gcc/avr/4.3.3/../../../../avr/lib/avr51/libc.a(strchr_P.o)
                                 0xa8 (size before relaxing)
 .stab          0x00000870       0x84 /usr/local/CrossPack-AVR-20100115/lib/gcc/avr/4.3.3/../../../../avr/lib/avr51/libc.a(strcmp_P.o)
                                 0x90 (size before relaxing)
 .stab          0x000008f4       0x6c /usr/local/CrossPack-AVR-20100115/lib/gcc/avr/4.3.3/../../../../avr/lib/avr51/libc.a(strcpy_P.o)
                                 0x78 (size before relaxing)
 .stab          0x00000960       0x84 /usr/local/CrossPack-AVR-20100115/lib/gcc/avr/4.3.3/../../../../avr/lib/avr51/libc.a(strlen_P.o)
                                 0x90 (size before relaxing)
 .stab          0x000009e4       0xc0 /usr/local/CrossPack-AVR-20100115/lib/gcc/avr/4.3.3/../../../../avr/lib/avr51/libc.a(strncmp_P.o)
                                 0xcc (size before relaxing)
 .stab          0x00000aa4       0xb4 /usr/local/CrossPack-AVR-20100115/lib/gcc/avr/4.3.3/../../../../avr/lib/avr51/libc.a(memcmp.o)
                                 0xc0 (size before relaxing)
 .stab          0x00000b58       0x84 /usr/local/CrossPack-AVR-20100115/lib/gcc/avr/4.3.3/../../../../avr/lib/avr51/libc.a(memcpy.o)
                                 0x90 (size before relaxing)
 .stab          0x00000bdc       0xe4 /usr/local/CrossPack-AVR-20100115/lib/gcc/avr/4.3.3/../../../../avr/lib/avr51/libc.a(memmove.o)
                                 0xf0 (size before relaxing)
 .stab          0x00000cc0       0x6c /usr/local/CrossPack-AVR-20100115/lib/gcc/avr/4.3.3/../../../../avr/lib/avr51/libc.a(memset.o)
                                 0x78 (size before relaxing)
 .stab          0x00000d2c       0x9c /usr/local/CrossPack-AVR-20100115/lib/gcc/avr/4.3.3/../../../../avr/lib/avr51/libc.a(strchr.o)
                                 0xa8 (size before relaxing)
 .stab          0x00000dc8       0x6c /usr/local/CrossPack-AVR-20100115/lib/gcc/avr/4.3.3/../../../../avr/lib/avr51/libc.a(strcpy.o)
                                 0x78 (size before relaxing)
 .stab          0x00000e34       0xcc /usr/local/CrossPack-AVR-20100115/lib/gcc/avr/4.3.3/../../../../avr/lib/avr51/libc.a(strncpy.o)
                                 0xd8 (size before relaxing)
 .stab          0x00000f00       0x9c /usr/local/CrossPack-AVR-20100115/lib/gcc/avr/4.3.3/../../../../avr/lib/avr51/libc.a(strrchr.o)
                                 0xa8 (size before relaxing)
 .stab          0x00000f9c      0x108 /usr/local/CrossPack-AVR-20100115/lib/gcc/avr/4.3.3/../../../../avr/lib/avr51/libc.a(eerd_block_atmega1284p.o)
                                0x114 (size before relaxing)
 .stab          0x000010a4       0x90 /usr/local/CrossPack-AVR-20100115/lib/gcc/avr/4.3.3/../../../../avr/lib/avr51/libc.a(eerd_byte_atmega1284p.o)
                                 0x9c (size before relaxing)
 .stab          0x00001134       0x9c /usr/local/CrossPack-AVR-20100115/lib/gcc/avr/4.3.3/../../../../avr/lib/avr51/libc.a(strnlen_P.o)
                                 0xa8 (size before relaxing)
 .stab          0x000011d0       0x9c /usr/local/CrossPack-AVR-20100115/lib/gcc/avr/4.3.3/../../../../avr/lib/avr51/libc.a(strnlen.o)
                                 0xa8 (size before relaxing)
 .stab          0x0000126c      0x480 /usr/local/CrossPack-AVR-20100115/lib/gcc/avr/4.3.3/../../../../avr/lib/avr51/libc.a(ultoa_invert.o)
                                0x48c (size before relaxing)

.stabstr        0x00000000      0x780
 *(.stabstr)
 .stabstr       0x00000000      0x780 /usr/local/CrossPack-AVR-20100115/lib/gcc/avr/4.3.3/../../../../avr/lib/avr51/crtm1284p.o

.stab.excl
 *(.stab.excl)

.stab.exclstr
 *(.stab.exclstr)

.stab.index
 *(.stab.index)

.stab.indexstr
 *(.stab.indexstr)

.comment
 *(.comment)

.debug
 *(.debug)

.line
 *(.line)

.debug_srcinfo
 *(.debug_srcinfo)

.debug_sfnames
 *(.debug_sfnames)

.debug_aranges  0x00000000      0x6f8
 *(.debug_aranges)
 .debug_aranges
                0x00000000       0x20 contiki-avr-raven.a(webserver-nogui)
 .debug_aranges
                0x00000020       0x20 contiki-avr-raven.a(httpd.o)
 .debug_aranges
                0x00000040       0x20 contiki-avr-raven.a(httpd-fs.o)
 .debug_aranges
                0x00000060       0x20 contiki-avr-raven.a(httpd-cgi.o)
 .debug_aranges
                0x00000080       0x20 contiki-avr-raven.a(contiki-raven-m)
 .debug_aranges
                0x000000a0       0x20 contiki-avr-raven.a(contiki-raven-d)
 .debug_aranges
                0x000000c0       0x20 contiki-avr-raven.a(clock.o)
 .debug_aranges
                0x000000e0       0x20 contiki-avr-raven.a(rs232.o)
 .debug_aranges
                0x00000100       0x20 contiki-avr-raven.a(sicslowmac.o)
 .debug_aranges
                0x00000120       0x20 contiki-avr-raven.a(process.o)
 .debug_aranges
                0x00000140       0x20 contiki-avr-raven.a(procinit.o)
 .debug_aranges
                0x00000160       0x20 contiki-avr-raven.a(autostart.o)
 .debug_aranges
                0x00000180       0x20 contiki-avr-raven.a(memb.o)
 .debug_aranges
                0x000001a0       0x20 contiki-avr-raven.a(etimer.o)
 .debug_aranges
                0x000001c0       0x20 contiki-avr-raven.a(uip6.o)
 .debug_aranges
                0x000001e0       0x20 contiki-avr-raven.a(tcpip.o)
 .debug_aranges
                0x00000200       0x20 contiki-avr-raven.a(psock.o)
 .debug_aranges
                0x00000220       0x20 contiki-avr-raven.a(uip-split.o)
 .debug_aranges
                0x00000240       0x20 contiki-avr-raven.a(uip-icmp6.o)
 .debug_aranges
                0x00000260       0x20 contiki-avr-raven.a(uip-nd6.o)
 .debug_aranges
                0x00000280       0x20 contiki-avr-raven.a(uip-nd6-io.o)
 .debug_aranges
                0x000002a0       0x20 contiki-avr-raven.a(uip-netif.o)
 .debug_aranges
                0x000002c0       0x20 contiki-avr-raven.a(sicslowpan.o)
 .debug_aranges
                0x000002e0       0x20 contiki-avr-raven.a(raven-lcd.o)
 .debug_aranges
                0x00000300       0x20 contiki-avr-raven.a(relay-switch.o)
 .debug_aranges
                0x00000320       0x20 contiki-avr-raven.a(watchdog.o)
 .debug_aranges
                0x00000340       0x20 contiki-avr-raven.a(radio.o)
 .debug_aranges
                0x00000360       0x20 contiki-avr-raven.a(hal.o)
 .debug_aranges
                0x00000380       0x20 contiki-avr-raven.a(frame.o)
 .debug_aranges
                0x000003a0       0x20 contiki-avr-raven.a(mac.o)
 .debug_aranges
                0x000003c0       0x20 contiki-avr-raven.a(ieee-15-4-manag)
 .debug_aranges
                0x000003e0       0x20 contiki-avr-raven.a(packetbuf.o)
 .debug_aranges
                0x00000400       0x20 contiki-avr-raven.a(queuebuf.o)
 .debug_aranges
                0x00000420       0x20 contiki-avr-raven.a(rimeaddr.o)
 .debug_aranges
                0x00000440       0x20 contiki-avr-raven.a(timer.o)
 .debug_aranges
                0x00000460       0x20 contiki-avr-raven.a(stimer.o)
 .debug_aranges
                0x00000480       0x20 contiki-avr-raven.a(random.o)
 .debug_aranges
                0x000004a0       0x20 contiki-avr-raven.a(uip-udp-packet.)
 .debug_aranges
                0x000004c0       0x20 /usr/local/CrossPack-AVR-20100115/lib/gcc/avr/4.3.3/avr51/libgcc.a(_lshrdi3.o)
 .debug_aranges
                0x000004e0       0x20 /usr/local/CrossPack-AVR-20100115/lib/gcc/avr/4.3.3/avr51/libgcc.a(_gt_sf.o)
 .debug_aranges
                0x00000500       0x20 /usr/local/CrossPack-AVR-20100115/lib/gcc/avr/4.3.3/avr51/libgcc.a(_lt_sf.o)
 .debug_aranges
                0x00000520       0x20 /usr/local/CrossPack-AVR-20100115/lib/gcc/avr/4.3.3/avr51/libgcc.a(_usi_to_sf.o)
 .debug_aranges
                0x00000540       0x20 /usr/local/CrossPack-AVR-20100115/lib/gcc/avr/4.3.3/avr51/libgcc.a(_clzsi2.o)
 .debug_aranges
                0x00000560       0x20 /usr/local/CrossPack-AVR-20100115/lib/gcc/avr/4.3.3/avr51/libgcc.a(_pack_sf.o)
 .debug_aranges
                0x00000580       0x20 /usr/local/CrossPack-AVR-20100115/lib/gcc/avr/4.3.3/avr51/libgcc.a(_unpack_sf.o)
 .debug_aranges
                0x000005a0       0x20 /usr/local/CrossPack-AVR-20100115/lib/gcc/avr/4.3.3/avr51/libgcc.a(_fpcmp_parts_sf.o)
 .debug_aranges
                0x000005c0       0x38 /usr/local/CrossPack-AVR-20100115/lib/gcc/avr/4.3.3/../../../../avr/lib/avr51/libc.a(rand.o)
 .debug_aranges
                0x000005f8       0x20 /usr/local/CrossPack-AVR-20100115/lib/gcc/avr/4.3.3/../../../../avr/lib/avr51/libc.a(printf.o)
 .debug_aranges
                0x00000618       0x20 /usr/local/CrossPack-AVR-20100115/lib/gcc/avr/4.3.3/../../../../avr/lib/avr51/libc.a(printf_p.o)
 .debug_aranges
                0x00000638       0x20 /usr/local/CrossPack-AVR-20100115/lib/gcc/avr/4.3.3/../../../../avr/lib/avr51/libc.a(puts.o)
 .debug_aranges
                0x00000658       0x20 /usr/local/CrossPack-AVR-20100115/lib/gcc/avr/4.3.3/../../../../avr/lib/avr51/libc.a(snprintf_p.o)
 .debug_aranges
                0x00000678       0x20 /usr/local/CrossPack-AVR-20100115/lib/gcc/avr/4.3.3/../../../../avr/lib/avr51/libc.a(sprintf.o)
 .debug_aranges
                0x00000698       0x20 /usr/local/CrossPack-AVR-20100115/lib/gcc/avr/4.3.3/../../../../avr/lib/avr51/libc.a(vsnprintf.o)
 .debug_aranges
                0x000006b8       0x20 /usr/local/CrossPack-AVR-20100115/lib/gcc/avr/4.3.3/../../../../avr/lib/avr51/libc.a(vfprintf_std.o)
 .debug_aranges
                0x000006d8       0x20 /usr/local/CrossPack-AVR-20100115/lib/gcc/avr/4.3.3/../../../../avr/lib/avr51/libc.a(fputc.o)

.debug_pubnames
                0x00000000     0x24a9
 *(.debug_pubnames)
 .debug_pubnames
                0x00000000       0x2a webserver6.co
 .debug_pubnames
                0x0000002a       0x30 symbols.o
 .debug_pubnames
                0x0000005a       0x57 contiki-avr-raven.a(webserver-nogui)
 .debug_pubnames
                0x000000b1      0x1a4 contiki-avr-raven.a(httpd.o)
 .debug_pubnames
                0x00000255      0x296 contiki-avr-raven.a(httpd-fs.o)
 .debug_pubnames
                0x000004eb       0x83 contiki-avr-raven.a(httpd-cgi.o)
 .debug_pubnames
                0x0000056e       0x80 contiki-avr-raven.a(contiki-raven-m)
 .debug_pubnames
                0x000005ee       0x1f contiki-avr-raven.a(contiki-raven-d)
 .debug_pubnames
                0x0000060d       0x93 contiki-avr-raven.a(clock.o)
 .debug_pubnames
                0x000006a0       0xff contiki-avr-raven.a(rs232.o)
 .debug_pubnames
                0x0000079f      0x1a2 contiki-avr-raven.a(sicslowmac.o)
 .debug_pubnames
                0x00000941       0xf7 contiki-avr-raven.a(process.o)
 .debug_pubnames
                0x00000a38       0x24 contiki-avr-raven.a(procinit.o)
 .debug_pubnames
                0x00000a5c       0x39 contiki-avr-raven.a(autostart.o)
 .debug_pubnames
                0x00000a95       0x4d contiki-avr-raven.a(memb.o)
 .debug_pubnames
                0x00000ae2      0x109 contiki-avr-raven.a(etimer.o)
 .debug_pubnames
                0x00000beb      0x218 contiki-avr-raven.a(uip6.o)
 .debug_pubnames
                0x00000e03      0x165 contiki-avr-raven.a(tcpip.o)
 .debug_pubnames
                0x00000f68       0x90 contiki-avr-raven.a(psock.o)
 .debug_pubnames
                0x00000ff8       0x27 contiki-avr-raven.a(uip-split.o)
 .debug_pubnames
                0x0000101f       0x4e contiki-avr-raven.a(uip-icmp6.o)
 .debug_pubnames
                0x0000106d      0x157 contiki-avr-raven.a(uip-nd6.o)
 .debug_pubnames
                0x000011c4       0x8c contiki-avr-raven.a(uip-nd6-io.o)
 .debug_pubnames
                0x00001250      0x1de contiki-avr-raven.a(uip-netif.o)
 .debug_pubnames
                0x0000142e       0x49 contiki-avr-raven.a(sicslowpan.o)
 .debug_pubnames
                0x00001477       0x8c contiki-avr-raven.a(raven-lcd.o)
 .debug_pubnames
                0x00001503       0x2a contiki-avr-raven.a(relay-switch.o)
 .debug_pubnames
                0x0000152d       0x73 contiki-avr-raven.a(watchdog.o)
 .debug_pubnames
                0x000015a0      0x437 contiki-avr-raven.a(radio.o)
 .debug_pubnames
                0x000019d7      0x23c contiki-avr-raven.a(hal.o)
 .debug_pubnames
                0x00001c13       0x39 contiki-avr-raven.a(frame.o)
 .debug_pubnames
                0x00001c4c      0x111 contiki-avr-raven.a(mac.o)
 .debug_pubnames
                0x00001d5d       0x25 contiki-avr-raven.a(ieee-15-4-manag)
 .debug_pubnames
                0x00001d82      0x267 contiki-avr-raven.a(packetbuf.o)
 .debug_pubnames
                0x00001fe9       0x9a contiki-avr-raven.a(queuebuf.o)
 .debug_pubnames
                0x00002083       0x79 contiki-avr-raven.a(rimeaddr.o)
 .debug_pubnames
                0x000020fc       0x68 contiki-avr-raven.a(timer.o)
 .debug_pubnames
                0x00002164       0x6d contiki-avr-raven.a(stimer.o)
 .debug_pubnames
                0x000021d1       0x32 contiki-avr-raven.a(random.o)
 .debug_pubnames
                0x00002203       0x44 contiki-avr-raven.a(uip-udp-packet.)
 .debug_pubnames
                0x00002247       0x20 /usr/local/CrossPack-AVR-20100115/lib/gcc/avr/4.3.3/avr51/libgcc.a(_lshrdi3.o)
 .debug_pubnames
                0x00002267       0x1e /usr/local/CrossPack-AVR-20100115/lib/gcc/avr/4.3.3/avr51/libgcc.a(_gt_sf.o)
 .debug_pubnames
                0x00002285       0x1e /usr/local/CrossPack-AVR-20100115/lib/gcc/avr/4.3.3/avr51/libgcc.a(_lt_sf.o)
 .debug_pubnames
                0x000022a3       0x24 /usr/local/CrossPack-AVR-20100115/lib/gcc/avr/4.3.3/avr51/libgcc.a(_usi_to_sf.o)
 .debug_pubnames
                0x000022c7       0x1f /usr/local/CrossPack-AVR-20100115/lib/gcc/avr/4.3.3/avr51/libgcc.a(_clzsi2.o)
 .debug_pubnames
                0x000022e6       0x1f /usr/local/CrossPack-AVR-20100115/lib/gcc/avr/4.3.3/avr51/libgcc.a(_pack_sf.o)
 .debug_pubnames
                0x00002305       0x21 /usr/local/CrossPack-AVR-20100115/lib/gcc/avr/4.3.3/avr51/libgcc.a(_unpack_sf.o)
 .debug_pubnames
                0x00002326       0x26 /usr/local/CrossPack-AVR-20100115/lib/gcc/avr/4.3.3/avr51/libgcc.a(_fpcmp_parts_sf.o)
 .debug_pubnames
                0x0000234c       0x20 /usr/local/CrossPack-AVR-20100115/lib/gcc/avr/4.3.3/avr51/libgcc.a(_clz.o)
 .debug_pubnames
                0x0000236c       0x30 /usr/local/CrossPack-AVR-20100115/lib/gcc/avr/4.3.3/../../../../avr/lib/avr51/libc.a(rand.o)
 .debug_pubnames
                0x0000239c       0x1c /usr/local/CrossPack-AVR-20100115/lib/gcc/avr/4.3.3/../../../../avr/lib/avr51/libc.a(iob.o)
 .debug_pubnames
                0x000023b8       0x1d /usr/local/CrossPack-AVR-20100115/lib/gcc/avr/4.3.3/../../../../avr/lib/avr51/libc.a(printf.o)
 .debug_pubnames
                0x000023d5       0x1f /usr/local/CrossPack-AVR-20100115/lib/gcc/avr/4.3.3/../../../../avr/lib/avr51/libc.a(printf_p.o)
 .debug_pubnames
                0x000023f4       0x1b /usr/local/CrossPack-AVR-20100115/lib/gcc/avr/4.3.3/../../../../avr/lib/avr51/libc.a(puts.o)
 .debug_pubnames
                0x0000240f       0x21 /usr/local/CrossPack-AVR-20100115/lib/gcc/avr/4.3.3/../../../../avr/lib/avr51/libc.a(snprintf_p.o)
 .debug_pubnames
                0x00002430       0x1e /usr/local/CrossPack-AVR-20100115/lib/gcc/avr/4.3.3/../../../../avr/lib/avr51/libc.a(sprintf.o)
 .debug_pubnames
                0x0000244e       0x20 /usr/local/CrossPack-AVR-20100115/lib/gcc/avr/4.3.3/../../../../avr/lib/avr51/libc.a(vsnprintf.o)
 .debug_pubnames
                0x0000246e       0x1f /usr/local/CrossPack-AVR-20100115/lib/gcc/avr/4.3.3/../../../../avr/lib/avr51/libc.a(vfprintf_std.o)
 .debug_pubnames
                0x0000248d       0x1c /usr/local/CrossPack-AVR-20100115/lib/gcc/avr/4.3.3/../../../../avr/lib/avr51/libc.a(fputc.o)

.debug_info     0x00000000    0x116ed
 *(.debug_info)
 .debug_info    0x00000000      0x17d webserver6.co
 .debug_info    0x0000017d       0xab symbols.o
 .debug_info    0x00000228      0x2d7 contiki-avr-raven.a(webserver-nogui)
 .debug_info    0x000004ff      0xd91 contiki-avr-raven.a(httpd.o)
 .debug_info    0x00001290      0x5ad contiki-avr-raven.a(httpd-fs.o)
 .debug_info    0x0000183d      0xf23 contiki-avr-raven.a(httpd-cgi.o)
 .debug_info    0x00002760      0x746 contiki-avr-raven.a(contiki-raven-m)
 .debug_info    0x00002ea6       0x89 contiki-avr-raven.a(contiki-raven-d)
 .debug_info    0x00002f2f      0x23a contiki-avr-raven.a(clock.o)
 .debug_info    0x00003169      0x5f7 contiki-avr-raven.a(rs232.o)
 .debug_info    0x00003760     0x1000 contiki-avr-raven.a(sicslowmac.o)
 .debug_info    0x00004760      0x51b contiki-avr-raven.a(process.o)
 .debug_info    0x00004c7b      0x18f contiki-avr-raven.a(procinit.o)
 .debug_info    0x00004e0a      0x1af contiki-avr-raven.a(autostart.o)
 .debug_info    0x00004fb9      0x1af contiki-avr-raven.a(memb.o)
 .debug_info    0x00005168      0x4ed contiki-avr-raven.a(etimer.o)
 .debug_info    0x00005655      0xf51 contiki-avr-raven.a(uip6.o)
 .debug_info    0x000065a6     0x101b contiki-avr-raven.a(tcpip.o)
 .debug_info    0x000075c1      0x7ed contiki-avr-raven.a(psock.o)
 .debug_info    0x00007dae      0x293 contiki-avr-raven.a(uip-split.o)
 .debug_info    0x00008041      0x3e2 contiki-avr-raven.a(uip-icmp6.o)
 .debug_info    0x00008423      0x8af contiki-avr-raven.a(uip-nd6.o)
 .debug_info    0x00008cd2      0x940 contiki-avr-raven.a(uip-nd6-io.o)
 .debug_info    0x00009612      0x768 contiki-avr-raven.a(uip-netif.o)
 .debug_info    0x00009d7a      0x8b4 contiki-avr-raven.a(sicslowpan.o)
 .debug_info    0x0000a62e      0x855 contiki-avr-raven.a(raven-lcd.o)
 .debug_info    0x0000ae83      0x71f contiki-avr-raven.a(relay-switch.o)
 .debug_info    0x0000b5a2       0x8a contiki-avr-raven.a(watchdog.o)
 .debug_info    0x0000b62c     0x1271 contiki-avr-raven.a(radio.o)
 .debug_info    0x0000c89d      0x7f2 contiki-avr-raven.a(hal.o)
 .debug_info    0x0000d08f      0x711 contiki-avr-raven.a(frame.o)
 .debug_info    0x0000d7a0      0x3b2 contiki-avr-raven.a(mac.o)
 .debug_info    0x0000db52      0x5ae contiki-avr-raven.a(ieee-15-4-manag)
 .debug_info    0x0000e100      0x692 contiki-avr-raven.a(packetbuf.o)
 .debug_info    0x0000e792      0x3bc contiki-avr-raven.a(queuebuf.o)
 .debug_info    0x0000eb4e      0x1bf contiki-avr-raven.a(rimeaddr.o)
 .debug_info    0x0000ed0d      0x170 contiki-avr-raven.a(timer.o)
 .debug_info    0x0000ee7d      0x165 contiki-avr-raven.a(stimer.o)
 .debug_info    0x0000efe2       0xa1 contiki-avr-raven.a(random.o)
 .debug_info    0x0000f083      0x361 contiki-avr-raven.a(uip-udp-packet.)
 .debug_info    0x0000f3e4      0x17f /usr/local/CrossPack-AVR-20100115/lib/gcc/avr/4.3.3/avr51/libgcc.a(_lshrdi3.o)
 .debug_info    0x0000f563      0x27f /usr/local/CrossPack-AVR-20100115/lib/gcc/avr/4.3.3/avr51/libgcc.a(_gt_sf.o)
 .debug_info    0x0000f7e2      0x27f /usr/local/CrossPack-AVR-20100115/lib/gcc/avr/4.3.3/avr51/libgcc.a(_lt_sf.o)
 .debug_info    0x0000fa61      0x206 /usr/local/CrossPack-AVR-20100115/lib/gcc/avr/4.3.3/avr51/libgcc.a(_usi_to_sf.o)
 .debug_info    0x0000fc67      0x117 /usr/local/CrossPack-AVR-20100115/lib/gcc/avr/4.3.3/avr51/libgcc.a(_clzsi2.o)
 .debug_info    0x0000fd7e      0x2df /usr/local/CrossPack-AVR-20100115/lib/gcc/avr/4.3.3/avr51/libgcc.a(_pack_sf.o)
 .debug_info    0x0001005d      0x251 /usr/local/CrossPack-AVR-20100115/lib/gcc/avr/4.3.3/avr51/libgcc.a(_unpack_sf.o)
 .debug_info    0x000102ae      0x210 /usr/local/CrossPack-AVR-20100115/lib/gcc/avr/4.3.3/avr51/libgcc.a(_fpcmp_parts_sf.o)
 .debug_info    0x000104be       0xa9 /usr/local/CrossPack-AVR-20100115/lib/gcc/avr/4.3.3/avr51/libgcc.a(_clz.o)
 .debug_info    0x00010567      0x115 /usr/local/CrossPack-AVR-20100115/lib/gcc/avr/4.3.3/../../../../avr/lib/avr51/libc.a(rand.o)
 .debug_info    0x0001067c      0x156 /usr/local/CrossPack-AVR-20100115/lib/gcc/avr/4.3.3/../../../../avr/lib/avr51/libc.a(iob.o)
 .debug_info    0x000107d2      0x1b4 /usr/local/CrossPack-AVR-20100115/lib/gcc/avr/4.3.3/../../../../avr/lib/avr51/libc.a(printf.o)
 .debug_info    0x00010986      0x1b4 /usr/local/CrossPack-AVR-20100115/lib/gcc/avr/4.3.3/../../../../avr/lib/avr51/libc.a(printf_p.o)
 .debug_info    0x00010b3a      0x1a0 /usr/local/CrossPack-AVR-20100115/lib/gcc/avr/4.3.3/../../../../avr/lib/avr51/libc.a(puts.o)
 .debug_info    0x00010cda      0x1d4 /usr/local/CrossPack-AVR-20100115/lib/gcc/avr/4.3.3/../../../../avr/lib/avr51/libc.a(snprintf_p.o)
 .debug_info    0x00010eae      0x1b4 /usr/local/CrossPack-AVR-20100115/lib/gcc/avr/4.3.3/../../../../avr/lib/avr51/libc.a(sprintf.o)
 .debug_info    0x00011062      0x1d7 /usr/local/CrossPack-AVR-20100115/lib/gcc/avr/4.3.3/../../../../avr/lib/avr51/libc.a(vsnprintf.o)
 .debug_info    0x00011239      0x34a /usr/local/CrossPack-AVR-20100115/lib/gcc/avr/4.3.3/../../../../avr/lib/avr51/libc.a(vfprintf_std.o)
 .debug_info    0x00011583      0x16a /usr/local/CrossPack-AVR-20100115/lib/gcc/avr/4.3.3/../../../../avr/lib/avr51/libc.a(fputc.o)
 *(.gnu.linkonce.wi.*)

.debug_abbrev   0x00000000     0x5ddb
 *(.debug_abbrev)
 .debug_abbrev  0x00000000       0xe8 webserver6.co
 .debug_abbrev  0x000000e8       0x8b symbols.o
 .debug_abbrev  0x00000173      0x182 contiki-avr-raven.a(webserver-nogui)
 .debug_abbrev  0x000002f5      0x33e contiki-avr-raven.a(httpd.o)
 .debug_abbrev  0x00000633      0x13a contiki-avr-raven.a(httpd-fs.o)
 .debug_abbrev  0x0000076d      0x2ef contiki-avr-raven.a(httpd-cgi.o)
 .debug_abbrev  0x00000a5c      0x250 contiki-avr-raven.a(contiki-raven-m)
 .debug_abbrev  0x00000cac       0x48 contiki-avr-raven.a(contiki-raven-d)
 .debug_abbrev  0x00000cf4      0x152 contiki-avr-raven.a(clock.o)
 .debug_abbrev  0x00000e46      0x258 contiki-avr-raven.a(rs232.o)
 .debug_abbrev  0x0000109e      0x434 contiki-avr-raven.a(sicslowmac.o)
 .debug_abbrev  0x000014d2      0x2b6 contiki-avr-raven.a(process.o)
 .debug_abbrev  0x00001788       0xf7 contiki-avr-raven.a(procinit.o)
 .debug_abbrev  0x0000187f       0xf3 contiki-avr-raven.a(autostart.o)
 .debug_abbrev  0x00001972       0xe0 contiki-avr-raven.a(memb.o)
 .debug_abbrev  0x00001a52      0x215 contiki-avr-raven.a(etimer.o)
 .debug_abbrev  0x00001c67      0x2dd contiki-avr-raven.a(uip6.o)
 .debug_abbrev  0x00001f44      0x3cb contiki-avr-raven.a(tcpip.o)
 .debug_abbrev  0x0000230f      0x286 contiki-avr-raven.a(psock.o)
 .debug_abbrev  0x00002595       0xe0 contiki-avr-raven.a(uip-split.o)
 .debug_abbrev  0x00002675      0x144 contiki-avr-raven.a(uip-icmp6.o)
 .debug_abbrev  0x000027b9      0x289 contiki-avr-raven.a(uip-nd6.o)
 .debug_abbrev  0x00002a42      0x1d8 contiki-avr-raven.a(uip-nd6-io.o)
 .debug_abbrev  0x00002c1a      0x2ca contiki-avr-raven.a(uip-netif.o)
 .debug_abbrev  0x00002ee4      0x2c5 contiki-avr-raven.a(sicslowpan.o)
 .debug_abbrev  0x000031a9      0x2fd contiki-avr-raven.a(raven-lcd.o)
 .debug_abbrev  0x000034a6      0x240 contiki-avr-raven.a(relay-switch.o)
 .debug_abbrev  0x000036e6       0x29 contiki-avr-raven.a(watchdog.o)
 .debug_abbrev  0x0000370f      0x377 contiki-avr-raven.a(radio.o)
 .debug_abbrev  0x00003a86      0x21d contiki-avr-raven.a(hal.o)
 .debug_abbrev  0x00003ca3      0x241 contiki-avr-raven.a(frame.o)
 .debug_abbrev  0x00003ee4       0xe1 contiki-avr-raven.a(mac.o)
 .debug_abbrev  0x00003fc5       0xf0 contiki-avr-raven.a(ieee-15-4-manag)
 .debug_abbrev  0x000040b5      0x251 contiki-avr-raven.a(packetbuf.o)
 .debug_abbrev  0x00004306      0x178 contiki-avr-raven.a(queuebuf.o)
 .debug_abbrev  0x0000447e      0x164 contiki-avr-raven.a(rimeaddr.o)
 .debug_abbrev  0x000045e2       0xc1 contiki-avr-raven.a(timer.o)
 .debug_abbrev  0x000046a3       0xb4 contiki-avr-raven.a(stimer.o)
 .debug_abbrev  0x00004757       0x65 contiki-avr-raven.a(random.o)
 .debug_abbrev  0x000047bc      0x183 contiki-avr-raven.a(uip-udp-packet.)
 .debug_abbrev  0x0000493f       0xee /usr/local/CrossPack-AVR-20100115/lib/gcc/avr/4.3.3/avr51/libgcc.a(_lshrdi3.o)
 .debug_abbrev  0x00004a2d      0x15a /usr/local/CrossPack-AVR-20100115/lib/gcc/avr/4.3.3/avr51/libgcc.a(_gt_sf.o)
 .debug_abbrev  0x00004b87      0x15a /usr/local/CrossPack-AVR-20100115/lib/gcc/avr/4.3.3/avr51/libgcc.a(_lt_sf.o)
 .debug_abbrev  0x00004ce1      0x157 /usr/local/CrossPack-AVR-20100115/lib/gcc/avr/4.3.3/avr51/libgcc.a(_usi_to_sf.o)
 .debug_abbrev  0x00004e38       0xc4 /usr/local/CrossPack-AVR-20100115/lib/gcc/avr/4.3.3/avr51/libgcc.a(_clzsi2.o)
 .debug_abbrev  0x00004efc      0x1c0 /usr/local/CrossPack-AVR-20100115/lib/gcc/avr/4.3.3/avr51/libgcc.a(_pack_sf.o)
 .debug_abbrev  0x000050bc      0x154 /usr/local/CrossPack-AVR-20100115/lib/gcc/avr/4.3.3/avr51/libgcc.a(_unpack_sf.o)
 .debug_abbrev  0x00005210      0x13b /usr/local/CrossPack-AVR-20100115/lib/gcc/avr/4.3.3/avr51/libgcc.a(_fpcmp_parts_sf.o)
 .debug_abbrev  0x0000534b       0x6a /usr/local/CrossPack-AVR-20100115/lib/gcc/avr/4.3.3/avr51/libgcc.a(_clz.o)
 .debug_abbrev  0x000053b5       0xdc /usr/local/CrossPack-AVR-20100115/lib/gcc/avr/4.3.3/../../../../avr/lib/avr51/libc.a(rand.o)
 .debug_abbrev  0x00005491       0xd0 /usr/local/CrossPack-AVR-20100115/lib/gcc/avr/4.3.3/../../../../avr/lib/avr51/libc.a(iob.o)
 .debug_abbrev  0x00005561      0x10f /usr/local/CrossPack-AVR-20100115/lib/gcc/avr/4.3.3/../../../../avr/lib/avr51/libc.a(printf.o)
 .debug_abbrev  0x00005670      0x10f /usr/local/CrossPack-AVR-20100115/lib/gcc/avr/4.3.3/../../../../avr/lib/avr51/libc.a(printf_p.o)
 .debug_abbrev  0x0000577f      0x103 /usr/local/CrossPack-AVR-20100115/lib/gcc/avr/4.3.3/../../../../avr/lib/avr51/libc.a(puts.o)
 .debug_abbrev  0x00005882       0xff /usr/local/CrossPack-AVR-20100115/lib/gcc/avr/4.3.3/../../../../avr/lib/avr51/libc.a(snprintf_p.o)
 .debug_abbrev  0x00005981      0x10e /usr/local/CrossPack-AVR-20100115/lib/gcc/avr/4.3.3/../../../../avr/lib/avr51/libc.a(sprintf.o)
 .debug_abbrev  0x00005a8f       0xed /usr/local/CrossPack-AVR-20100115/lib/gcc/avr/4.3.3/../../../../avr/lib/avr51/libc.a(vsnprintf.o)
 .debug_abbrev  0x00005b7c      0x184 /usr/local/CrossPack-AVR-20100115/lib/gcc/avr/4.3.3/../../../../avr/lib/avr51/libc.a(vfprintf_std.o)
 .debug_abbrev  0x00005d00       0xdb /usr/local/CrossPack-AVR-20100115/lib/gcc/avr/4.3.3/../../../../avr/lib/avr51/libc.a(fputc.o)

.debug_line     0x00000000     0xb3bc
 *(.debug_line)
 .debug_line    0x00000000       0xc4 webserver6.co
 .debug_line    0x000000c4       0x6a symbols.o
 .debug_line    0x0000012e      0x1e9 contiki-avr-raven.a(webserver-nogui)
 .debug_line    0x00000317      0x715 contiki-avr-raven.a(httpd.o)
 .debug_line    0x00000a2c      0x1cb contiki-avr-raven.a(httpd-fs.o)
 .debug_line    0x00000bf7      0x532 contiki-avr-raven.a(httpd-cgi.o)
 .debug_line    0x00001129      0x3df contiki-avr-raven.a(contiki-raven-m)
 .debug_line    0x00001508       0x8d contiki-avr-raven.a(contiki-raven-d)
 .debug_line    0x00001595      0x1b3 contiki-avr-raven.a(clock.o)
 .debug_line    0x00001748      0x39c contiki-avr-raven.a(rs232.o)
 .debug_line    0x00001ae4      0x748 contiki-avr-raven.a(sicslowmac.o)
 .debug_line    0x0000222c      0x3b1 contiki-avr-raven.a(process.o)
 .debug_line    0x000025dd       0xa7 contiki-avr-raven.a(procinit.o)
 .debug_line    0x00002684       0xd2 contiki-avr-raven.a(autostart.o)
 .debug_line    0x00002756      0x125 contiki-avr-raven.a(memb.o)
 .debug_line    0x0000287b      0x383 contiki-avr-raven.a(etimer.o)
 .debug_line    0x00002bfe     0x1129 contiki-avr-raven.a(uip6.o)
 .debug_line    0x00003d27      0x70f contiki-avr-raven.a(tcpip.o)
 .debug_line    0x00004436      0x4fb contiki-avr-raven.a(psock.o)
 .debug_line    0x00004931      0x138 contiki-avr-raven.a(uip-split.o)
 .debug_line    0x00004a69      0x244 contiki-avr-raven.a(uip-icmp6.o)
 .debug_line    0x00004cad      0x685 contiki-avr-raven.a(uip-nd6.o)
 .debug_line    0x00005332      0x8a4 contiki-avr-raven.a(uip-nd6-io.o)