Archive member included because of file (symbol)

contiki-avr-ravenusb.a(contiki-raven-m)
                              /usr/local/CrossPack-AVR-20100115/lib/gcc/avr/4.3.3/../../../../avr/lib/avr51/crtusb1287.o (main)
contiki-avr-ravenusb.a(cdc_task.o)
                              contiki-avr-ravenusb.a(contiki-raven-m) (cdc_process)
contiki-avr-ravenusb.a(rndis_task.o)
                              contiki-avr-ravenusb.a(cdc_task.o) (usb_busy)
contiki-avr-ravenusb.a(rndis.o)
                              contiki-avr-ravenusb.a(cdc_task.o) (rndis_state)
contiki-avr-ravenusb.a(usb_standard_re)
                              contiki-avr-ravenusb.a(cdc_task.o) (usb_configuration_nb)
contiki-avr-ravenusb.a(usb_task.o)
                              contiki-avr-ravenusb.a(contiki-raven-m) (usb_process)
contiki-avr-ravenusb.a(storage_task.o)
                              contiki-avr-ravenusb.a(contiki-raven-m) (storage_process)
contiki-avr-ravenusb.a(clock.o)
                              contiki-avr-ravenusb.a(contiki-raven-m) (clock_init)
contiki-avr-ravenusb.a(radio.o)
                              contiki-avr-ravenusb.a(rndis.o) (radio_set_trx_state)
contiki-avr-ravenusb.a(hal.o)
                              contiki-avr-ravenusb.a(radio.o) (hal_init)
contiki-avr-ravenusb.a(frame.o)
                              contiki-avr-ravenusb.a(radio.o) (rx_frame_parse)
contiki-avr-ravenusb.a(sicslowmac.o)
                              contiki-avr-ravenusb.a(radio.o) (mac_put_event)
contiki-avr-ravenusb.a(process.o)
                              contiki-avr-ravenusb.a(contiki-raven-m) (process_init)
contiki-avr-ravenusb.a(procinit.o)
                              contiki-avr-ravenusb.a(contiki-raven-m) (procinit_init)
contiki-avr-ravenusb.a(timer.o)
                              contiki-avr-ravenusb.a(rndis_task.o) (timer_expired)
contiki-avr-ravenusb.a(etimer.o)
                              contiki-avr-ravenusb.a(cdc_task.o) (etimer_expired)
contiki-avr-ravenusb.a(sicslowpan.o)
                              contiki-avr-ravenusb.a(sicslowmac.o) (sicslowpan_init)
contiki-avr-ravenusb.a(fakeuip.o)
                              contiki-avr-ravenusb.a(sicslowpan.o) (tcpip_set_outputfunc)
contiki-avr-ravenusb.a(contiki-raven-d)
                              contiki-avr-ravenusb.a(contiki-raven-m) (init_lowlevel)
contiki-avr-ravenusb.a(contiki-raven-d)
                              contiki-avr-ravenusb.a(contiki-raven-m) (init_net)
contiki-avr-ravenusb.a(sicslow_etherne)
                              contiki-avr-ravenusb.a(cdc_task.o) (usbstick_mode)
contiki-avr-ravenusb.a(uart_usb_lib.o)
                              contiki-avr-ravenusb.a(cdc_task.o) (uart_usb_init)
contiki-avr-ravenusb.a(usb_descriptors)
                              contiki-avr-ravenusb.a(usb_standard_re) (Usb_get_dev_desc_pointer)
contiki-avr-ravenusb.a(usb_drv.o)
                              contiki-avr-ravenusb.a(usb_task.o) (usb_init_device)
contiki-avr-ravenusb.a(usb_specific_re)
                              contiki-avr-ravenusb.a(usb_standard_re) (usb_user_get_descriptor)
contiki-avr-ravenusb.a(scsi_decoder.o)
                              contiki-avr-ravenusb.a(storage_task.o) (g_scsi_command)
contiki-avr-ravenusb.a(ctrl_access.o)
                              contiki-avr-ravenusb.a(usb_specific_re) (get_nb_lun)
contiki-avr-ravenusb.a(avr_flash.o)
                              contiki-avr-ravenusb.a(ctrl_access.o) (avrf_test_unit_ready)
contiki-avr-ravenusb.a(watchdog.o)
                              contiki-avr-ravenusb.a(sicslowpan.o) (watchdog_periodic)
contiki-avr-ravenusb.a(mac.o)
                              contiki-avr-ravenusb.a(sicslowmac.o) (mac_init)
contiki-avr-ravenusb.a(ieee-15-4-manag)
                              contiki-avr-ravenusb.a(sicslowmac.o) (ieee_15_4_init)
contiki-avr-ravenusb.a(packetbuf.o)
                              contiki-avr-ravenusb.a(sicslowmac.o) (packetbuf_set_datalen)
contiki-avr-ravenusb.a(queuebuf.o)
                              contiki-avr-ravenusb.a(sicslowpan.o) (queuebuf_to_packetbuf)
contiki-avr-ravenusb.a(rimeaddr.o)
                              contiki-avr-ravenusb.a(sicslowpan.o) (rimeaddr_copy)
contiki-avr-ravenusb.a(memb.o)
                              contiki-avr-ravenusb.a(queuebuf.o) (memb_alloc)
/usr/local/CrossPack-AVR-20100115/lib/gcc/avr/4.3.3/avr51/libgcc.a(_divmodhi4.o)
                              contiki-avr-ravenusb.a(sicslowmac.o) (__divmodhi4)
/usr/local/CrossPack-AVR-20100115/lib/gcc/avr/4.3.3/avr51/libgcc.a(_exit.o)
                              /usr/local/CrossPack-AVR-20100115/lib/gcc/avr/4.3.3/../../../../avr/lib/avr51/crtusb1287.o (exit)
/usr/local/CrossPack-AVR-20100115/lib/gcc/avr/4.3.3/avr51/libgcc.a(_clear_bss.o)
                              contiki-avr-ravenusb.a(cdc_task.o) (__do_clear_bss)
/usr/local/CrossPack-AVR-20100115/lib/gcc/avr/4.3.3/avr51/libgcc.a(_lshrdi3.o)
                              contiki-avr-ravenusb.a(contiki-raven-d) (__lshrdi3)
[...]
Memory Configuration

Name             Origin             Length             Attributes
text             0x00000000         0x00020000         xr
data             0x00800060         0x0000ffa0         rw !x
eeprom           0x00810000         0x00010000         rw !x
fuse             0x00820000         0x00000400         rw !x
lock             0x00830000         0x00000400         rw !x
signature        0x00840000         0x00000400         rw !x
*default*        0x00000000         0xffffffff

Linker script and memory map

Address of section .data set to 0x800100
LOAD /usr/local/CrossPack-AVR-20100115/lib/gcc/avr/4.3.3/../../../../avr/lib/avr51/crtusb1287.o
Address of section .bootloader set to 0x1fc00
LOAD ravenusbstick.co
LOAD symbols.o
LOAD contiki-avr-ravenusb.a
LOAD /usr/local/CrossPack-AVR-20100115/lib/gcc/avr/4.3.3/avr51/libgcc.a
LOAD /usr/local/CrossPack-AVR-20100115/lib/gcc/avr/4.3.3/../../../../avr/lib/avr51/libc.a
LOAD /usr/local/CrossPack-AVR-20100115/lib/gcc/avr/4.3.3/avr51/libgcc.a

.hash
 *(.hash)

.dynsym
 *(.dynsym)

.dynstr
 *(.dynstr)

.gnu.version
 *(.gnu.version)

.gnu.version_d
 *(.gnu.version_d)

.gnu.version_r
 *(.gnu.version_r)

.rel.init
 *(.rel.init)

.rela.init
 *(.rela.init)

.rel.text
 *(.rel.text)
 *(.rel.text.*)
 *(.rel.gnu.linkonce.t*)

.rela.text
 *(.rela.text)
 *(.rela.text.*)
 *(.rela.gnu.linkonce.t*)

.rel.fini
 *(.rel.fini)

.rela.fini
 *(.rela.fini)

.rel.rodata
 *(.rel.rodata)
 *(.rel.rodata.*)
 *(.rel.gnu.linkonce.r*)

.rela.rodata
 *(.rela.rodata)
 *(.rela.rodata.*)
 *(.rela.gnu.linkonce.r*)

.rel.data
 *(.rel.data)
 *(.rel.data.*)
 *(.rel.gnu.linkonce.d*)

.rela.data
 *(.rela.data)
 *(.rela.data.*)
 *(.rela.gnu.linkonce.d*)

.rel.ctors
 *(.rel.ctors)

.rela.ctors
 *(.rela.ctors)

.rel.dtors
 *(.rel.dtors)

.rela.dtors
 *(.rela.dtors)

.rel.got
 *(.rel.got)

.rela.got
 *(.rela.got)

.rel.bss
 *(.rel.bss)

.rela.bss
 *(.rela.bss)

.rel.plt
 *(.rel.plt)

.rela.plt
 *(.rela.plt)

.text           0x00000000     0x9876
 *(.vectors)
 .vectors       0x00000000       0x98 /usr/local/CrossPack-AVR-20100115/lib/gcc/avr/4.3.3/../../../../avr/lib/avr51/crtusb1287.o
                0x00000000                __vectors
                0x00000000                __vector_default
 *(.vectors)
 *(.progmem.gcc*)
 *(.progmem*)
 .progmem.data  0x00000098       0x35 contiki-avr-ravenusb.a(contiki-raven-m)
 .progmem.data  0x000000cd      0x4ea contiki-avr-ravenusb.a(cdc_task.o)
 .progmem.data  0x000005b7       0xac contiki-avr-ravenusb.a(rndis.o)
                0x000005b7                OIDSupportedList
 .progmem.data  0x00000663      0x196 contiki-avr-ravenusb.a(usb_descriptors)
                0x00000675                usb_conf_desc_composite
                0x000007f5                usb_user_language_id
                0x00000702                usb_dev_desc_network
                0x00000769                usb_conf_desc_mass
                0x000007c7                usb_user_product_string_descriptor
                0x00000663                usb_dev_desc_composite
                0x0000079b                usb_conf_desc_eem
                0x000007e9                usb_user_serial_number
                0x00000757                usb_dev_desc_mass
                0x000007bb                usb_user_manufacturer_string_descriptor
                0x00000789                usb_dev_desc_eem
                0x00000714                usb_conf_desc_network
 .progmem.data  0x000007f9       0x24 contiki-avr-ravenusb.a(scsi_decoder.o)
                0x00000815                sbc_std_inquiry_data
                0x000007f9                g_sbc_vendor_id
                0x00000811                g_sbc_revision_id
                0x00000801                g_sbc_product_id
 .progmem.data  0x0000081d       0x13 contiki-avr-ravenusb.a(ctrl_access.o)
                0x0000081d                lun4_name
                0x00000830                . = ALIGN (0x2)
                0x00000830                __trampolines_start = .
 *(.trampolines)
 .trampolines   0x00000830        0x0 linker stubs
 *(.trampolines*)
                0x00000830                __trampolines_end = .
 *(.jumptables)
 *(.jumptables*)
 *(.lowtext)
 *(.lowtext*)
                0x00000830                __ctors_start = .
 *(.ctors)
                0x00000830                __ctors_end = .
                0x00000830                __dtors_start = .
 *(.dtors)
                0x00000830                __dtors_end = .
 SORT(*)(.ctors)
 SORT(*)(.dtors)
 *(.init0)
 .init0         0x00000830        0x0 /usr/local/CrossPack-AVR-20100115/lib/gcc/avr/4.3.3/../../../../avr/lib/avr51/crtusb1287.o
                0x00000830                __init
 *(.init0)
 *(.init1)
 *(.init1)
 *(.init2)
 .init2         0x00000830        0xc /usr/local/CrossPack-AVR-20100115/lib/gcc/avr/4.3.3/../../../../avr/lib/avr51/crtusb1287.o
 *(.init2)
 *(.init3)
 *(.init3)
 *(.init4)
 .init4         0x0000083c       0x1a /usr/local/CrossPack-AVR-20100115/lib/gcc/avr/4.3.3/../../../../avr/lib/avr51/crtusb1287.o
                0x0000083c                __do_copy_data
 .init4         0x00000856       0x10 /usr/local/CrossPack-AVR-20100115/lib/gcc/avr/4.3.3/avr51/libgcc.a(_clear_bss.o)
                0x00000856                __do_clear_bss
 *(.init4)
 *(.init5)
 *(.init5)
 *(.init6)
 *(.init6)
 *(.init7)
 *(.init7)
 *(.init8)
 *(.init8)
 *(.init9)
 .init9         0x00000866        0x8 /usr/local/CrossPack-AVR-20100115/lib/gcc/avr/4.3.3/../../../../avr/lib/avr51/crtusb1287.o
 *(.init9)
 *(.text)
 .text          0x0000086e        0x4 /usr/local/CrossPack-AVR-20100115/lib/gcc/avr/4.3.3/../../../../avr/lib/avr51/crtusb1287.o
                0x0000086e                __vector_22
                0x0000086e                __vector_28
                0x0000086e                __vector_1
                0x0000086e                __vector_32
                0x0000086e                __vector_34
                0x0000086e                __vector_24
                0x0000086e                __vector_12
                0x0000086e                __bad_interrupt
                0x0000086e                __vector_6
                0x0000086e                __vector_31
                0x0000086e                __vector_35
                0x0000086e                __vector_3
                0x0000086e                __vector_23
                0x0000086e                __vector_30
                0x0000086e                __vector_25
                0x0000086e                __vector_11
                0x0000086e                __vector_13
                0x0000086e                __vector_17
                0x0000086e                __vector_19
                0x0000086e                __vector_7
                0x0000086e                __vector_27
                0x0000086e                __vector_5
                0x0000086e                __vector_33
                0x0000086e                __vector_37
                0x0000086e                __vector_4
                0x0000086e                __vector_9
                0x0000086e                __vector_2
                0x0000086e                __vector_15
                0x0000086e                __vector_36
                0x0000086e                __vector_29
                0x0000086e                __vector_8
                0x0000086e                __vector_26
                0x0000086e                __vector_14
                0x0000086e                __vector_18
 .text          0x00000872        0x0 ravenusbstick.co
 .text          0x00000872        0x0 symbols.o
 .text          0x00000872       0x78 contiki-avr-ravenusb.a(contiki-raven-m)
                0x00000872                main
 .text          0x000008ea      0x5b0 contiki-avr-ravenusb.a(cdc_task.o)
                0x000008ea                vcptx_end_led
                0x000009ec                menu_process
                0x000008f4                menu_print
 .text          0x00000e9a      0x622 contiki-avr-ravenusb.a(rndis_task.o)
                0x000010bc                usb_eth_send
                0x00000e9a                eem_send
                0x000010ea                tx_end_led
                0x00000f72                rndis_send
                0x000010e0                rx_start_led
 .text          0x000014bc      0xd4a contiki-avr-ravenusb.a(rndis.o)
                0x0000156e                rndis_send_status
                0x000014c4                get_encapsulated_command
                0x00001f1e                send_encapsulated_command
                0x0000160c                rndis_packetFilter
                0x000014bc                rndis_send_interrupt
                0x00001876                rndis_query_process
                0x00001620                rndis_set_process
 .text          0x00002206      0x3d4 contiki-avr-ravenusb.a(usb_standard_re)
                0x00002206                usb_process_request
 .text          0x000025da      0x354 contiki-avr-ravenusb.a(usb_task.o)
                0x000025f4                usb_start_device
                0x000025da                suspend_action
                0x0000276a                __vector_10
 .text          0x0000292e      0x296 contiki-avr-ravenusb.a(storage_task.o)
                0x0000292e                usb_mass_storage_csw
                0x000029f6                usb_mass_storage_cbw
 .text          0x00002bc4      0x18c contiki-avr-ravenusb.a(clock.o)
                0x00002bc4                clock_init
                0x00002c2c                clock_wait
                0x00002c68                clock_seconds
                0x00002c16                clock_delay
                0x00002c98                __vector_21
                0x00002c66                clock_set_seconds
                0x00002bfc                clock_time
 .text          0x00002d50      0xa74 contiki-avr-ravenusb.a(radio.o)
                0x000034c4                radio_set_operating_channel
                0x00002d62                radio_is_sleeping
                0x00003452                radio_batmon_get_voltage_threshold
                0x00002d6a                radio_reset_trx
                0x00002d7a                calibrate_rc_osc_32k
                0x000030a6                radio_set_pan_id
                0x00003634                radio_init
                0x000031a0                radio_leave_sleep_mode
                0x00003316                radio_set_clock_speed
                0x00002f58                radio_set_tx_power_level
                0x000030be                radio_get_extended_address
                0x0000330a                radio_get_clock_speed
                0x00002f80                radio_configure_csma
                0x000035ca                radio_calibrate_pll
                0x000034a0                radio_get_cca_mode
                0x00003494                radio_get_ed_threshold
                0x00002e96                radio_use_auto_tx_crc
                0x00002eb2                radio_reset_state_machine
                0x000034ac                radio_get_tx_power_level
                0x000034b8                radio_get_operating_channel
                0x0000356e                radio_send_data
                0x00003166                radio_get_pan_id
                0x0000342a                radio_batmon_get_status
                0x00003368                calibrate_rc_osc_clkm
                0x00003144                radio_get_short_address
                0x00002d5c                radio_get_saved_rssi_value
                0x00002ff0                radio_set_extended_address
                0x000031f0                radio_set_trx_state
                0x00002d50                radio_frame_data
                0x00002ed2                radio_batmon_configure
                0x00002e88                radio_set_device_role
                0x00002f1a                radio_set_cca_mode
                0x00002d56                radio_frame_length
                0x0000345e                radio_get_rssi_value
                0x00003446                radio_batmon_get_voltage_range
                0x0000308e                radio_set_short_address
                0x00003188                radio_get_device_role
                0x00003194                radio_get_trx_state
                0x000032c4                radio_calibrate_filter
                0x000031ca                radio_enter_sleep_mode
 .text          0x000037c4      0x5aa contiki-avr-ravenusb.a(hal.o)
                0x0000388a                hal_clear_trx_end_event_handler
                0x00003992                hal_subregister_read
                0x0000383c                hal_clear_bat_low_flag
                0x00003b8e                hal_sram_read
                0x000038b8                hal_set_rx_start_event_handler
                0x000037c4                hal_reset_flags
                0x00003866                hal_set_trx_end_event_handler
                0x00003900                hal_get_pll_lock_flag
                0x00003b42                hal_frame_write
                0x000038dc                hal_clear_rx_start_event_handler
                0x0000385c                hal_get_trx_end_event_handler
                0x0000395c                hal_register_write
                0x00003bda                hal_sram_write
                0x00003836                hal_get_bat_low_flag
                0x000039b8                hal_subregister_write
                0x000038ae                hal_get_rx_start_event_handler
                0x000039f6                hal_frame_read
                0x00003906                hal_clear_pll_lock_flag
                0x00003926                hal_register_read
                0x00003c24                __vector_16
                0x00003d40                __vector_20
                0x000037f8                hal_init
 .text          0x00003d6e      0x428 contiki-avr-ravenusb.a(frame.o)
                0x00003d6e                rx_frame_parse
                0x00003f04                frame_tx_create
 .text          0x00004196      0x58a contiki-avr-ravenusb.a(sicslowmac.o)
                0x00004246                mac_wake
                0x0000428e                sicslowmac_resetRequest
                0x00004268                byte_reverse
                0x00004644                mac_pollhandler
                0x00004262                sicslowmac_get_driver
                0x0000424c                mac_sleep
                0x00004554                sicslowmac_dataIndication
                0x00004258                sicslowmac_get_frame
                0x000045f0                mac_task
                0x00004308                sicslowmac_dataRequest
                0x000041fe                mac_get_event
                0x000044aa                sicslowmac_unknownIndication
                0x00004196                mac_event_pending
                0x000041a8                mac_put_event
                0x00004252                sicslowmac_init
 .text          0x00004720      0x366 contiki-avr-ravenusb.a(process.o)
                0x0000499a                process_post
                0x00004988                process_nevents
                0x00004a00                process_start
                0x000049e2                process_post_synch
                0x00004a5a                process_poll
                0x00004720                process_alloc_event
                0x0000484a                process_exit
                0x00004a72                process_is_running
                0x00004858                process_init
                0x000048b6                process_run
 .text          0x00004a86       0x20 contiki-avr-ravenusb.a(procinit.o)
                0x00004a86                procinit_init
 .text          0x00004aa6       0x9e contiki-avr-ravenusb.a(timer.o)
                0x00004ae4                timer_expired
                0x00004aba                timer_remaining
                0x00004b28                timer_set
                0x00004b12                timer_restart
                0x00004aa6                timer_reset
 .text          0x00004b44      0x2e4 contiki-avr-ravenusb.a(etimer.o)
                0x00004b74                etimer_pending
                0x00004dfc                etimer_reset
                0x00004e12                etimer_set
                0x00004c5e                etimer_adjust
                0x00004de6                etimer_restart
                0x00004b6c                etimer_start_time
                0x00004b8a                etimer_next_expiration_time
                0x00004c72                etimer_request_poll
                0x00004b5a                etimer_expiration_time
                0x00004c0e                etimer_stop
                0x00004b44                etimer_expired
 .text          0x00004e28     0x12ea contiki-avr-ravenusb.a(sicslowpan.o)
                0x00004e28                sicslowpan_init
 .text          0x00006112       0xde contiki-avr-ravenusb.a(fakeuip.o)
                0x00006112                tcpip_output
                0x00006184                uip_icmp6chksum
                0x000061c6                uip_netif_addr_autoconf_set
                0x00006130                htons
                0x00006126                tcpip_set_outputfunc
 .text          0x000061f0       0x7c contiki-avr-ravenusb.a(contiki-raven-d)
                0x00006246                init_lowlevel
                0x000061f0                checkForFinger
 .text          0x0000626c       0xa0 contiki-avr-ravenusb.a(contiki-raven-d)
                0x0000626c                init_net
 .text          0x0000630c      0x87e contiki-avr-ravenusb.a(sicslow_etherne)
                0x00006514                mac_logTXtoEthernet
                0x000064d4                mac_ethhijack_nondata
                0x000069ca                mac_ethernetToLowpan
                0x00006346                mac_createEthernetAddr
                0x00006378                slide
                0x000063d8                mac_802154raw
                0x00006b48                mac_ethernetSetup
                0x000068c8                mac_translateIPLinkLayer
                0x000063b8                memcmp_reverse
                0x00006696                mac_translateIcmpLinkLayer
                0x000064e6                mac_ethhijack
                0x000069c4                tcpip_input
                0x00006678                mac_createDefaultEthernetAddr
                0x000068de                mac_LowpanToEthernet
                0x0000630c                mac_createSicslowpanLongAddr
 .text          0x00006b8a      0x140 contiki-avr-ravenusb.a(uart_usb_lib.o)
                0x00006b8a                uart_usb_init
                0x00006c88                uart_usb_flush
                0x00006bfa                uart_usb_test_hit
                0x00006bb6                uart_usb_putchar
                0x00006ba2                uart_usb_tx_ready
                0x00006c3e                uart_usb_getchar
                0x00006b94                uart_usb_set_stdout
                0x00006c9e                usb_stdout_putchar
 .text          0x00006cca       0x80 contiki-avr-ravenusb.a(usb_descriptors)
                0x00006cfe                Usb_get_conf_desc_pointer
                0x00006cca                Usb_get_dev_desc_pointer
                0x00006d2e                Usb_get_conf_desc_length
                0x00006cfa                Usb_get_dev_desc_length
 .text          0x00006d4a       0xc8 contiki-avr-ravenusb.a(usb_drv.o)
                0x00006d7a                usb_select_enpoint_interrupt
                0x00006db2                usb_read_packet
                0x00006de2                usb_init_device
                0x00006d92                usb_send_packet
                0x00006d4a                usb_config_ep
                0x00006dd2                usb_halt_endpoint
 .text          0x00006e12      0x354 contiki-avr-ravenusb.a(usb_specific_re)
                0x00006ed8                cdc_set_line_coding
                0x00006e12                usb_user_get_descriptor
                0x00006f4a                cdc_set_control_line_state
                0x0000709a                usb_user_read_request
                0x00006f68                usb_user_endpoint_init
                0x00006e66                cdc_get_line_coding
 .text          0x00007166      0x862 contiki-avr-ravenusb.a(scsi_decoder.o)
                0x000077d8                sbc_read_capacity
                0x0000738c                sbc_lun_status_is_not_present
                0x000073d2                sbc_lun_status_is_protected
                0x00007366                sbc_prevent_allow_medium_removal
                0x000076be                sbc_read_10
                0x00007166                sbc_request_sense
                0x0000758a                sbc_write_10
                0x000073bc                sbc_lun_status_is_fail
                0x000078ca                sbc_test_unit_ready
                0x00007220                sbc_inquiry
                0x000073a4                sbc_lun_status_is_busy_or_change
                0x00007928                scsi_decode_command
                0x0000737a                sbc_lun_status_is_good
                0x0000742e                sbc_mode_sense
 .text          0x000079c8       0x96 contiki-avr-ravenusb.a(ctrl_access.o)
                0x00007a26                mem_wr_protect
                0x00007a34                mem_read_capacity
                0x00007a4a                mem_test_unit_ready
                0x000079f4                memory_2_usb
                0x000079cc                get_cur_lun
                0x000079d0                usb_2_memory
                0x00007a18                mem_removal
                0x000079c8                get_nb_lun
 .text          0x00007a5e      0x378 contiki-avr-ravenusb.a(avr_flash.o)
                0x00007ab8                avrf_read_close
                0x00007bd4                avrf_read_10
                0x00007c30                avrf_write_close
                0x00007a8a                avrf_removal
                0x00007a86                avrf_wr_protect
                0x00007a66                avrf_read_capacity
                0x00007aba                avrf_read_sector
                0x00007c32                avrf_write_sector
                0x00007dd0                avrf_usb_write
                0x00007d98                avrf_write_10
                0x00007a60                avrf_test_unit_ready
                0x00007c06                avrf_write_open
                0x00007dca                avrf_usb_read
                0x00007a5e                avrf_mem_init
                0x00007a8e                avrf_read_open
 .text          0x00007dd6        0xa contiki-avr-ravenusb.a(watchdog.o)
                0x00007dda                watchdog_periodic
                0x00007dd8                watchdog_start
                0x00007ddc                watchdog_stop
                0x00007dde                watchdog_reboot
                0x00007dd6                watchdog_init
 .text          0x00007de0      0x162 contiki-avr-ravenusb.a(mac.o)
                0x00007de0                mac_init
 .text          0x00007f42      0x236 contiki-avr-ravenusb.a(ieee-15-4-manag)
                0x00007ffe                ieee_15_4_init
 .text          0x00008178      0x3ac contiki-avr-ravenusb.a(packetbuf.o)
                0x000083ae                packetbuf_copyto
                0x0000821e                packetbuf_is_reference
                0x0000838c                packetbuf_attr_copyto
                0x000084d8                packetbuf_copyfrom
                0x0000828e                packetbuf_attr
                0x000081e6                packetbuf_set_datalen
                0x0000824c                packetbuf_datalen
                0x0000836a                packetbuf_attr_copyfrom
                0x00008242                packetbuf_reference_ptr
                0x00008178                packetbuf_clear_hdr
                0x0000842e                packetbuf_copyto_hdr
                0x00008278                packetbuf_set_attr
                0x00008260                packetbuf_totlen
                0x00008340                packetbuf_reference
                0x00008180                packetbuf_hdralloc
                0x000082b6                packetbuf_set_addr
                0x00008256                packetbuf_hdrlen
                0x000082a0                packetbuf_addr
                0x0000820a                packetbuf_hdrptr
                0x000081a8                packetbuf_hdrreduce
                0x000081f0                packetbuf_dataptr
                0x00008466                packetbuf_compact
                0x00008312                packetbuf_clear
                0x000082d0                packetbuf_attr_clear
 .text          0x00008524      0x172 contiki-avr-ravenusb.a(queuebuf.o)
                0x0000852c                queuebuf_dataptr
                0x00008524                queuebuf_datalen
                0x000085da                queuebuf_free
                0x00008684                queuebuf_init
                0x00008612                queuebuf_new_from_packetbuf
                0x00008568                queuebuf_to_packetbuf
 .text          0x00008696       0x76 contiki-avr-ravenusb.a(rimeaddr.o)
                0x000086ea                rimeaddr_set_node_addr
                0x00008696                rimeaddr_copy
                0x000086b8                rimeaddr_cmp
 .text          0x0000870c      0x144 contiki-avr-ravenusb.a(memb.o)
                0x0000870c                memb_alloc
                0x00008768                memb_free
                0x0000880a                memb_init
                0x000087c4                memb_inmemb
 .text          0x00008850        0x0 /usr/local/CrossPack-AVR-20100115/lib/gcc/avr/4.3.3/avr51/libgcc.a(_divmodhi4.o)
 .text          0x00008850        0x0 /usr/local/CrossPack-AVR-20100115/lib/gcc/avr/4.3.3/avr51/libgcc.a(_exit.o)
 .text          0x00008850        0x0 /usr/local/CrossPack-AVR-20100115/lib/gcc/avr/4.3.3/avr51/libgcc.a(_clear_bss.o)
 .text          0x00008850       0xfe /usr/local/CrossPack-AVR-20100115/lib/gcc/avr/4.3.3/avr51/libgcc.a(_lshrdi3.o)
                0x00008850                __lshrdi3
 .text          0x0000894e       0x60 /usr/local/CrossPack-AVR-20100115/lib/gcc/avr/4.3.3/avr51/libgcc.a(_gt_sf.o)
                0x0000894e                __gtsf2
 .text          0x000089ae       0x60 /usr/local/CrossPack-AVR-20100115/lib/gcc/avr/4.3.3/avr51/libgcc.a(_lt_sf.o)
                0x000089ae                __ltsf2
 .text          0x00008a0e       0xf2 /usr/local/CrossPack-AVR-20100115/lib/gcc/avr/4.3.3/avr51/libgcc.a(_usi_to_sf.o)
                0x00008a0e                __floatunsisf
 .text          0x00008b00        0x0 /usr/local/CrossPack-AVR-20100115/lib/gcc/avr/4.3.3/avr51/libgcc.a(_udivmodhi4.o)
 .text          0x00008b00        0x0 /usr/local/CrossPack-AVR-20100115/lib/gcc/avr/4.3.3/avr51/libgcc.a(_prologue.o)
 .text          0x00008b00        0x0 /usr/local/CrossPack-AVR-20100115/lib/gcc/avr/4.3.3/avr51/libgcc.a(_epilogue.o)
 .text          0x00008b00       0x9e /usr/local/CrossPack-AVR-20100115/lib/gcc/avr/4.3.3/avr51/libgcc.a(_clzsi2.o)
                0x00008b00                __clzsi2
 .text          0x00008b9e      0x1aa /usr/local/CrossPack-AVR-20100115/lib/gcc/avr/4.3.3/avr51/libgcc.a(_pack_sf.o)
                0x00008b9e                __pack_f
 .text          0x00008d48       0xf0 /usr/local/CrossPack-AVR-20100115/lib/gcc/avr/4.3.3/avr51/libgcc.a(_unpack_sf.o)
                0x00008d48                __unpack_f
 .text          0x00008e38       0xb2 /usr/local/CrossPack-AVR-20100115/lib/gcc/avr/4.3.3/avr51/libgcc.a(_fpcmp_parts_sf.o)
                0x00008e38                __fpcmp_parts_f
 .text          0x00008eea        0x0 /usr/local/CrossPack-AVR-20100115/lib/gcc/avr/4.3.3/avr51/libgcc.a(_clz.o)
 .text          0x00008eea        0x0 /usr/local/CrossPack-AVR-20100115/lib/gcc/avr/4.3.3/../../../../avr/lib/avr51/libc.a(rand.o)
 .text          0x00008eea        0x0 /usr/local/CrossPack-AVR-20100115/lib/gcc/avr/4.3.3/../../../../avr/lib/avr51/libc.a(atoi.o)
 .text          0x00008eea        0x0 /usr/local/CrossPack-AVR-20100115/lib/gcc/avr/4.3.3/../../../../avr/lib/avr51/libc.a(memcpy_P.o)
 .text          0x00008eea        0x0 /usr/local/CrossPack-AVR-20100115/lib/gcc/avr/4.3.3/../../../../avr/lib/avr51/libc.a(strncmp_P.o)
 .text          0x00008eea        0x0 /usr/local/CrossPack-AVR-20100115/lib/gcc/avr/4.3.3/../../../../avr/lib/avr51/libc.a(strncpy_P.o)
 .text          0x00008eea        0x0 /usr/local/CrossPack-AVR-20100115/lib/gcc/avr/4.3.3/../../../../avr/lib/avr51/libc.a(memcmp.o)
 .text          0x00008eea        0x0 /usr/local/CrossPack-AVR-20100115/lib/gcc/avr/4.3.3/../../../../avr/lib/avr51/libc.a(memcpy.o)
 .text          0x00008eea        0x0 /usr/local/CrossPack-AVR-20100115/lib/gcc/avr/4.3.3/../../../../avr/lib/avr51/libc.a(memmove.o)
 .text          0x00008eea        0x0 /usr/local/CrossPack-AVR-20100115/lib/gcc/avr/4.3.3/../../../../avr/lib/avr51/libc.a(memset.o)
 .text          0x00008eea        0x0 /usr/local/CrossPack-AVR-20100115/lib/gcc/avr/4.3.3/../../../../avr/lib/avr51/libc.a(mul10.o)
 .text          0x00008eea        0x0 /usr/local/CrossPack-AVR-20100115/lib/gcc/avr/4.3.3/../../../../avr/lib/avr51/libc.a(iob.o)
 .text          0x00008eea        0x0 /usr/local/CrossPack-AVR-20100115/lib/gcc/avr/4.3.3/../../../../avr/lib/avr51/libc.a(printf_p.o)
 .text          0x00008eea        0x0 /usr/local/CrossPack-AVR-20100115/lib/gcc/avr/4.3.3/../../../../avr/lib/avr51/libc.a(puts.o)
 .text          0x00008eea        0x0 /usr/local/CrossPack-AVR-20100115/lib/gcc/avr/4.3.3/../../../../avr/lib/avr51/libc.a(vfprintf_std.o)
 .text          0x00008eea        0x0 /usr/local/CrossPack-AVR-20100115/lib/gcc/avr/4.3.3/../../../../avr/lib/avr51/libc.a(eerd_block_at90usb1287.o)
 .text          0x00008eea        0x0 /usr/local/CrossPack-AVR-20100115/lib/gcc/avr/4.3.3/../../../../avr/lib/avr51/libc.a(eerd_byte_at90usb1287.o)
 .text          0x00008eea        0x0 /usr/local/CrossPack-AVR-20100115/lib/gcc/avr/4.3.3/../../../../avr/lib/avr51/libc.a(eewr_byte_at90usb1287.o)
 .text          0x00008eea        0x0 /usr/local/CrossPack-AVR-20100115/lib/gcc/avr/4.3.3/../../../../avr/lib/avr51/libc.a(strnlen_P.o)
 .text          0x00008eea        0x0 /usr/local/CrossPack-AVR-20100115/lib/gcc/avr/4.3.3/../../../../avr/lib/avr51/libc.a(strnlen.o)
 .text          0x00008eea        0x0 /usr/local/CrossPack-AVR-20100115/lib/gcc/avr/4.3.3/../../../../avr/lib/avr51/libc.a(fputc.o)
 .text          0x00008eea        0x0 /usr/local/CrossPack-AVR-20100115/lib/gcc/avr/4.3.3/../../../../avr/lib/avr51/libc.a(ultoa_invert.o)
 .text          0x00008eea        0x0 /usr/local/CrossPack-AVR-20100115/lib/gcc/avr/4.3.3/avr51/libgcc.a(_mulsi3.o)
 .text          0x00008eea        0x0 /usr/local/CrossPack-AVR-20100115/lib/gcc/avr/4.3.3/avr51/libgcc.a(_divmodsi4.o)
 .text          0x00008eea        0x0 /usr/local/CrossPack-AVR-20100115/lib/gcc/avr/4.3.3/avr51/libgcc.a(_udivmodsi4.o)
                0x00008eea                . = ALIGN (0x2)
 *(.text.*)
 .text.libgcc   0x00008eea       0x26 /usr/local/CrossPack-AVR-20100115/lib/gcc/avr/4.3.3/avr51/libgcc.a(_divmodhi4.o)
                0x00008eea                __divmodhi4
                0x00008eea                _div
 .text.libgcc   0x00008f10        0x0 /usr/local/CrossPack-AVR-20100115/lib/gcc/avr/4.3.3/avr51/libgcc.a(_exit.o)
 .text.libgcc   0x00008f10        0x0 /usr/local/CrossPack-AVR-20100115/lib/gcc/avr/4.3.3/avr51/libgcc.a(_clear_bss.o)
 .text.libgcc   0x00008f10       0x28 /usr/local/CrossPack-AVR-20100115/lib/gcc/avr/4.3.3/avr51/libgcc.a(_udivmodhi4.o)
                0x00008f10                __udivmodhi4
 .text.libgcc   0x00008f38       0x38 /usr/local/CrossPack-AVR-20100115/lib/gcc/avr/4.3.3/avr51/libgcc.a(_prologue.o)
                0x00008f38                __prologue_saves__
 .text.libgcc   0x00008f70       0x36 /usr/local/CrossPack-AVR-20100115/lib/gcc/avr/4.3.3/avr51/libgcc.a(_epilogue.o)
                0x00008f70                __epilogue_restores__
 .text.avr-libc
                0x00008fa6       0xd6 /usr/local/CrossPack-AVR-20100115/lib/gcc/avr/4.3.3/../../../../avr/lib/avr51/libc.a(rand.o)
                0x00009056                rand_r
                0x0000905c                rand
                0x00009066                srand
 .text.avr-libc
                0x0000907c       0x3c /usr/local/CrossPack-AVR-20100115/lib/gcc/avr/4.3.3/../../../../avr/lib/avr51/libc.a(atoi.o)
                0x0000907c                atoi
 .text.avr-libc
                0x000090b8       0x12 /usr/local/CrossPack-AVR-20100115/lib/gcc/avr/4.3.3/../../../../avr/lib/avr51/libc.a(memcpy_P.o)
                0x000090b8                memcpy_P
 .text.avr-libc
                0x000090ca       0x1c /usr/local/CrossPack-AVR-20100115/lib/gcc/avr/4.3.3/../../../../avr/lib/avr51/libc.a(strncmp_P.o)
                0x000090ca                strncmp_P
 .text.avr-libc
                0x000090e6       0x1e /usr/local/CrossPack-AVR-20100115/lib/gcc/avr/4.3.3/../../../../avr/lib/avr51/libc.a(strncpy_P.o)
                0x000090e6                strncpy_P
 .text.avr-libc
                0x00009104       0x1a /usr/local/CrossPack-AVR-20100115/lib/gcc/avr/4.3.3/../../../../avr/lib/avr51/libc.a(memcmp.o)
                0x00009104                memcmp
 .text.avr-libc
                0x0000911e       0x12 /usr/local/CrossPack-AVR-20100115/lib/gcc/avr/4.3.3/../../../../avr/lib/avr51/libc.a(memcpy.o)
                0x0000911e                memcpy
 .text.avr-libc
                0x00009130       0x24 /usr/local/CrossPack-AVR-20100115/lib/gcc/avr/4.3.3/../../../../avr/lib/avr51/libc.a(memmove.o)
                0x00009130                memmove
 .text.avr-libc
                0x00009154        0xe /usr/local/CrossPack-AVR-20100115/lib/gcc/avr/4.3.3/../../../../avr/lib/avr51/libc.a(memset.o)
                0x00009154                memset
 .text.avr-libc
                0x00009162       0x10 /usr/local/CrossPack-AVR-20100115/lib/gcc/avr/4.3.3/../../../../avr/lib/avr51/libc.a(mul10.o)
                0x00009162                __mulhi_const_10
 .text.avr-libc
                0x00009172       0x46 /usr/local/CrossPack-AVR-20100115/lib/gcc/avr/4.3.3/../../../../avr/lib/avr51/libc.a(printf_p.o)
                0x00009172                printf_P
 .text.avr-libc
                0x000091b8       0x6a /usr/local/CrossPack-AVR-20100115/lib/gcc/avr/4.3.3/../../../../avr/lib/avr51/libc.a(puts.o)
                0x000091b8                puts
 .text.avr-libc
                0x00009222      0x40c /usr/local/CrossPack-AVR-20100115/lib/gcc/avr/4.3.3/../../../../avr/lib/avr51/libc.a(vfprintf_std.o)
                0x00009222                vfprintf
 .text.avr-libc
                0x0000962e       0x20 /usr/local/CrossPack-AVR-20100115/lib/gcc/avr/4.3.3/../../../../avr/lib/avr51/libc.a(eerd_block_at90usb1287.o)
                0x0000962e                __eerd_block_usb1287
                0x00009632                __eerd_blraw_usb1287
 .text.avr-libc
                0x0000964e       0x10 /usr/local/CrossPack-AVR-20100115/lib/gcc/avr/4.3.3/../../../../avr/lib/avr51/libc.a(eerd_byte_at90usb1287.o)
                0x0000964e                __eerd_byte_usb1287
 .text.avr-libc
                0x0000965e       0x1c /usr/local/CrossPack-AVR-20100115/lib/gcc/avr/4.3.3/../../../../avr/lib/avr51/libc.a(eewr_byte_at90usb1287.o)
                0x0000965e                __eewr_byte_usb1287
                0x00009660                __eewr_r18_usb1287
 .text.avr-libc
                0x0000967a       0x16 /usr/local/CrossPack-AVR-20100115/lib/gcc/avr/4.3.3/../../../../avr/lib/avr51/libc.a(strnlen_P.o)
                0x0000967a                strnlen_P
 .text.avr-libc
                0x00009690       0x16 /usr/local/CrossPack-AVR-20100115/lib/gcc/avr/4.3.3/../../../../avr/lib/avr51/libc.a(strnlen.o)
                0x00009690                strnlen
 .text.avr-libc
                0x000096a6       0x58 /usr/local/CrossPack-AVR-20100115/lib/gcc/avr/4.3.3/../../../../avr/lib/avr51/libc.a(fputc.o)
                0x000096a6                fputc
 .text.avr-libc
                0x000096fe       0xbc /usr/local/CrossPack-AVR-20100115/lib/gcc/avr/4.3.3/../../../../avr/lib/avr51/libc.a(ultoa_invert.o)
                0x000096fe                __ultoa_invert
 .text.libgcc   0x000097ba       0x3e /usr/local/CrossPack-AVR-20100115/lib/gcc/avr/4.3.3/avr51/libgcc.a(_mulsi3.o)
                0x000097ba                __mulsi3
 .text.libgcc   0x000097f8       0x36 /usr/local/CrossPack-AVR-20100115/lib/gcc/avr/4.3.3/avr51/libgcc.a(_divmodsi4.o)
                0x000097f8                __divmodsi4
 .text.libgcc   0x0000982e       0x44 /usr/local/CrossPack-AVR-20100115/lib/gcc/avr/4.3.3/avr51/libgcc.a(_udivmodsi4.o)
                0x0000982e                __udivmodsi4
                0x00009872                . = ALIGN (0x2)
 *(.fini9)
 .fini9         0x00009872        0x0 /usr/local/CrossPack-AVR-20100115/lib/gcc/avr/4.3.3/avr51/libgcc.a(_exit.o)
                0x00009872                exit
                0x00009872                _exit
 *(.fini9)
 *(.fini8)
 *(.fini8)
 *(.fini7)
 *(.fini7)
 *(.fini6)
 *(.fini6)
 *(.fini5)
 *(.fini5)
 *(.fini4)
 *(.fini4)
 *(.fini3)
 *(.fini3)
 *(.fini2)
 *(.fini2)
 *(.fini1)
 *(.fini1)
 *(.fini0)
 .fini0         0x00009872        0x4 /usr/local/CrossPack-AVR-20100115/lib/gcc/avr/4.3.3/avr51/libgcc.a(_exit.o)
 *(.fini0)
                0x00009876                _etext = .

.data           0x00800100      0x222 load address 0x00009876
                0x00800100                PROVIDE (__data_start, .)
 *(.data)
 .data          0x00800100        0x0 /usr/local/CrossPack-AVR-20100115/lib/gcc/avr/4.3.3/../../../../avr/lib/avr51/crtusb1287.o
 .data          0x00800100        0x0 ravenusbstick.co
 .data          0x00800100        0x6 symbols.o
                0x00800102                symbols
                0x00800100                symbols_nelts
 .data          0x00800106        0x6 contiki-avr-ravenusb.a(contiki-raven-m)
                0x00800106                procinit
 .data          0x0080010c       0x17 contiki-avr-ravenusb.a(cdc_task.o)
                0x00800119                cdc_process
                0x0080010c                justenumerated
 .data          0x00800123       0x19 contiki-avr-ravenusb.a(rndis_task.o)
                0x00800131                rndis_process
 .data          0x0080013c        0xa contiki-avr-ravenusb.a(rndis.o)
                0x00800144                panid
                0x0080013c                rndis_ethernet_addr
 .data          0x00800146        0x2 contiki-avr-ravenusb.a(usb_standard_re)
                0x00800146                usb_mode
 .data          0x00800148       0x16 contiki-avr-ravenusb.a(usb_task.o)
                0x00800154                usb_process
 .data          0x0080015e       0x1a contiki-avr-ravenusb.a(storage_task.o)
                0x0080016e                storage_process
 .data          0x00800178        0x0 contiki-avr-ravenusb.a(clock.o)
 .data          0x00800178        0x1 contiki-avr-ravenusb.a(radio.o)
                0x00800178                rxMode
 .data          0x00800179        0x0 contiki-avr-ravenusb.a(hal.o)
 .data          0x00800179        0x0 contiki-avr-ravenusb.a(frame.o)
 .data          0x00800179       0x2f contiki-avr-ravenusb.a(sicslowmac.o)
                0x00800179                sicslowmac_driver
                0x0080019e                mac_process
 .data          0x008001a8        0x0 contiki-avr-ravenusb.a(process.o)
 .data          0x008001a8        0x0 contiki-avr-ravenusb.a(procinit.o)
 .data          0x008001a8        0x0 contiki-avr-ravenusb.a(timer.o)
 .data          0x008001a8       0x16 contiki-avr-ravenusb.a(etimer.o)
                0x008001b4                etimer_process
 .data          0x008001be        0x0 contiki-avr-ravenusb.a(sicslowpan.o)
 .data          0x008001be        0x0 contiki-avr-ravenusb.a(fakeuip.o)
 .data          0x008001be        0x0 contiki-avr-ravenusb.a(contiki-raven-d)
 .data          0x008001be        0x0 contiki-avr-ravenusb.a(contiki-raven-d)
 .data          0x008001be       0x2e contiki-avr-ravenusb.a(sicslow_etherne)
 .data          0x008001ec        0xe contiki-avr-ravenusb.a(uart_usb_lib.o)
 .data          0x008001fa        0x0 contiki-avr-ravenusb.a(usb_descriptors)
 .data          0x008001fa        0x0 contiki-avr-ravenusb.a(usb_drv.o)
 .data          0x008001fa        0x0 contiki-avr-ravenusb.a(usb_specific_re)
 .data          0x008001fa        0x0 contiki-avr-ravenusb.a(scsi_decoder.o)
 .data          0x008001fa        0x0 contiki-avr-ravenusb.a(ctrl_access.o)
 .data          0x008001fa        0xa contiki-avr-ravenusb.a(avr_flash.o)
                0x00800202                dfu_boot_page_erase
                0x008001fe                dfu_boot_buffer_write
                0x008001fa                AVRF_DISK_SIZE
                0x00800200                dfu_boot_page_write
 .data          0x00800204        0x0 contiki-avr-ravenusb.a(watchdog.o)
 .data          0x00800204        0x0 contiki-avr-ravenusb.a(mac.o)
 .data          0x00800204        0x0 contiki-avr-ravenusb.a(ieee-15-4-manag)
 .data          0x00800204        0x2 contiki-avr-ravenusb.a(packetbuf.o)
 .data          0x00800206       0x10 contiki-avr-ravenusb.a(queuebuf.o)
 .data          0x00800216        0x8 contiki-avr-ravenusb.a(rimeaddr.o)
                0x00800216                rimeaddr_null
 .data          0x0080021e        0x0 contiki-avr-ravenusb.a(memb.o)
 .data          0x0080021e        0x0 /usr/local/CrossPack-AVR-20100115/lib/gcc/avr/4.3.3/avr51/libgcc.a(_divmodhi4.o)
 .data          0x0080021e        0x0 /usr/local/CrossPack-AVR-20100115/lib/gcc/avr/4.3.3/avr51/libgcc.a(_exit.o)
 .data          0x0080021e        0x0 /usr/local/CrossPack-AVR-20100115/lib/gcc/avr/4.3.3/avr51/libgcc.a(_clear_bss.o)
 .data          0x0080021e        0x0 /usr/local/CrossPack-AVR-20100115/lib/gcc/avr/4.3.3/avr51/libgcc.a(_lshrdi3.o)
 .data          0x0080021e        0x0 /usr/local/CrossPack-AVR-20100115/lib/gcc/avr/4.3.3/avr51/libgcc.a(_gt_sf.o)
 .data          0x0080021e        0x0 /usr/local/CrossPack-AVR-20100115/lib/gcc/avr/4.3.3/avr51/libgcc.a(_lt_sf.o)
 .data          0x0080021e        0x0 /usr/local/CrossPack-AVR-20100115/lib/gcc/avr/4.3.3/avr51/libgcc.a(_usi_to_sf.o)
 .data          0x0080021e        0x0 /usr/local/CrossPack-AVR-20100115/lib/gcc/avr/4.3.3/avr51/libgcc.a(_udivmodhi4.o)
 .data          0x0080021e        0x0 /usr/local/CrossPack-AVR-20100115/lib/gcc/avr/4.3.3/avr51/libgcc.a(_prologue.o)
 .data          0x0080021e        0x0 /usr/local/CrossPack-AVR-20100115/lib/gcc/avr/4.3.3/avr51/libgcc.a(_epilogue.o)
 .data          0x0080021e        0x0 /usr/local/CrossPack-AVR-20100115/lib/gcc/avr/4.3.3/avr51/libgcc.a(_clzsi2.o)
 .data          0x0080021e        0x0 /usr/local/CrossPack-AVR-20100115/lib/gcc/avr/4.3.3/avr51/libgcc.a(_pack_sf.o)
 .data          0x0080021e        0x0 /usr/local/CrossPack-AVR-20100115/lib/gcc/avr/4.3.3/avr51/libgcc.a(_unpack_sf.o)
 .data          0x0080021e        0x0 /usr/local/CrossPack-AVR-20100115/lib/gcc/avr/4.3.3/avr51/libgcc.a(_fpcmp_parts_sf.o)
 .data          0x0080021e      0x100 /usr/local/CrossPack-AVR-20100115/lib/gcc/avr/4.3.3/avr51/libgcc.a(_clz.o)
                0x0080021e                __clz_tab
 .data          0x0080031e        0x4 /usr/local/CrossPack-AVR-20100115/lib/gcc/avr/4.3.3/../../../../avr/lib/avr51/libc.a(rand.o)
 .data          0x00800322        0x0 /usr/local/CrossPack-AVR-20100115/lib/gcc/avr/4.3.3/../../../../avr/lib/avr51/libc.a(atoi.o)
 .data          0x00800322        0x0 /usr/local/CrossPack-AVR-20100115/lib/gcc/avr/4.3.3/../../../../avr/lib/avr51/libc.a(memcpy_P.o)
 .data          0x00800322        0x0 /usr/local/CrossPack-AVR-20100115/lib/gcc/avr/4.3.3/../../../../avr/lib/avr51/libc.a(strncmp_P.o)
 .data          0x00800322        0x0 /usr/local/CrossPack-AVR-20100115/lib/gcc/avr/4.3.3/../../../../avr/lib/avr51/libc.a(strncpy_P.o)
 .data          0x00800322        0x0 /usr/local/CrossPack-AVR-20100115/lib/gcc/avr/4.3.3/../../../../avr/lib/avr51/libc.a(memcmp.o)
 .data          0x00800322        0x0 /usr/local/CrossPack-AVR-20100115/lib/gcc/avr/4.3.3/../../../../avr/lib/avr51/libc.a(memcpy.o)
 .data          0x00800322        0x0 /usr/local/CrossPack-AVR-20100115/lib/gcc/avr/4.3.3/../../../../avr/lib/avr51/libc.a(memmove.o)
 .data          0x00800322        0x0 /usr/local/CrossPack-AVR-20100115/lib/gcc/avr/4.3.3/../../../../avr/lib/avr51/libc.a(memset.o)
 .data          0x00800322        0x0 /usr/local/CrossPack-AVR-20100115/lib/gcc/avr/4.3.3/../../../../avr/lib/avr51/libc.a(mul10.o)
 .data          0x00800322        0x0 /usr/local/CrossPack-AVR-20100115/lib/gcc/avr/4.3.3/../../../../avr/lib/avr51/libc.a(iob.o)
 .data          0x00800322        0x0 /usr/local/CrossPack-AVR-20100115/lib/gcc/avr/4.3.3/../../../../avr/lib/avr51/libc.a(printf_p.o)
 .data          0x00800322        0x0 /usr/local/CrossPack-AVR-20100115/lib/gcc/avr/4.3.3/../../../../avr/lib/avr51/libc.a(puts.o)
 .data          0x00800322        0x0 /usr/local/CrossPack-AVR-20100115/lib/gcc/avr/4.3.3/../../../../avr/lib/avr51/libc.a(vfprintf_std.o)
 .data          0x00800322        0x0 /usr/local/CrossPack-AVR-20100115/lib/gcc/avr/4.3.3/../../../../avr/lib/avr51/libc.a(eerd_block_at90usb1287.o)
 .data          0x00800322        0x0 /usr/local/CrossPack-AVR-20100115/lib/gcc/avr/4.3.3/../../../../avr/lib/avr51/libc.a(eerd_byte_at90usb1287.o)
 .data          0x00800322        0x0 /usr/local/CrossPack-AVR-20100115/lib/gcc/avr/4.3.3/../../../../avr/lib/avr51/libc.a(eewr_byte_at90usb1287.o)
 .data          0x00800322        0x0 /usr/local/CrossPack-AVR-20100115/lib/gcc/avr/4.3.3/../../../../avr/lib/avr51/libc.a(strnlen_P.o)
 .data          0x00800322        0x0 /usr/local/CrossPack-AVR-20100115/lib/gcc/avr/4.3.3/../../../../avr/lib/avr51/libc.a(strnlen.o)
 .data          0x00800322        0x0 /usr/local/CrossPack-AVR-20100115/lib/gcc/avr/4.3.3/../../../../avr/lib/avr51/libc.a(fputc.o)
 .data          0x00800322        0x0 /usr/local/CrossPack-AVR-20100115/lib/gcc/avr/4.3.3/../../../../avr/lib/avr51/libc.a(ultoa_invert.o)
 .data          0x00800322        0x0 /usr/local/CrossPack-AVR-20100115/lib/gcc/avr/4.3.3/avr51/libgcc.a(_mulsi3.o)
 .data          0x00800322        0x0 /usr/local/CrossPack-AVR-20100115/lib/gcc/avr/4.3.3/avr51/libgcc.a(_divmodsi4.o)
 .data          0x00800322        0x0 /usr/local/CrossPack-AVR-20100115/lib/gcc/avr/4.3.3/avr51/libgcc.a(_udivmodsi4.o)
 *(.data*)
 *(.rodata)
 *(.rodata*)
 *(.gnu.linkonce.d*)
                0x00800322                . = ALIGN (0x2)
                0x00800322                _edata = .
                0x00800322                PROVIDE (__data_end, .)

.bss            0x00800322     0x11c7
                0x00800322                PROVIDE (__bss_start, .)
 *(.bss)
 .bss           0x00800322        0x0 /usr/local/CrossPack-AVR-20100115/lib/gcc/avr/4.3.3/../../../../avr/lib/avr51/crtusb1287.o
 .bss           0x00800322        0x0 ravenusbstick.co
 .bss           0x00800322        0x0 symbols.o
 .bss           0x00800322        0x0 contiki-avr-ravenusb.a(contiki-raven-m)
 .bss           0x00800322        0xf contiki-avr-ravenusb.a(cdc_task.o)
 .bss           0x00800331        0xd contiki-avr-ravenusb.a(rndis_task.o)
                0x00800331                usb_busy
 .bss           0x0080033e        0x6 contiki-avr-ravenusb.a(rndis.o)
                0x0080033f                data_to_send
                0x0080033e                schedule_interrupt
                0x00800340                oid_packet_filter
 .bss           0x00800344        0x9 contiki-avr-ravenusb.a(usb_standard_re)
 .bss           0x0080034d        0x2 contiki-avr-ravenusb.a(usb_task.o)
                0x0080034d                g_usb_event
 .bss           0x0080034f        0xd contiki-avr-ravenusb.a(storage_task.o)
 .bss           0x0080035c        0x4 contiki-avr-ravenusb.a(clock.o)
 .bss           0x00800360       0xa2 contiki-avr-ravenusb.a(radio.o)
 .bss           0x00800402        0x8 contiki-avr-ravenusb.a(hal.o)
 .bss           0x0080040a       0x83 contiki-avr-ravenusb.a(frame.o)
 .bss           0x0080048d       0x4e contiki-avr-ravenusb.a(sicslowmac.o)
                0x0080048d                sicslowmac_snifferhook
 .bss           0x008004db       0xb0 contiki-avr-ravenusb.a(process.o)
                0x008004db                process_list
                0x008004dd                process_current
 .bss           0x0080058b        0x0 contiki-avr-ravenusb.a(procinit.o)
 .bss           0x0080058b        0x0 contiki-avr-ravenusb.a(timer.o)
 .bss           0x0080058b        0x4 contiki-avr-ravenusb.a(etimer.o)
 .bss           0x0080058f      0x538 contiki-avr-ravenusb.a(sicslowpan.o)
 .bss           0x00800ac7        0x2 contiki-avr-ravenusb.a(fakeuip.o)
 .bss           0x00800ac9        0x1 contiki-avr-ravenusb.a(contiki-raven-d)
                0x00800ac9                fingerPresent
 .bss           0x00800aca        0x0 contiki-avr-ravenusb.a(contiki-raven-d)
 .bss           0x00800aca        0x0 contiki-avr-ravenusb.a(sicslow_etherne)
 .bss           0x00800aca        0x0 contiki-avr-ravenusb.a(uart_usb_lib.o)
 .bss           0x00800aca        0x0 contiki-avr-ravenusb.a(usb_descriptors)
 .bss           0x00800aca        0x0 contiki-avr-ravenusb.a(usb_drv.o)
 .bss           0x00800aca        0x0 contiki-avr-ravenusb.a(usb_specific_re)
 .bss           0x00800aca        0x0 contiki-avr-ravenusb.a(scsi_decoder.o)
 .bss           0x00800aca        0x0 contiki-avr-ravenusb.a(ctrl_access.o)
 .bss           0x00800aca        0x1 contiki-avr-ravenusb.a(avr_flash.o)
                0x00800aca                reserved_disk_space
 .bss           0x00800acb        0x0 contiki-avr-ravenusb.a(watchdog.o)
 .bss           0x00800acb        0x0 contiki-avr-ravenusb.a(mac.o)
 .bss           0x00800acb        0x0 contiki-avr-ravenusb.a(ieee-15-4-manag)
 .bss           0x00800acb       0xb9 contiki-avr-ravenusb.a(packetbuf.o)
 .bss           0x00800b84      0x131 contiki-avr-ravenusb.a(queuebuf.o)
 .bss           0x00800cb5        0x0 contiki-avr-ravenusb.a(rimeaddr.o)
 .bss           0x00800cb5        0x0 contiki-avr-ravenusb.a(memb.o)
 .bss           0x00800cb5        0x0 /usr/local/CrossPack-AVR-20100115/lib/gcc/avr/4.3.3/avr51/libgcc.a(_divmodhi4.o)
 .bss           0x00800cb5        0x0 /usr/local/CrossPack-AVR-20100115/lib/gcc/avr/4.3.3/avr51/libgcc.a(_exit.o)
 .bss           0x00800cb5        0x0 /usr/local/CrossPack-AVR-20100115/lib/gcc/avr/4.3.3/avr51/libgcc.a(_clear_bss.o)
 .bss           0x00800cb5        0x0 /usr/local/CrossPack-AVR-20100115/lib/gcc/avr/4.3.3/avr51/libgcc.a(_lshrdi3.o)
 .bss           0x00800cb5        0x0 /usr/local/CrossPack-AVR-20100115/lib/gcc/avr/4.3.3/avr51/libgcc.a(_gt_sf.o)
 .bss           0x00800cb5        0x0 /usr/local/CrossPack-AVR-20100115/lib/gcc/avr/4.3.3/avr51/libgcc.a(_lt_sf.o)
 .bss           0x00800cb5        0x0 /usr/local/CrossPack-AVR-20100115/lib/gcc/avr/4.3.3/avr51/libgcc.a(_usi_to_sf.o)
 .bss           0x00800cb5        0x0 /usr/local/CrossPack-AVR-20100115/lib/gcc/avr/4.3.3/avr51/libgcc.a(_udivmodhi4.o)
 .bss           0x00800cb5        0x0 /usr/local/CrossPack-AVR-20100115/lib/gcc/avr/4.3.3/avr51/libgcc.a(_prologue.o)
 .bss           0x00800cb5        0x0 /usr/local/CrossPack-AVR-20100115/lib/gcc/avr/4.3.3/avr51/libgcc.a(_epilogue.o)
 .bss           0x00800cb5        0x0 /usr/local/CrossPack-AVR-20100115/lib/gcc/avr/4.3.3/avr51/libgcc.a(_clzsi2.o)
 .bss           0x00800cb5        0x0 /usr/local/CrossPack-AVR-20100115/lib/gcc/avr/4.3.3/avr51/libgcc.a(_pack_sf.o)
 .bss           0x00800cb5        0x0 /usr/local/CrossPack-AVR-20100115/lib/gcc/avr/4.3.3/avr51/libgcc.a(_unpack_sf.o)
 .bss           0x00800cb5        0x0 /usr/local/CrossPack-AVR-20100115/lib/gcc/avr/4.3.3/avr51/libgcc.a(_fpcmp_parts_sf.o)
 .bss           0x00800cb5        0x0 /usr/local/CrossPack-AVR-20100115/lib/gcc/avr/4.3.3/avr51/libgcc.a(_clz.o)
 .bss           0x00800cb5        0x0 /usr/local/CrossPack-AVR-20100115/lib/gcc/avr/4.3.3/../../../../avr/lib/avr51/libc.a(rand.o)
 .bss           0x00800cb5        0x0 /usr/local/CrossPack-AVR-20100115/lib/gcc/avr/4.3.3/../../../../avr/lib/avr51/libc.a(atoi.o)
 .bss           0x00800cb5        0x0 /usr/local/CrossPack-AVR-20100115/lib/gcc/avr/4.3.3/../../../../avr/lib/avr51/libc.a(memcpy_P.o)
 .bss           0x00800cb5        0x0 /usr/local/CrossPack-AVR-20100115/lib/gcc/avr/4.3.3/../../../../avr/lib/avr51/libc.a(strncmp_P.o)
 .bss           0x00800cb5        0x0 /usr/local/CrossPack-AVR-20100115/lib/gcc/avr/4.3.3/../../../../avr/lib/avr51/libc.a(strncpy_P.o)
 .bss           0x00800cb5        0x0 /usr/local/CrossPack-AVR-20100115/lib/gcc/avr/4.3.3/../../../../avr/lib/avr51/libc.a(memcmp.o)
 .bss           0x00800cb5        0x0 /usr/local/CrossPack-AVR-20100115/lib/gcc/avr/4.3.3/../../../../avr/lib/avr51/libc.a(memcpy.o)
 .bss           0x00800cb5        0x0 /usr/local/CrossPack-AVR-20100115/lib/gcc/avr/4.3.3/../../../../avr/lib/avr51/libc.a(memmove.o)
 .bss           0x00800cb5        0x0 /usr/local/CrossPack-AVR-20100115/lib/gcc/avr/4.3.3/../../../../avr/lib/avr51/libc.a(memset.o)
 .bss           0x00800cb5        0x0 /usr/local/CrossPack-AVR-20100115/lib/gcc/avr/4.3.3/../../../../avr/lib/avr51/libc.a(mul10.o)
 .bss           0x00800cb5        0x0 /usr/local/CrossPack-AVR-20100115/lib/gcc/avr/4.3.3/../../../../avr/lib/avr51/libc.a(iob.o)
 .bss           0x00800cb5        0x0 /usr/local/CrossPack-AVR-20100115/lib/gcc/avr/4.3.3/../../../../avr/lib/avr51/libc.a(printf_p.o)
 .bss           0x00800cb5        0x0 /usr/local/CrossPack-AVR-20100115/lib/gcc/avr/4.3.3/../../../../avr/lib/avr51/libc.a(puts.o)
 .bss           0x00800cb5        0x0 /usr/local/CrossPack-AVR-20100115/lib/gcc/avr/4.3.3/../../../../avr/lib/avr51/libc.a(vfprintf_std.o)
 .bss           0x00800cb5        0x0 /usr/local/CrossPack-AVR-20100115/lib/gcc/avr/4.3.3/../../../../avr/lib/avr51/libc.a(eerd_block_at90usb1287.o)
 .bss           0x00800cb5        0x0 /usr/local/CrossPack-AVR-20100115/lib/gcc/avr/4.3.3/../../../../avr/lib/avr51/libc.a(eerd_byte_at90usb1287.o)
 .bss           0x00800cb5        0x0 /usr/local/CrossPack-AVR-20100115/lib/gcc/avr/4.3.3/../../../../avr/lib/avr51/libc.a(eewr_byte_at90usb1287.o)
 .bss           0x00800cb5        0x0 /usr/local/CrossPack-AVR-20100115/lib/gcc/avr/4.3.3/../../../../avr/lib/avr51/libc.a(strnlen_P.o)
 .bss           0x00800cb5        0x0 /usr/local/CrossPack-AVR-20100115/lib/gcc/avr/4.3.3/../../../../avr/lib/avr51/libc.a(strnlen.o)
 .bss           0x00800cb5        0x0 /usr/local/CrossPack-AVR-20100115/lib/gcc/avr/4.3.3/../../../../avr/lib/avr51/libc.a(fputc.o)
 .bss           0x00800cb5        0x0 /usr/local/CrossPack-AVR-20100115/lib/gcc/avr/4.3.3/../../../../avr/lib/avr51/libc.a(ultoa_invert.o)
 .bss           0x00800cb5        0x0 /usr/local/CrossPack-AVR-20100115/lib/gcc/avr/4.3.3/avr51/libgcc.a(_mulsi3.o)
 .bss           0x00800cb5        0x0 /usr/local/CrossPack-AVR-20100115/lib/gcc/avr/4.3.3/avr51/libgcc.a(_divmodsi4.o)
 .bss           0x00800cb5        0x0 /usr/local/CrossPack-AVR-20100115/lib/gcc/avr/4.3.3/avr51/libgcc.a(_udivmodsi4.o)
 *(.bss*)
 *(COMMON)
 COMMON         0x00800cb5        0x1 contiki-avr-ravenusb.a(cdc_task.o)
                0x00800cb5                led3_timer
 COMMON         0x00800cb6       0x42 contiki-avr-ravenusb.a(rndis_task.o)
                0x00800cb6                led2_timer
                0x00800cb7                led1_timer
                0x00800cb8                data_buffer
 COMMON         0x00800cf8       0xbe contiki-avr-ravenusb.a(rndis.o)
                0x00800cf8                encapsulated_buffer
                0x00800da4                rndis_state
                0x00800da6                rndis_stat
 COMMON         0x00800db6        0x6 contiki-avr-ravenusb.a(usb_standard_re)
                0x00800db6                wInterface
                0x00800db8                usb_configuration_nb
                0x00800db9                data_to_transfer
                0x00800dba                pbuffer
 COMMON         0x00800dbc        0x1 contiki-avr-ravenusb.a(usb_task.o)
                0x00800dbc                usb_connected
 COMMON         0x00800dbd        0x1 contiki-avr-ravenusb.a(storage_task.o)
                0x00800dbd                usb_LUN
 COMMON         0x00800dbe        0x4 contiki-avr-ravenusb.a(clock.o)
                0x00800dbe                seconds
 COMMON         0x00800dc2        0x2 contiki-avr-ravenusb.a(sicslowmac.o)
                0x00800dc2                pinput
 COMMON         0x00800dc4        0xa contiki-avr-ravenusb.a(sicslowpan.o)
                0x00800dc4                sicslowpan_mac
                0x00800dc6                frag_sender
 COMMON         0x00800dce      0x558 contiki-avr-ravenusb.a(fakeuip.o)
                0x00800dce                uip_len
                0x00800dd0                uip_lladdr
                0x00800dd8                uip_stat
                0x00800e16                uip_buf
 COMMON         0x00801326       0xf6 contiki-avr-ravenusb.a(sicslow_etherne)
                0x00801326                pmac
                0x00801328                prefixCounter
                0x00801329                prefixBuffer
                0x00801389                raw_buf
                0x00801417                sicslowinput
                0x00801419                parsed_frame
                0x0080141b                usbstick_mode
 COMMON         0x0080141c        0x9 contiki-avr-ravenusb.a(uart_usb_lib.o)
                0x0080141c                line_coding
                0x00801423                tx_counter
                0x00801424                rx_counter
 COMMON         0x00801425        0x1 contiki-avr-ravenusb.a(usb_specific_re)
                0x00801425                ms_multiple_drive
 COMMON         0x00801426       0x18 contiki-avr-ravenusb.a(scsi_decoder.o)
                0x00801426                g_scsi_data_remaining
                0x0080142a                g_scsi_command
                0x0080143a                g_scsi_status
                0x0080143b                g_scsi_sense
 COMMON         0x0080143e        0x4 contiki-avr-ravenusb.a(avr_flash.o)
                0x0080143e                gl_ptr_mem
 COMMON         0x00801442       0x51 contiki-avr-ravenusb.a(mac.o)
                0x00801442                msduHandle
                0x00801443                macDstPANId
                0x00801445                macLongAddr
                0x0080144d                macShortAddress
                0x0080144f                macCoordShortAddress
                0x00801451                ieee15_4ManagerAddress
                0x0080147d                macSrcPANId
                0x0080147f                macDestAddress
                0x00801487                macCoordExtendedAddress
                0x0080148f                iAmCoord
                0x00801490                autoModes
                0x00801491                phyCurrentChannel
                0x00801492                macDSN
 COMMON         0x00801493       0x48 contiki-avr-ravenusb.a(packetbuf.o)
                0x00801493                packetbuf_addrs
                0x008014b3                packetbuf_attrs
 COMMON         0x008014db        0x8 contiki-avr-ravenusb.a(rimeaddr.o)
                0x008014db                rimeaddr_node_addr
 COMMON         0x008014e3        0x6 /usr/local/CrossPack-AVR-20100115/lib/gcc/avr/4.3.3/../../../../avr/lib/avr51/libc.a(iob.o)
                0x008014e3                __iob
                0x008014e9                PROVIDE (__bss_end, .)
                0x00009876                __data_load_start = LOADADDR (.data)
                0x00009a98                __data_load_end = (__data_load_start + SIZEOF (.data))

.noinit         0x008014e9        0x0
                0x008014e9                PROVIDE (__noinit_start, .)
 *(.noinit*)
                0x008014e9                PROVIDE (__noinit_end, .)
                0x008014e9                _end = .
                0x008014e9                PROVIDE (__heap_start, .)

.eeprom         0x00810000        0x8
 *(.eeprom*)
 .eeprom        0x00810000        0x8 contiki-avr-ravenusb.a(contiki-raven-m)
                0x00810000                mac_address
                0x00810008                __eeprom_end = .

.fuse           0x00820000        0x3
 *(.fuse)
 .fuse          0x00820000        0x3 contiki-avr-ravenusb.a(contiki-raven-m)
                0x00820000                __fuse
 *(.lfuse)
 *(.hfuse)
 *(.efuse)

.lock
 *(.lock*)

.signature      0x00840000        0x3
 *(.signature*)
 .signature     0x00840000        0x3 contiki-avr-ravenusb.a(contiki-raven-m)
                0x00840000                __signature

.stab           0x00000000     0x1608
 *(.stab)
 .stab          0x00000000      0x750 /usr/local/CrossPack-AVR-20100115/lib/gcc/avr/4.3.3/../../../../avr/lib/avr51/crtusb1287.o
 .stab          0x00000750      0x174 /usr/local/CrossPack-AVR-20100115/lib/gcc/avr/4.3.3/../../../../avr/lib/avr51/libc.a(atoi.o)
                                0x180 (size before relaxing)
 .stab          0x000008c4       0x84 /usr/local/CrossPack-AVR-20100115/lib/gcc/avr/4.3.3/../../../../avr/lib/avr51/libc.a(memcpy_P.o)
                                 0x90 (size before relaxing)
 .stab          0x00000948       0xc0 /usr/local/CrossPack-AVR-20100115/lib/gcc/avr/4.3.3/../../../../avr/lib/avr51/libc.a(strncmp_P.o)
                                 0xcc (size before relaxing)
 .stab          0x00000a08       0xcc /usr/local/CrossPack-AVR-20100115/lib/gcc/avr/4.3.3/../../../../avr/lib/avr51/libc.a(strncpy_P.o)
                                 0xd8 (size before relaxing)
 .stab          0x00000ad4       0xb4 /usr/local/CrossPack-AVR-20100115/lib/gcc/avr/4.3.3/../../../../avr/lib/avr51/libc.a(memcmp.o)
                                 0xc0 (size before relaxing)
 .stab          0x00000b88       0x84 /usr/local/CrossPack-AVR-20100115/lib/gcc/avr/4.3.3/../../../../avr/lib/avr51/libc.a(memcpy.o)
                                 0x90 (size before relaxing)
 .stab          0x00000c0c       0xe4 /usr/local/CrossPack-AVR-20100115/lib/gcc/avr/4.3.3/../../../../avr/lib/avr51/libc.a(memmove.o)
                                 0xf0 (size before relaxing)
 .stab          0x00000cf0       0x6c /usr/local/CrossPack-AVR-20100115/lib/gcc/avr/4.3.3/../../../../avr/lib/avr51/libc.a(memset.o)
                                 0x78 (size before relaxing)
 .stab          0x00000d5c       0x78 /usr/local/CrossPack-AVR-20100115/lib/gcc/avr/4.3.3/../../../../avr/lib/avr51/libc.a(mul10.o)
                                 0x84 (size before relaxing)
 .stab          0x00000dd4      0x108 /usr/local/CrossPack-AVR-20100115/lib/gcc/avr/4.3.3/../../../../avr/lib/avr51/libc.a(eerd_block_at90usb1287.o)
                                0x114 (size before relaxing)
 .stab          0x00000edc       0x90 /usr/local/CrossPack-AVR-20100115/lib/gcc/avr/4.3.3/../../../../avr/lib/avr51/libc.a(eerd_byte_at90usb1287.o)
                                 0x9c (size before relaxing)
 .stab          0x00000f6c       0xe4 /usr/local/CrossPack-AVR-20100115/lib/gcc/avr/4.3.3/../../../../avr/lib/avr51/libc.a(eewr_byte_at90usb1287.o)
                                 0xf0 (size before relaxing)
 .stab          0x00001050       0x9c /usr/local/CrossPack-AVR-20100115/lib/gcc/avr/4.3.3/../../../../avr/lib/avr51/libc.a(strnlen_P.o)
                                 0xa8 (size before relaxing)
 .stab          0x000010ec       0x9c /usr/local/CrossPack-AVR-20100115/lib/gcc/avr/4.3.3/../../../../avr/lib/avr51/libc.a(strnlen.o)
                                 0xa8 (size before relaxing)
 .stab          0x00001188      0x480 /usr/local/CrossPack-AVR-20100115/lib/gcc/avr/4.3.3/../../../../avr/lib/avr51/libc.a(ultoa_invert.o)
                                0x48c (size before relaxing)

.stabstr        0x00000000      0x5ff
 *(.stabstr)
 .stabstr       0x00000000      0x5ff /usr/local/CrossPack-AVR-20100115/lib/gcc/avr/4.3.3/../../../../avr/lib/avr51/crtusb1287.o

.stab.excl
 *(.stab.excl)

.stab.exclstr
 *(.stab.exclstr)

.stab.index
 *(.stab.index)

.stab.indexstr
 *(.stab.indexstr)

.comment
 *(.comment)

.debug
 *(.debug)

.line
 *(.line)

.debug_srcinfo
 *(.debug_srcinfo)

.debug_sfnames
 *(.debug_sfnames)

.debug_aranges  0x00000000      0x630
 *(.debug_aranges)
 .debug_aranges
                0x00000000       0x20 contiki-avr-ravenusb.a(contiki-raven-m)
 .debug_aranges
                0x00000020       0x20 contiki-avr-ravenusb.a(cdc_task.o)
 .debug_aranges
                0x00000040       0x20 contiki-avr-ravenusb.a(rndis_task.o)
 .debug_aranges
                0x00000060       0x20 contiki-avr-ravenusb.a(rndis.o)
 .debug_aranges
                0x00000080       0x20 contiki-avr-ravenusb.a(usb_standard_re)
 .debug_aranges
                0x000000a0       0x20 contiki-avr-ravenusb.a(usb_task.o)
 .debug_aranges
                0x000000c0       0x20 contiki-avr-ravenusb.a(storage_task.o)
 .debug_aranges
                0x000000e0       0x20 contiki-avr-ravenusb.a(clock.o)
 .debug_aranges
                0x00000100       0x20 contiki-avr-ravenusb.a(radio.o)
 .debug_aranges
                0x00000120       0x20 contiki-avr-ravenusb.a(hal.o)
 .debug_aranges
                0x00000140       0x20 contiki-avr-ravenusb.a(frame.o)
 .debug_aranges
                0x00000160       0x20 contiki-avr-ravenusb.a(sicslowmac.o)
 .debug_aranges
                0x00000180       0x20 contiki-avr-ravenusb.a(process.o)
 .debug_aranges
                0x000001a0       0x20 contiki-avr-ravenusb.a(procinit.o)
 .debug_aranges
                0x000001c0       0x20 contiki-avr-ravenusb.a(timer.o)
 .debug_aranges
                0x000001e0       0x20 contiki-avr-ravenusb.a(etimer.o)
 .debug_aranges
                0x00000200       0x20 contiki-avr-ravenusb.a(sicslowpan.o)
 .debug_aranges
                0x00000220       0x20 contiki-avr-ravenusb.a(fakeuip.o)
 .debug_aranges
                0x00000240       0x20 contiki-avr-ravenusb.a(contiki-raven-d)
 .debug_aranges
                0x00000260       0x20 contiki-avr-ravenusb.a(contiki-raven-d)
 .debug_aranges
                0x00000280       0x20 contiki-avr-ravenusb.a(sicslow_etherne)
 .debug_aranges
                0x000002a0       0x20 contiki-avr-ravenusb.a(uart_usb_lib.o)
 .debug_aranges
                0x000002c0       0x20 contiki-avr-ravenusb.a(usb_descriptors)
 .debug_aranges
                0x000002e0       0x20 contiki-avr-ravenusb.a(usb_drv.o)
 .debug_aranges
                0x00000300       0x20 contiki-avr-ravenusb.a(usb_specific_re)
 .debug_aranges
                0x00000320       0x20 contiki-avr-ravenusb.a(scsi_decoder.o)
 .debug_aranges
                0x00000340       0x20 contiki-avr-ravenusb.a(ctrl_access.o)
 .debug_aranges
                0x00000360       0x38 contiki-avr-ravenusb.a(avr_flash.o)
 .debug_aranges
                0x00000398       0x20 contiki-avr-ravenusb.a(watchdog.o)
 .debug_aranges
                0x000003b8       0x20 contiki-avr-ravenusb.a(mac.o)
 .debug_aranges
                0x000003d8       0x20 contiki-avr-ravenusb.a(ieee-15-4-manag)
 .debug_aranges
                0x000003f8       0x20 contiki-avr-ravenusb.a(packetbuf.o)
 .debug_aranges
                0x00000418       0x20 contiki-avr-ravenusb.a(queuebuf.o)
 .debug_aranges
                0x00000438       0x20 contiki-avr-ravenusb.a(rimeaddr.o)
 .debug_aranges
                0x00000458       0x20 contiki-avr-ravenusb.a(memb.o)
 .debug_aranges
                0x00000478       0x20 /usr/local/CrossPack-AVR-20100115/lib/gcc/avr/4.3.3/avr51/libgcc.a(_lshrdi3.o)
 .debug_aranges
                0x00000498       0x20 /usr/local/CrossPack-AVR-20100115/lib/gcc/avr/4.3.3/avr51/libgcc.a(_gt_sf.o)
 .debug_aranges
                0x000004b8       0x20 /usr/local/CrossPack-AVR-20100115/lib/gcc/avr/4.3.3/avr51/libgcc.a(_lt_sf.o)
 .debug_aranges
                0x000004d8       0x20 /usr/local/CrossPack-AVR-20100115/lib/gcc/avr/4.3.3/avr51/libgcc.a(_usi_to_sf.o)
 .debug_aranges
                0x000004f8       0x20 /usr/local/CrossPack-AVR-20100115/lib/gcc/avr/4.3.3/avr51/libgcc.a(_clzsi2.o)
 .debug_aranges
                0x00000518       0x20 /usr/local/CrossPack-AVR-20100115/lib/gcc/avr/4.3.3/avr51/libgcc.a(_pack_sf.o)
 .debug_aranges
                0x00000538       0x20 /usr/local/CrossPack-AVR-20100115/lib/gcc/avr/4.3.3/avr51/libgcc.a(_unpack_sf.o)
 .debug_aranges
                0x00000558       0x20 /usr/local/CrossPack-AVR-20100115/lib/gcc/avr/4.3.3/avr51/libgcc.a(_fpcmp_parts_sf.o)
 .debug_aranges
                0x00000578       0x38 /usr/local/CrossPack-AVR-20100115/lib/gcc/avr/4.3.3/../../../../avr/lib/avr51/libc.a(rand.o)
 .debug_aranges
                0x000005b0       0x20 /usr/local/CrossPack-AVR-20100115/lib/gcc/avr/4.3.3/../../../../avr/lib/avr51/libc.a(printf_p.o)
 .debug_aranges
                0x000005d0       0x20 /usr/local/CrossPack-AVR-20100115/lib/gcc/avr/4.3.3/../../../../avr/lib/avr51/libc.a(puts.o)
 .debug_aranges
                0x000005f0       0x20 /usr/local/CrossPack-AVR-20100115/lib/gcc/avr/4.3.3/../../../../avr/lib/avr51/libc.a(vfprintf_std.o)
 .debug_aranges
                0x00000610       0x20 /usr/local/CrossPack-AVR-20100115/lib/gcc/avr/4.3.3/../../../../avr/lib/avr51/libc.a(fputc.o)

.debug_pubnames
                0x00000000     0x2376
 *(.debug_pubnames)
 .debug_pubnames
                0x00000000       0x30 symbols.o
 .debug_pubnames
                0x00000030       0x53 contiki-avr-ravenusb.a(contiki-raven-m)
 .debug_pubnames
                0x00000083       0x76 contiki-avr-ravenusb.a(cdc_task.o)
 .debug_pubnames
                0x000000f9       0xac contiki-avr-ravenusb.a(rndis_task.o)
 .debug_pubnames
                0x000001a5      0x16d contiki-avr-ravenusb.a(rndis.o)
 .debug_pubnames
                0x00000312       0x80 contiki-avr-ravenusb.a(usb_standard_re)
 .debug_pubnames
                0x00000392       0x7c contiki-avr-ravenusb.a(usb_task.o)
 .debug_pubnames
                0x0000040e       0x64 contiki-avr-ravenusb.a(storage_task.o)
 .debug_pubnames
                0x00000472       0x93 contiki-avr-ravenusb.a(clock.o)
 .debug_pubnames
                0x00000505      0x437 contiki-avr-ravenusb.a(radio.o)
 .debug_pubnames
                0x0000093c      0x23c contiki-avr-ravenusb.a(hal.o)
 .debug_pubnames
                0x00000b78       0x39 contiki-avr-ravenusb.a(frame.o)
 .debug_pubnames
                0x00000bb1      0x1a2 contiki-avr-ravenusb.a(sicslowmac.o)
 .debug_pubnames
                0x00000d53       0xf7 contiki-avr-ravenusb.a(process.o)
 .debug_pubnames
                0x00000e4a       0x24 contiki-avr-ravenusb.a(procinit.o)
 .debug_pubnames
                0x00000e6e       0x68 contiki-avr-ravenusb.a(timer.o)
 .debug_pubnames
                0x00000ed6      0x109 contiki-avr-ravenusb.a(etimer.o)
 .debug_pubnames
                0x00000fdf       0x49 contiki-avr-ravenusb.a(sicslowpan.o)
 .debug_pubnames
                0x00001028       0xae contiki-avr-ravenusb.a(fakeuip.o)
 .debug_pubnames
                0x000010d6       0x49 contiki-avr-ravenusb.a(contiki-raven-d)
 .debug_pubnames
                0x0000111f       0x1f contiki-avr-ravenusb.a(contiki-raven-d)
 .debug_pubnames
                0x0000113e      0x1e3 contiki-avr-ravenusb.a(sicslow_etherne)
 .debug_pubnames
                0x00001321       0xea contiki-avr-ravenusb.a(uart_usb_lib.o)
 .debug_pubnames
                0x0000140b      0x1cf contiki-avr-ravenusb.a(usb_descriptors)
 .debug_pubnames
                0x000015da       0x97 contiki-avr-ravenusb.a(usb_drv.o)
 .debug_pubnames
                0x00001671       0xc8 contiki-avr-ravenusb.a(usb_specific_re)
 .debug_pubnames
                0x00001739      0x21c contiki-avr-ravenusb.a(scsi_decoder.o)
 .debug_pubnames
                0x00001955       0xb2 contiki-avr-ravenusb.a(ctrl_access.o)
 .debug_pubnames
                0x00001a07      0x219 contiki-avr-ravenusb.a(avr_flash.o)
 .debug_pubnames
                0x00001c20       0x73 contiki-avr-ravenusb.a(watchdog.o)
 .debug_pubnames
                0x00001c93      0x111 contiki-avr-ravenusb.a(mac.o)
 .debug_pubnames
                0x00001da4       0x25 contiki-avr-ravenusb.a(ieee-15-4-manag)
 .debug_pubnames
                0x00001dc9      0x267 contiki-avr-ravenusb.a(packetbuf.o)
 .debug_pubnames
                0x00002030       0x9a contiki-avr-ravenusb.a(queuebuf.o)
 .debug_pubnames
                0x000020ca       0x79 contiki-avr-ravenusb.a(rimeaddr.o)
 .debug_pubnames
                0x00002143       0x4d contiki-avr-ravenusb.a(memb.o)
 .debug_pubnames
                0x00002190       0x20 /usr/local/CrossPack-AVR-20100115/lib/gcc/avr/4.3.3/avr51/libgcc.a(_lshrdi3.o)
 .debug_pubnames
                0x000021b0       0x1e /usr/local/CrossPack-AVR-20100115/lib/gcc/avr/4.3.3/avr51/libgcc.a(_gt_sf.o)
 .debug_pubnames
                0x000021ce       0x1e /usr/local/CrossPack-AVR-20100115/lib/gcc/avr/4.3.3/avr51/libgcc.a(_lt_sf.o)
 .debug_pubnames
                0x000021ec       0x24 /usr/local/CrossPack-AVR-20100115/lib/gcc/avr/4.3.3/avr51/libgcc.a(_usi_to_sf.o)
 .debug_pubnames
                0x00002210       0x1f /usr/local/CrossPack-AVR-20100115/lib/gcc/avr/4.3.3/avr51/libgcc.a(_clzsi2.o)
 .debug_pubnames
                0x0000222f       0x1f /usr/local/CrossPack-AVR-20100115/lib/gcc/avr/4.3.3/avr51/libgcc.a(_pack_sf.o)
 .debug_pubnames
                0x0000224e       0x21 /usr/local/CrossPack-AVR-20100115/lib/gcc/avr/4.3.3/avr51/libgcc.a(_unpack_sf.o)
 .debug_pubnames
                0x0000226f       0x26 /usr/local/CrossPack-AVR-20100115/lib/gcc/avr/4.3.3/avr51/libgcc.a(_fpcmp_parts_sf.o)
 .debug_pubnames
                0x00002295       0x20 /usr/local/CrossPack-AVR-20100115/lib/gcc/avr/4.3.3/avr51/libgcc.a(_clz.o)
 .debug_pubnames
                0x000022b5       0x30 /usr/local/CrossPack-AVR-20100115/lib/gcc/avr/4.3.3/../../../../avr/lib/avr51/libc.a(rand.o)
 .debug_pubnames
                0x000022e5       0x1c /usr/local/CrossPack-AVR-20100115/lib/gcc/avr/4.3.3/../../../../avr/lib/avr51/libc.a(iob.o)
 .debug_pubnames
                0x00002301       0x1f /usr/local/CrossPack-AVR-20100115/lib/gcc/avr/4.3.3/../../../../avr/lib/avr51/libc.a(printf_p.o)
 .debug_pubnames
                0x00002320       0x1b /usr/local/CrossPack-AVR-20100115/lib/gcc/avr/4.3.3/../../../../avr/lib/avr51/libc.a(puts.o)
 .debug_pubnames
                0x0000233b       0x1f /usr/local/CrossPack-AVR-20100115/lib/gcc/avr/4.3.3/../../../../avr/lib/avr51/libc.a(vfprintf_std.o)
 .debug_pubnames
                0x0000235a       0x1c /usr/local/CrossPack-AVR-20100115/lib/gcc/avr/4.3.3/../../../../avr/lib/avr51/libc.a(fputc.o)

.debug_info     0x00000000     0xe30a
 *(.debug_info)
 .debug_info    0x00000000       0x75 ravenusbstick.co
 .debug_info    0x00000075       0xab symbols.o
 .debug_info    0x00000120      0x316 contiki-avr-ravenusb.a(contiki-raven-m)
 .debug_info    0x00000436      0x9e4 contiki-avr-ravenusb.a(cdc_task.o)
 .debug_info    0x00000e1a      0x7a8 contiki-avr-ravenusb.a(rndis_task.o)
 .debug_info    0x000015c2      0xa1e contiki-avr-ravenusb.a(rndis.o)
 .debug_info    0x00001fe0      0x43e contiki-avr-ravenusb.a(usb_standard_re)
 .debug_info    0x0000241e      0x292 contiki-avr-ravenusb.a(usb_task.o)
 .debug_info    0x000026b0      0x38d contiki-avr-ravenusb.a(storage_task.o)
 .debug_info    0x00002a3d      0x23a contiki-avr-ravenusb.a(clock.o)
 .debug_info    0x00002c77     0x1271 contiki-avr-ravenusb.a(radio.o)
 .debug_info    0x00003ee8      0x7f2 contiki-avr-ravenusb.a(hal.o)
 .debug_info    0x000046da      0x711 contiki-avr-ravenusb.a(frame.o)
 .debug_info    0x00004deb     0x1000 contiki-avr-ravenusb.a(sicslowmac.o)
 .debug_info    0x00005deb      0x51b contiki-avr-ravenusb.a(process.o)
 .debug_info    0x00006306      0x18f contiki-avr-ravenusb.a(procinit.o)
 .debug_info    0x00006495      0x170 contiki-avr-ravenusb.a(timer.o)
 .debug_info    0x00006605      0x4ed contiki-avr-ravenusb.a(etimer.o)
 .debug_info    0x00006af2      0x8b4 contiki-avr-ravenusb.a(sicslowpan.o)
 .debug_info    0x000073a6      0x681 contiki-avr-ravenusb.a(fakeuip.o)
 .debug_info    0x00007a27      0x1ce contiki-avr-ravenusb.a(contiki-raven-d)
 .debug_info    0x00007bf5      0x262 contiki-avr-ravenusb.a(contiki-raven-d)
 .debug_info    0x00007e57      0xe75 contiki-avr-ravenusb.a(sicslow_etherne)
 .debug_info    0x00008ccc      0x351 contiki-avr-ravenusb.a(uart_usb_lib.o)
 .debug_info    0x0000901d      0x8cd contiki-avr-ravenusb.a(usb_descriptors)
 .debug_info    0x000098ea      0x202 contiki-avr-ravenusb.a(usb_drv.o)
 .debug_info    0x00009aec      0x3e4 contiki-avr-ravenusb.a(usb_specific_re)
 .debug_info    0x00009ed0      0x817 contiki-avr-ravenusb.a(scsi_decoder.o)
 .debug_info    0x0000a6e7      0x2b7 contiki-avr-ravenusb.a(ctrl_access.o)
 .debug_info    0x0000a99e      0x5cf contiki-avr-ravenusb.a(avr_flash.o)
 .debug_info    0x0000af6d       0x8a contiki-avr-ravenusb.a(watchdog.o)
 .debug_info    0x0000aff7      0x3b2 contiki-avr-ravenusb.a(mac.o)
 .debug_info    0x0000b3a9      0x5ae contiki-avr-ravenusb.a(ieee-15-4-manag)
 .debug_info    0x0000b957      0x692 contiki-avr-ravenusb.a(packetbuf.o)
 .debug_info    0x0000bfe9      0x3bd contiki-avr-ravenusb.a(queuebuf.o)
 .debug_info    0x0000c3a6      0x1bf contiki-avr-ravenusb.a(rimeaddr.o)
 .debug_info    0x0000c565      0x1af contiki-avr-ravenusb.a(memb.o)
 .debug_info    0x0000c714      0x17f /usr/local/CrossPack-AVR-20100115/lib/gcc/avr/4.3.3/avr51/libgcc.a(_lshrdi3.o)
 .debug_info    0x0000c893      0x27f /usr/local/CrossPack-AVR-20100115/lib/gcc/avr/4.3.3/avr51/libgcc.a(_gt_sf.o)
 .debug_info    0x0000cb12      0x27f /usr/local/CrossPack-AVR-20100115/lib/gcc/avr/4.3.3/avr51/libgcc.a(_lt_sf.o)
 .debug_info    0x0000cd91      0x206 /usr/local/CrossPack-AVR-20100115/lib/gcc/avr/4.3.3/avr51/libgcc.a(_usi_to_sf.o)
 .debug_info    0x0000cf97      0x117 /usr/local/CrossPack-AVR-20100115/lib/gcc/avr/4.3.3/avr51/libgcc.a(_clzsi2.o)
 .debug_info    0x0000d0ae      0x2df /usr/local/CrossPack-AVR-20100115/lib/gcc/avr/4.3.3/avr51/libgcc.a(_pack_sf.o)
 .debug_info    0x0000d38d      0x251 /usr/local/CrossPack-AVR-20100115/lib/gcc/avr/4.3.3/avr51/libgcc.a(_unpack_sf.o)
 .debug_info    0x0000d5de      0x210 /usr/local/CrossPack-AVR-20100115/lib/gcc/avr/4.3.3/avr51/libgcc.a(_fpcmp_parts_sf.o)
 .debug_info    0x0000d7ee       0xa9 /usr/local/CrossPack-AVR-20100115/lib/gcc/avr/4.3.3/avr51/libgcc.a(_clz.o)
 .debug_info    0x0000d897      0x115 /usr/local/CrossPack-AVR-20100115/lib/gcc/avr/4.3.3/../../../../avr/lib/avr51/libc.a(rand.o)
 .debug_info    0x0000d9ac      0x156 /usr/local/CrossPack-AVR-20100115/lib/gcc/avr/4.3.3/../../../../avr/lib/avr51/libc.a(iob.o)
 .debug_info    0x0000db02      0x1b4 /usr/local/CrossPack-AVR-20100115/lib/gcc/avr/4.3.3/../../../../avr/lib/avr51/libc.a(printf_p.o)
 .debug_info    0x0000dcb6      0x1a0 /usr/local/CrossPack-AVR-20100115/lib/gcc/avr/4.3.3/../../../../avr/lib/avr51/libc.a(puts.o)
 .debug_info    0x0000de56      0x34a /usr/local/CrossPack-AVR-20100115/lib/gcc/avr/4.3.3/../../../../avr/lib/avr51/libc.a(vfprintf_std.o)
 .debug_info    0x0000e1a0      0x16a /usr/local/CrossPack-AVR-20100115/lib/gcc/avr/4.3.3/../../../../avr/lib/avr51/libc.a(fputc.o)
 *(.gnu.linkonce.wi.*)

.debug_abbrev   0x00000000     0x4ff3
 *(.debug_abbrev)
 .debug_abbrev  0x00000000       0x33 ravenusbstick.co
 .debug_abbrev  0x00000033       0x8b symbols.o
 .debug_abbrev  0x000000be      0x135 contiki-avr-ravenusb.a(contiki-raven-m)
 .debug_abbrev  0x000001f3      0x2d8 contiki-avr-ravenusb.a(cdc_task.o)
 .debug_abbrev  0x000004cb      0x2bf contiki-avr-ravenusb.a(rndis_task.o)
 .debug_abbrev  0x0000078a      0x25f contiki-avr-ravenusb.a(rndis.o)
 .debug_abbrev  0x000009e9      0x18d contiki-avr-ravenusb.a(usb_standard_re)
 .debug_abbrev  0x00000b76      0x18e contiki-avr-ravenusb.a(usb_task.o)
 .debug_abbrev  0x00000d04      0x1e3 contiki-avr-ravenusb.a(storage_task.o)
 .debug_abbrev  0x00000ee7      0x152 contiki-avr-ravenusb.a(clock.o)
 .debug_abbrev  0x00001039      0x377 contiki-avr-ravenusb.a(radio.o)
 .debug_abbrev  0x000013b0      0x21d contiki-avr-ravenusb.a(hal.o)
 .debug_abbrev  0x000015cd      0x241 contiki-avr-ravenusb.a(frame.o)
 .debug_abbrev  0x0000180e      0x434 contiki-avr-ravenusb.a(sicslowmac.o)
 .debug_abbrev  0x00001c42      0x2b6 contiki-avr-ravenusb.a(process.o)
 .debug_abbrev  0x00001ef8       0xf7 contiki-avr-ravenusb.a(procinit.o)
 .debug_abbrev  0x00001fef       0xc1 contiki-avr-ravenusb.a(timer.o)
 .debug_abbrev  0x000020b0      0x215 contiki-avr-ravenusb.a(etimer.o)
 .debug_abbrev  0x000022c5      0x2c5 contiki-avr-ravenusb.a(sicslowpan.o)
 .debug_abbrev  0x0000258a      0x233 contiki-avr-ravenusb.a(fakeuip.o)
 .debug_abbrev  0x000027bd       0xf5 contiki-avr-ravenusb.a(contiki-raven-d)
 .debug_abbrev  0x000028b2       0xa6 contiki-avr-ravenusb.a(contiki-raven-d)
 .debug_abbrev  0x00002958      0x31f contiki-avr-ravenusb.a(sicslow_etherne)
 .debug_abbrev  0x00002c77      0x1b8 contiki-avr-ravenusb.a(uart_usb_lib.o)
 .debug_abbrev  0x00002e2f      0x11b contiki-avr-ravenusb.a(usb_descriptors)
 .debug_abbrev  0x00002f4a       0xdb contiki-avr-ravenusb.a(usb_drv.o)
 .debug_abbrev  0x00003025      0x183 contiki-avr-ravenusb.a(usb_specific_re)
 .debug_abbrev  0x000031a8      0x264 contiki-avr-ravenusb.a(scsi_decoder.o)
 .debug_abbrev  0x0000340c      0x119 contiki-avr-ravenusb.a(ctrl_access.o)
 .debug_abbrev  0x00003525      0x23b contiki-avr-ravenusb.a(avr_flash.o)
 .debug_abbrev  0x00003760       0x29 contiki-avr-ravenusb.a(watchdog.o)
 .debug_abbrev  0x00003789       0xe1 contiki-avr-ravenusb.a(mac.o)
 .debug_abbrev  0x0000386a       0xf0 contiki-avr-ravenusb.a(ieee-15-4-manag)
 .debug_abbrev  0x0000395a      0x251 contiki-avr-ravenusb.a(packetbuf.o)
 .debug_abbrev  0x00003bab      0x171 contiki-avr-ravenusb.a(queuebuf.o)
 .debug_abbrev  0x00003d1c      0x164 contiki-avr-ravenusb.a(rimeaddr.o)
 .debug_abbrev  0x00003e80       0xe0 contiki-avr-ravenusb.a(memb.o)
 .debug_abbrev  0x00003f60       0xee /usr/local/CrossPack-AVR-20100115/lib/gcc/avr/4.3.3/avr51/libgcc.a(_lshrdi3.o)
 .debug_abbrev  0x0000404e      0x15a /usr/local/CrossPack-AVR-20100115/lib/gcc/avr/4.3.3/avr51/libgcc.a(_gt_sf.o)
 .debug_abbrev  0x000041a8      0x15a /usr/local/CrossPack-AVR-20100115/lib/gcc/avr/4.3.3/avr51/libgcc.a(_lt_sf.o)
 .debug_abbrev  0x00004302      0x157 /usr/local/CrossPack-AVR-20100115/lib/gcc/avr/4.3.3/avr51/libgcc.a(_usi_to_sf.o)
 .debug_abbrev  0x00004459       0xc4 /usr/local/CrossPack-AVR-20100115/lib/gcc/avr/4.3.3/avr51/libgcc.a(_clzsi2.o)
 .debug_abbrev  0x0000451d      0x1c0 /usr/local/CrossPack-AVR-20100115/lib/gcc/avr/4.3.3/avr51/libgcc.a(_pack_sf.o)
 .debug_abbrev  0x000046dd      0x154 /usr/local/CrossPack-AVR-20100115/lib/gcc/avr/4.3.3/avr51/libgcc.a(_unpack_sf.o)
 .debug_abbrev  0x00004831      0x13b /usr/local/CrossPack-AVR-20100115/lib/gcc/avr/4.3.3/avr51/libgcc.a(_fpcmp_parts_sf.o)
 .debug_abbrev  0x0000496c       0x6a /usr/local/CrossPack-AVR-20100115/lib/gcc/avr/4.3.3/avr51/libgcc.a(_clz.o)
 .debug_abbrev  0x000049d6       0xdc /usr/local/CrossPack-AVR-20100115/lib/gcc/avr/4.3.3/../../../../avr/lib/avr51/libc.a(rand.o)
 .debug_abbrev  0x00004ab2       0xd0 /usr/local/CrossPack-AVR-20100115/lib/gcc/avr/4.3.3/../../../../avr/lib/avr51/libc.a(iob.o)
 .debug_abbrev  0x00004b82      0x10f /usr/local/CrossPack-AVR-20100115/lib/gcc/avr/4.3.3/../../../../avr/lib/avr51/libc.a(printf_p.o)
 .debug_abbrev  0x00004c91      0x103 /usr/local/CrossPack-AVR-20100115/lib/gcc/avr/4.3.3/../../../../avr/lib/avr51/libc.a(puts.o)
 .debug_abbrev  0x00004d94      0x184 /usr/local/CrossPack-AVR-20100115/lib/gcc/avr/4.3.3/../../../../avr/lib/avr51/libc.a(vfprintf_std.o)
 .debug_abbrev  0x00004f18       0xdb /usr/local/CrossPack-AVR-20100115/lib/gcc/avr/4.3.3/../../../../avr/lib/avr51/libc.a(fputc.o)

.debug_line     0x00000000     0xa059
 *(.debug_line)
 .debug_line    0x00000000       0x3e ravenusbstick.co
 .debug_line    0x0000003e       0x6a symbols.o
 .debug_line    0x000000a8      0x2c1 contiki-avr-ravenusb.a(contiki-raven-m)
 .debug_line    0x00000369      0x5ce contiki-avr-ravenusb.a(cdc_task.o)
 .debug_line    0x00000937      0x736 contiki-avr-ravenusb.a(rndis_task.o)
 .debug_line    0x0000106d      0x72f contiki-avr-ravenusb.a(rndis.o)
 .debug_line    0x0000179c      0x4f0 contiki-avr-ravenusb.a(usb_standard_re)
 .debug_line    0x00001c8c      0x421 contiki-avr-ravenusb.a(usb_task.o)
 .debug_line    0x000020ad      0x41b contiki-avr-ravenusb.a(storage_task.o)
 .debug_line    0x000024c8      0x1b6 contiki-avr-ravenusb.a(clock.o)
 .debug_line    0x0000267e      0xd12 contiki-avr-ravenusb.a(radio.o)
 .debug_line    0x00003390      0x84c contiki-avr-ravenusb.a(hal.o)
 .debug_line    0x00003bdc      0x40a contiki-avr-ravenusb.a(frame.o)
 .debug_line    0x00003fe6      0x750 contiki-avr-ravenusb.a(sicslowmac.o)
 .debug_line    0x00004736      0x3b1 contiki-avr-ravenusb.a(process.o)
 .debug_line    0x00004ae7       0xa7 contiki-avr-ravenusb.a(procinit.o)
 .debug_line    0x00004b8e      0x117 contiki-avr-ravenusb.a(timer.o)
 .debug_line    0x00004ca5      0x386 contiki-avr-ravenusb.a(etimer.o)
 .debug_line    0x0000502b      0xa48 contiki-avr-ravenusb.a(sicslowpan.o)
 .debug_line    0x00005a73      0x1c9 contiki-avr-ravenusb.a(fakeuip.o)
 .debug_line    0x00005c3c      0x1d8 contiki-avr-ravenusb.a(contiki-raven-d)
 .debug_line    0x00005e14      0x162 contiki-avr-ravenusb.a(contiki-raven-d)
 .debug_line    0x00005f76      0x7d1 contiki-avr-ravenusb.a(sicslow_etherne)
 .debug_line    0x00006747      0x295 contiki-avr-ravenusb.a(uart_usb_lib.o)
 .debug_line    0x000069dc      0x195 contiki-avr-ravenusb.a(usb_descriptors)
 .debug_line    0x00006b71      0x197 contiki-avr-ravenusb.a(usb_drv.o)
 .debug_line    0x00006d08      0x45b contiki-avr-ravenusb.a(usb_specific_re)
 .debug_line    0x00007163      0x94d contiki-avr-ravenusb.a(scsi_decoder.o)
 .debug_line    0x00007ab0      0x1c4 contiki-avr-ravenusb.a(ctrl_access.o)
 .debug_line    0x00007c74      0x3d1 contiki-avr-ravenusb.a(avr_flash.o)
 .debug_line    0x00008045       0xac contiki-avr-ravenusb.a(watchdog.o)
 .debug_line    0x000080f1      0x1c5 contiki-avr-ravenusb.a(mac.o)
 .debug_line    0x000082b6      0x3fe contiki-avr-ravenusb.a(ieee-15-4-manag)
 .debug_line    0x000086b4      0x3d9 contiki-avr-ravenusb.a(packetbuf.o)
 .debug_line    0x00008a8d      0x24f contiki-avr-ravenusb.a(queuebuf.o)
 .debug_line    0x00008cdc      0x116 contiki-avr-ravenusb.a(rimeaddr.o)
 .debug_line    0x00008df2      0x125 contiki-avr-ravenusb.a(memb.o)
 .debug_line    0x00008f17       0xcd /usr/local/CrossPack-AVR-20100115/lib/gcc/avr/4.3.3/avr51/libgcc.a(_lshrdi3.o)
 .debug_line    0x00008fe4       0xc9 /usr/local/CrossPack-AVR-20100115/lib/gcc/avr/4.3.3/avr51/libgcc.a(_gt_sf.o)
 .debug_line    0x000090ad       0xc9 /usr/local/CrossPack-AVR-20100115/lib/gcc/avr/4.3.3/avr51/libgcc.a(_lt_sf.o)
 .debug_line    0x00009176      0x129 /usr/local/CrossPack-AVR-20100115/lib/gcc/avr/4.3.3/avr51/libgcc.a(_usi_to_sf.o)
 .debug_line    0x0000929f       0x9b /usr/local/CrossPack-AVR-20100115/lib/gcc/avr/4.3.3/avr51/libgcc.a(_clzsi2.o)
 .debug_line    0x0000933a      0x180 /usr/local/CrossPack-AVR-20100115/lib/gcc/avr/4.3.3/avr51/libgcc.a(_pack_sf.o)
 .debug_line    0x000094ba      0x141 /usr/local/CrossPack-AVR-20100115/lib/gcc/avr/4.3.3/avr51/libgcc.a(_unpack_sf.o)
 .debug_line    0x000095fb      0x12d /usr/local/CrossPack-AVR-20100115/lib/gcc/avr/4.3.3/avr51/libgcc.a(_fpcmp_parts_sf.o)
 .debug_line    0x00009728       0x72 /usr/local/CrossPack-AVR-20100115/lib/gcc/avr/4.3.3/avr51/libgcc.a(_clz.o)
 .debug_line    0x0000979a      0x10d /usr/local/CrossPack-AVR-20100115/lib/gcc/avr/4.3.3/../../../../avr/lib/avr51/libc.a(rand.o)
 .debug_line    0x000098a7       0x83 /usr/local/CrossPack-AVR-20100115/lib/gcc/avr/4.3.3/../../../../avr/lib/avr51/libc.a(iob.o)
 .debug_line    0x0000992a      0x118 /usr/local/CrossPack-AVR-20100115/lib/gcc/avr/4.3.3/../../../../avr/lib/avr51/libc.a(printf_p.o)
 .debug_line    0x00009a42       0xbe /usr/local/CrossPack-AVR-20100115/lib/gcc/avr/4.3.3/../../../../avr/lib/avr51/libc.a(puts.o)
 .debug_line    0x00009b00      0x482 /usr/local/CrossPack-AVR-20100115/lib/gcc/avr/4.3.3/../../../../avr/lib/avr51/libc.a(vfprintf_std.o)
 .debug_line    0x00009f82       0xd7 /usr/local/CrossPack-AVR-20100115/lib/gcc/avr/4.3.3/../../../../avr/lib/avr51/libc.a(fputc.o)

.debug_frame    0x00000000     0x1770
 *(.debug_frame)
 .debug_frame   0x00000000       0x20 contiki-avr-ravenusb.a(contiki-raven-m)
 .debug_frame   0x00000020       0x50 contiki-avr-ravenusb.a(cdc_task.o)
 .debug_frame   0x00000070       0x70 contiki-avr-ravenusb.a(rndis_task.o)
 .debug_frame   0x000000e0       0x80 contiki-avr-ravenusb.a(rndis.o)
 .debug_frame   0x00000160       0x20 contiki-avr-ravenusb.a(usb_standard_re)
 .debug_frame   0x00000180       0x50 contiki-avr-ravenusb.a(usb_task.o)
 .debug_frame   0x000001d0       0x40 contiki-avr-ravenusb.a(storage_task.o)
 .debug_frame   0x00000210       0x80 contiki-avr-ravenusb.a(clock.o)
 .debug_frame   0x00000290      0x2b0 contiki-avr-ravenusb.a(radio.o)
 .debug_frame   0x00000540      0x170 contiki-avr-ravenusb.a(hal.o)
 .debug_frame   0x000006b0       0x30 contiki-avr-ravenusb.a(frame.o)
 .debug_frame   0x000006e0      0x120 contiki-avr-ravenusb.a(sicslowmac.o)
 .debug_frame   0x00000800       0xe0 contiki-avr-ravenusb.a(process.o)
 .debug_frame   0x000008e0       0x20 contiki-avr-ravenusb.a(procinit.o)
 .debug_frame   0x00000900       0x60 contiki-avr-ravenusb.a(timer.o)
 .debug_frame   0x00000960       0xf0 contiki-avr-ravenusb.a(etimer.o)
 .debug_frame   0x00000a50       0x60 contiki-avr-ravenusb.a(sicslowpan.o)
 .debug_frame   0x00000ab0       0x70 contiki-avr-ravenusb.a(fakeuip.o)
 .debug_frame   0x00000b20       0x30 contiki-avr-ravenusb.a(contiki-raven-d)
 .debug_frame   0x00000b50       0x20 contiki-avr-ravenusb.a(contiki-raven-d)
 .debug_frame   0x00000b70      0x100 contiki-avr-ravenusb.a(sicslow_etherne)
 .debug_frame   0x00000c70       0x90 contiki-avr-ravenusb.a(uart_usb_lib.o)
 .debug_frame   0x00000d00       0x50 contiki-avr-ravenusb.a(usb_descriptors)
 .debug_frame   0x00000d50       0x70 contiki-avr-ravenusb.a(usb_drv.o)
 .debug_frame   0x00000dc0       0x70 contiki-avr-ravenusb.a(usb_specific_re)
 .debug_frame   0x00000e30      0x120 contiki-avr-ravenusb.a(scsi_decoder.o)
 .debug_frame   0x00000f50       0x90 contiki-avr-ravenusb.a(ctrl_access.o)
 .debug_frame   0x00000fe0      0x130 contiki-avr-ravenusb.a(avr_flash.o)
 .debug_frame   0x00001110       0x60 contiki-avr-ravenusb.a(watchdog.o)
 .debug_frame   0x00001170       0x20 contiki-avr-ravenusb.a(mac.o)
 .debug_frame   0x00001190      0x180 contiki-avr-ravenusb.a(ieee-15-4-manag)
 .debug_frame   0x00001310      0x190 contiki-avr-ravenusb.a(packetbuf.o)
 .debug_frame   0x000014a0       0x70 contiki-avr-ravenusb.a(queuebuf.o)
 .debug_frame   0x00001510       0x40 contiki-avr-ravenusb.a(rimeaddr.o)
 .debug_frame   0x00001550       0x50 contiki-avr-ravenusb.a(memb.o)
 .debug_frame   0x000015a0       0x20 /usr/local/CrossPack-AVR-20100115/lib/gcc/avr/4.3.3/avr51/libgcc.a(_lshrdi3.o)
 .debug_frame   0x000015c0       0x20 /usr/local/CrossPack-AVR-20100115/lib/gcc/avr/4.3.3/avr51/libgcc.a(_gt_sf.o)
 .debug_frame   0x000015e0       0x20 /usr/local/CrossPack-AVR-20100115/lib/gcc/avr/4.3.3/avr51/libgcc.a(_lt_sf.o)
 .debug_frame   0x00001600       0x20 /usr/local/CrossPack-AVR-20100115/lib/gcc/avr/4.3.3/avr51/libgcc.a(_usi_to_sf.o)
 .debug_frame   0x00001620       0x20 /usr/local/CrossPack-AVR-20100115/lib/gcc/avr/4.3.3/avr51/libgcc.a(_clzsi2.o)
 .debug_frame   0x00001640       0x20 /usr/local/CrossPack-AVR-20100115/lib/gcc/avr/4.3.3/avr51/libgcc.a(_pack_sf.o)
 .debug_frame   0x00001660       0x20 /usr/local/CrossPack-AVR-20100115/lib/gcc/avr/4.3.3/avr51/libgcc.a(_unpack_sf.o)
 .debug_frame   0x00001680       0x20 /usr/local/CrossPack-AVR-20100115/lib/gcc/avr/4.3.3/avr51/libgcc.a(_fpcmp_parts_sf.o)
 .debug_frame   0x000016a0       0x50 /usr/local/CrossPack-AVR-20100115/lib/gcc/avr/4.3.3/../../../../avr/lib/avr51/libc.a(rand.o)
 .debug_frame   0x000016f0       0x20 /usr/local/CrossPack-AVR-20100115/lib/gcc/avr/4.3.3/../../../../avr/lib/avr51/libc.a(printf_p.o)
 .debug_frame   0x00001710       0x20 /usr/local/CrossPack-AVR-20100115/lib/gcc/avr/4.3.3/../../../../avr/lib/avr51/libc.a(puts.o)
 .debug_frame   0x00001730       0x20 /usr/local/CrossPack-AVR-20100115/lib/gcc/avr/4.3.3/../../../../avr/lib/avr51/libc.a(vfprintf_std.o)
 .debug_frame   0x00001750       0x20 /usr/local/CrossPack-AVR-20100115/lib/gcc/avr/4.3.3/../../../../avr/lib/avr51/libc.a(fputc.o)

.debug_str      0x00000000     0x464b
 *(.debug_str)
 .debug_str     0x00000000       0x98 ravenusbstick.co
                                 0xd1 (size before relaxing)
 .debug_str     0x00000098       0x20 symbols.o
                                 0x72 (size before relaxing)
 .debug_str     0x000000b8       0xd7 contiki-avr-ravenusb.a(contiki-raven-m)
                                0x202 (size before relaxing)
 .debug_str     0x0000018f      0x264 contiki-avr-ravenusb.a(cdc_task.o)
                                0x3c4 (size before relaxing)
 .debug_str     0x000003f3      0x2b1 contiki-avr-ravenusb.a(rndis_task.o)
                                0x545 (size before relaxing)
 .debug_str     0x000006a4      0x572 contiki-avr-ravenusb.a(rndis.o)
                                0x78f (size before relaxing)
 .debug_str     0x00000c16      0x1a8 contiki-avr-ravenusb.a(usb_standard_re)
                                0x2df (size before relaxing)
 .debug_str     0x00000dbe       0x82 contiki-avr-ravenusb.a(usb_task.o)
                                0x21d (size before relaxing)
 .debug_str     0x00000e40       0xe7 contiki-avr-ravenusb.a(storage_task.o)
                                0x2bc (size before relaxing)
 .debug_str     0x00000f27       0x7a contiki-avr-ravenusb.a(clock.o)
                                0x15c (size before relaxing)